01-19 13:57:22.797  2944  2944 W         : debuggerd: resuming target 14907
01-19 13:57:22.798  8974  9088 I BootReceiver: Copying /data/tombstones/tombstone_09 to DropBox (SYSTEM_TOMBSTONE)
01-19 13:57:26.843 14913 14913 I chatty  : uid=1021(gps) /system/bin/lhd expire 4 lines
01-19 13:57:26.854  2944  2944 W         : debuggerd: handling request: pid=14913 uid=1021 gid=1000 tid=14913
01-19 13:57:27.005  8974  9234 W NativeCrashListener: Couldn't find ProcessRecord for pid 14913
01-19 13:57:27.006  2944  2944 W         : debuggerd: resuming target 14913
01-19 13:57:27.008  8974  9088 I BootReceiver: Copying /data/tombstones/tombstone_04 to DropBox (SYSTEM_TOMBSTONE)
01-19 13:57:32.063 14919 14919 I chatty  : uid=1021(gps) /system/bin/lhd expire 4 lines
01-19 13:57:32.069  2944  2944 W         : debuggerd: handling request: pid=14919 uid=1021 gid=1000 tid=14919
01-19 13:57:32.219  8974  9234 W NativeCrashListener: Couldn't find ProcessRecord for pid 14919
01-19 13:57:32.221  2944  2944 W         : debuggerd: resuming target 14919
01-19 13:57:32.222  8974  9088 I BootReceiver: Copying /data/tombstones/tombstone_05 to DropBox (SYSTEM_TOMBSTONE)
01-19 13:57:37.273 14925 14925 I chatty  : uid=1021(gps) /system/bin/lhd expire 4 lines
01-19 13:57:37.282  2944  2944 W         : debuggerd: handling request: pid=14925 uid=1021 gid=1000 tid=14925
01-19 13:57:37.435  8974  9234 W NativeCrashListener: Couldn't find ProcessRecord for pid 14925
01-19 13:57:37.436  2944  2944 W         : debuggerd: resuming target 14925
01-19 13:57:37.437  8974  9088 I BootReceiver: Copying /data/tombstones/tombstone_02 to DropBox (SYSTEM_TOMBSTONE)
01-19 13:57:42.233 14938 14938 I chatty  : uid=1021(gps) /system/bin/lhd expire 4 lines
01-19 13:57:42.241  2944  2944 W         : debuggerd: handling request: pid=14938 uid=1021 gid=1000 tid=14938
01-19 13:57:42.393  8974  9234 W NativeCrashListener: Couldn't find ProcessRecord for pid 14938
01-19 13:57:42.395  2944  2944 W         : debuggerd: resuming target 14938
01-19 13:57:42.396  8974  9088 I BootReceiver: Copying /data/tombstones/tombstone_00 to DropBox (SYSTEM_TOMBSTONE)
01-19 13:57:47.443 14944 14944 I chatty  : uid=1021(gps) /system/bin/lhd expire 4 lines
01-19 13:57:47.454  2944  2944 W         : debuggerd: handling request: pid=14944 uid=1021 gid=1000 tid=14944
01-19 13:57:47.611  8974  9234 W NativeCrashListener: Couldn't find ProcessRecord for pid 14944
01-19 13:57:47.613  2944  2944 W         : debuggerd: resuming target 14944
01-19 13:57:47.614  8974  9088 I BootReceiver: Copying /data/tombstones/tombstone_01 to DropBox (SYSTEM_TOMBSTONE)
01-19 13:57:52.663 14951 14951 I chatty  : uid=1021(gps) /system/bin/lhd expire 4 lines
01-19 13:57:52.673  2944  2944 W         : debuggerd: handling request: pid=14951 uid=1021 gid=1000 tid=14951
01-19 13:57:52.821  8974  9234 W NativeCrashListener: Couldn't find ProcessRecord for pid 14951
01-19 13:57:52.823  2944  2944 W         : debuggerd: resuming target 14951
01-19 13:57:52.824  8974  9088 I BootReceiver: Copying /data/tombstones/tombstone_06 to DropBox (SYSTEM_TOMBSTONE)
01-19 13:57:56.873 14957 14957 I chatty  : uid=1021(gps) /system/bin/lhd expire 4 lines
01-19 13:57:56.882  2944  2944 W         : debuggerd: handling request: pid=14957 uid=1021 gid=1000 tid=14957
01-19 13:57:57.028  8974  9234 W NativeCrashListener: Couldn't find ProcessRecord for pid 14957
01-19 13:57:57.030  2944  2944 W         : debuggerd: resuming target 14957
01-19 13:57:57.031  8974  9088 I BootReceiver: Copying /data/tombstones/tombstone_07 to DropBox (SYSTEM_TOMBSTONE)
01-19 13:58:02.083 14963 14963 I chatty  : uid=1021(gps) /system/bin/lhd expire 4 lines
01-19 13:58:02.091  2944  2944 W         : debuggerd: handling request: pid=14963 uid=1021 gid=1000 tid=14963
01-19 13:58:02.245  8974  9234 W NativeCrashListener: Couldn't find ProcessRecord for pid 14963
01-19 13:58:02.247  2944  2944 W         : debuggerd: resuming target 14963
01-19 13:58:02.248  8974  9088 I BootReceiver: Copying /data/tombstones/tombstone_08 to DropBox (SYSTEM_TOMBSTONE)
01-19 13:58:07.303 14969 14969 I chatty  : uid=1021(gps) /system/bin/lhd expire 4 lines
01-19 13:58:07.310  2944  2944 W         : debuggerd: handling request: pid=14969 uid=1021 gid=1000 tid=14969
01-19 13:58:07.459  8974  9234 W NativeCrashListener: Couldn't find ProcessRecord for pid 14969
01-19 13:58:07.461  2944  2944 W         : debuggerd: resuming target 14969
01-19 13:58:07.462  8974  9088 I BootReceiver: Copying /data/tombstones/tombstone_03 to DropBox (SYSTEM_TOMBSTONE)
01-19 13:58:12.513 14975 14975 I chatty  : uid=1021(gps) /system/bin/lhd expire 4 lines
01-19 13:58:12.522  2944  2944 W         : debuggerd: handling request: pid=14975 uid=1021 gid=1000 tid=14975
01-19 13:58:12.675  8974  9234 W NativeCrashListener: Couldn't find ProcessRecord for pid 14975
01-19 13:58:12.676  2944  2944 W         : debuggerd: resuming target 14975
01-19 13:58:12.677  8974  9088 I BootReceiver: Copying /data/tombstones/tombstone_09 to DropBox (SYSTEM_TOMBSTONE)
01-19 13:58:17.733 14981 14981 I chatty  : uid=1021(gps) /system/bin/lhd expire 4 lines
01-19 13:58:17.739  2944  2944 W         : debuggerd: handling request: pid=14981 uid=1021 gid=1000 tid=14981
01-19 13:58:17.889  8974  9234 W NativeCrashListener: Couldn't find ProcessRecord for pid 14981
01-19 13:58:17.891  2944  2944 W         : debuggerd: resuming target 14981
01-19 13:58:17.892  8974  9088 I BootReceiver: Copying /data/tombstones/tombstone_04 to DropBox (SYSTEM_TOMBSTONE)
01-19 13:58:21.943 14988 14988 I chatty  : uid=1021(gps) /system/bin/lhd expire 4 lines
01-19 13:58:21.951  2944  2944 W         : debuggerd: handling request: pid=14988 uid=1021 gid=1000 tid=14988
01-19 13:58:22.112  8974  9234 W NativeCrashListener: Couldn't find ProcessRecord for pid 14988
01-19 13:58:22.113  2944  2944 W         : debuggerd: resuming target 14988
01-19 13:58:22.114  8974  9088 I BootReceiver: Copying /data/tombstones/tombstone_05 to DropBox (SYSTEM_TOMBSTONE)
01-19 13:58:27.163 14994 14994 I chatty  : uid=1021(gps) /system/bin/lhd expire 4 lines
01-19 13:58:27.173  2944  2944 W         : debuggerd: handling request: pid=14994 uid=1021 gid=1000 tid=14994
01-19 13:58:27.335  8974  9234 W NativeCrashListener: Couldn't find ProcessRecord for pid 14994
01-19 13:58:27.337  2944  2944 W         : debuggerd: resuming target 14994
01-19 13:58:27.338  8974  9088 I BootReceiver: Copying /data/tombstones/tombstone_02 to DropBox (SYSTEM_TOMBSTONE)
01-19 13:58:32.393 15000 15000 I chatty  : uid=1021(gps) /system/bin/lhd expire 4 lines
01-19 13:58:32.400  2944  2944 W         : debuggerd: handling request: pid=15000 uid=1021 gid=1000 tid=15000
01-19 13:58:32.552  8974  9234 W NativeCrashListener: Couldn't find ProcessRecord for pid 15000
01-19 13:58:32.554  2944  2944 W         : debuggerd: resuming target 15000
01-19 13:58:32.555  8974  9088 I BootReceiver: Copying /data/tombstones/tombstone_00 to DropBox (SYSTEM_TOMBSTONE)
01-19 13:58:37.603 15006 15006 I chatty  : uid=1021(gps) /system/bin/lhd expire 4 lines
01-19 13:58:37.613  2944  2944 W         : debuggerd: handling request: pid=15006 uid=1021 gid=1000 tid=15006
01-19 13:58:37.770  8974  9234 W NativeCrashListener: Couldn't find ProcessRecord for pid 15006
01-19 13:58:37.772  2944  2944 W         : debuggerd: resuming target 15006
01-19 13:58:37.773  8974  9088 I BootReceiver: Copying /data/tombstones/tombstone_01 to DropBox (SYSTEM_TOMBSTONE)
01-19 13:58:41.823 15012 15012 I chatty  : uid=1021(gps) /system/bin/lhd expire 4 lines
01-19 13:58:41.832  2944  2944 W         : debuggerd: handling request: pid=15012 uid=1021 gid=1000 tid=15012
01-19 13:58:41.980  8974  9234 W NativeCrashListener: Couldn't find ProcessRecord for pid 15012
01-19 13:58:41.982  2944  2944 W         : debuggerd: resuming target 15012
01-19 13:58:41.983  8974  9088 I BootReceiver: Copying /data/tombstones/tombstone_06 to DropBox (SYSTEM_TOMBSTONE)
01-19 13:58:47.033 15018 15018 I chatty  : uid=1021(gps) /system/bin/lhd expire 4 lines
01-19 13:58:47.042  2944  2944 W         : debuggerd: handling request: pid=15018 uid=1021 gid=1000 tid=15018
01-19 13:58:47.196  8974  9234 W NativeCrashListener: Couldn't find ProcessRecord for pid 15018
01-19 13:58:47.198  2944  2944 W         : debuggerd: resuming target 15018
01-19 13:58:47.199  8974  9088 I BootReceiver: Copying /data/tombstones/tombstone_07 to DropBox (SYSTEM_TOMBSTONE)
01-19 13:58:52.253 15025 15025 I chatty  : uid=1021(gps) /system/bin/lhd expire 4 lines
01-19 13:58:52.260  2944  2944 W         : debuggerd: handling request: pid=15025 uid=1021 gid=1000 tid=15025
01-19 13:58:52.409  8974  9234 W NativeCrashListener: Couldn't find ProcessRecord for pid 15025
01-19 13:58:52.411  2944  2944 W         : debuggerd: resuming target 15025
01-19 13:58:52.412  8974  9088 I BootReceiver: Copying /data/tombstones/tombstone_08 to DropBox (SYSTEM_TOMBSTONE)
01-19 13:58:57.463 15031 15031 I chatty  : uid=1021(gps) /system/bin/lhd expire 4 lines
01-19 13:58:57.472  2944  2944 W         : debuggerd: handling request: pid=15031 uid=1021 gid=1000 tid=15031
01-19 13:58:57.635  8974  9234 W NativeCrashListener: Couldn't find ProcessRecord for pid 15031
01-19 13:58:57.637  2944  2944 W         : debuggerd: resuming target 15031
01-19 13:58:57.638  8974  9088 I BootReceiver: Copying /data/tombstones/tombstone_03 to DropBox (SYSTEM_TOMBSTONE)
01-19 13:59:02.693 15037 15037 I chatty  : uid=1021(gps) /system/bin/lhd expire 4 lines
01-19 13:59:02.700  2944  2944 W         : debuggerd: handling request: pid=15037 uid=1021 gid=1000 tid=15037
01-19 13:59:02.852  8974  9234 W NativeCrashListener: Couldn't find ProcessRecord for pid 15037
01-19 13:59:02.854  2944  2944 W         : debuggerd: resuming target 15037
01-19 13:59:02.855  8974  9088 I BootReceiver: Copying /data/tombstones/tombstone_09 to DropBox (SYSTEM_TOMBSTONE)
01-19 13:59:06.903 15043 15043 I chatty  : uid=1021(gps) /system/bin/lhd expire 4 lines
01-19 13:59:06.913  2944  2944 W         : debuggerd: handling request: pid=15043 uid=1021 gid=1000 tid=15043
01-19 13:59:07.061  8974  9234 W NativeCrashListener: Couldn't find ProcessRecord for pid 15043
01-19 13:59:07.063  2944  2944 W         : debuggerd: resuming target 15043
01-19 13:59:07.064  8974  9088 I BootReceiver: Copying /data/tombstones/tombstone_04 to DropBox (SYSTEM_TOMBSTONE)
01-19 13:59:12.113 15049 15049 I chatty  : uid=1021(gps) /system/bin/lhd expire 4 lines
01-19 13:59:12.123  2944  2944 W         : debuggerd: handling request: pid=15049 uid=1021 gid=1000 tid=15049
01-19 13:59:12.274  8974  9234 W NativeCrashListener: Couldn't find ProcessRecord for pid 15049
01-19 13:59:12.276  2944  2944 W         : debuggerd: resuming target 15049
01-19 13:59:12.277  8974  9088 I BootReceiver: Copying /data/tombstones/tombstone_05 to DropBox (SYSTEM_TOMBSTONE)
01-19 13:59:17.323 15055 15055 I chatty  : uid=1021(gps) /system/bin/lhd expire 4 lines
01-19 13:59:17.334  2944  2944 W         : debuggerd: handling request: pid=15055 uid=1021 gid=1000 tid=15055
01-19 13:59:17.487  8974  9234 W NativeCrashListener: Couldn't find ProcessRecord for pid 15055
01-19 13:59:17.489  2944  2944 W         : debuggerd: resuming target 15055
01-19 13:59:17.490  8974  9088 I BootReceiver: Copying /data/tombstones/tombstone_02 to DropBox (SYSTEM_TOMBSTONE)
01-19 13:59:22.543 15062 15062 I chatty  : uid=1021(gps) /system/bin/lhd expire 4 lines
01-19 13:59:22.551  2944  2944 W         : debuggerd: handling request: pid=15062 uid=1021 gid=1000 tid=15062
01-19 13:59:22.705  8974  9234 W NativeCrashListener: Couldn't find ProcessRecord for pid 15062
01-19 13:59:22.708  2944  2944 W         : debuggerd: resuming target 15062
01-19 13:59:22.710  8974  9088 I BootReceiver: Copying /data/tombstones/tombstone_00 to DropBox (SYSTEM_TOMBSTONE)
01-19 13:59:27.763 15069 15069 I chatty  : uid=1021(gps) /system/bin/lhd expire 4 lines
01-19 13:59:27.770  2944  2944 W         : debuggerd: handling request: pid=15069 uid=1021 gid=1000 tid=15069
01-19 13:59:27.921  8974  9234 W NativeCrashListener: Couldn't find ProcessRecord for pid 15069
01-19 13:59:27.923  2944  2944 W         : debuggerd: resuming target 15069
01-19 13:59:27.924  8974  9088 I BootReceiver: Copying /data/tombstones/tombstone_01 to DropBox (SYSTEM_TOMBSTONE)
01-19 13:59:31.973 15075 15075 I chatty  : uid=1021(gps) /system/bin/lhd expire 4 lines
01-19 13:59:31.982  2944  2944 W         : debuggerd: handling request: pid=15075 uid=1021 gid=1000 tid=15075
01-19 13:59:32.133  8974  9234 W NativeCrashListener: Couldn't find ProcessRecord for pid 15075
01-19 13:59:32.135  2944  2944 W         : debuggerd: resuming target 15075
01-19 13:59:32.136  8974  9088 I BootReceiver: Copying /data/tombstones/tombstone_06 to DropBox (SYSTEM_TOMBSTONE)
01-19 13:59:37.183 15081 15081 I chatty  : uid=1021(gps) /system/bin/lhd expire 4 lines
01-19 13:59:37.193  2944  2944 W         : debuggerd: handling request: pid=15081 uid=1021 gid=1000 tid=15081
01-19 13:59:37.346  8974  9234 W NativeCrashListener: Couldn't find ProcessRecord for pid 15081
01-19 13:59:37.348  2944  2944 W         : debuggerd: resuming target 15081
01-19 13:59:37.349  8974  9088 I BootReceiver: Copying /data/tombstones/tombstone_07 to DropBox (SYSTEM_TOMBSTONE)
01-19 13:59:42.403 15087 15087 I chatty  : uid=1021(gps) /system/bin/lhd expire 4 lines
01-19 13:59:42.410  2944  2944 W         : debuggerd: handling request: pid=15087 uid=1021 gid=1000 tid=15087
01-19 13:59:42.562  8974  9234 W NativeCrashListener: Couldn't find ProcessRecord for pid 15087
01-19 13:59:42.564  2944  2944 W         : debuggerd: resuming target 15087
01-19 13:59:42.564  8974  9088 I BootReceiver: Copying /data/tombstones/tombstone_08 to DropBox (SYSTEM_TOMBSTONE)
01-19 13:59:43.678  8974  9086 E BatteryStatsService: no controller energy info supplied
01-19 13:59:45.679  8974  9086 W BatteryStatsService: Timeout reading modem stats
01-19 13:59:47.613 15093 15093 I chatty  : uid=1021(gps) /system/bin/lhd expire 4 lines
01-19 13:59:47.623  2944  2944 W         : debuggerd: handling request: pid=15093 uid=1021 gid=1000 tid=15093
01-19 13:59:47.776  8974  9234 W NativeCrashListener: Couldn't find ProcessRecord for pid 15093
01-19 13:59:47.778  2944  2944 W         : debuggerd: resuming target 15093
01-19 13:59:47.779  8974  9088 I BootReceiver: Copying /data/tombstones/tombstone_03 to DropBox (SYSTEM_TOMBSTONE)
01-19 13:59:51.833 15100 15100 I chatty  : uid=1021(gps) /system/bin/lhd expire 4 lines
01-19 13:59:51.840  2944  2944 W         : debuggerd: handling request: pid=15100 uid=1021 gid=1000 tid=15100
01-19 13:59:51.992  8974  9234 W NativeCrashListener: Couldn't find ProcessRecord for pid 15100
01-19 13:59:51.994  2944  2944 W         : debuggerd: resuming target 15100
01-19 13:59:51.995  8974  9088 I BootReceiver: Copying /data/tombstones/tombstone_09 to DropBox (SYSTEM_TOMBSTONE)
01-19 13:59:57.043 15106 15106 I chatty  : uid=1021(gps) /system/bin/lhd expire 4 lines
01-19 13:59:57.053  2944  2944 W         : debuggerd: handling request: pid=15106 uid=1021 gid=1000 tid=15106
01-19 13:59:57.202  8974  9234 W NativeCrashListener: Couldn't find ProcessRecord for pid 15106
01-19 13:59:57.203  2944  2944 W         : debuggerd: resuming target 15106
01-19 13:59:57.204  8974  9088 I BootReceiver: Copying /data/tombstones/tombstone_04 to DropBox (SYSTEM_TOMBSTONE)
01-19 14:00:02.253 15112 15112 I chatty  : uid=1021(gps) /system/bin/lhd expire 4 lines
01-19 14:00:02.263  2944  2944 W         : debuggerd: handling request: pid=15112 uid=1021 gid=1000 tid=15112
01-19 14:00:02.433  8974  9234 W NativeCrashListener: Couldn't find ProcessRecord for pid 15112
01-19 14:00:02.435  2944  2944 W         : debuggerd: resuming target 15112
01-19 14:00:02.436  8974  9088 I BootReceiver: Copying /data/tombstones/tombstone_05 to DropBox (SYSTEM_TOMBSTONE)
01-19 14:00:07.483 15118 15118 I chatty  : uid=1021(gps) /system/bin/lhd expire 4 lines
01-19 14:00:07.494  2944  2944 W         : debuggerd: handling request: pid=15118 uid=1021 gid=1000 tid=15118
01-19 14:00:07.651  8974  9234 W NativeCrashListener: Couldn't find ProcessRecord for pid 15118
01-19 14:00:07.653  2944  2944 W         : debuggerd: resuming target 15118
01-19 14:00:07.654  8974  9088 I BootReceiver: Copying /data/tombstones/tombstone_02 to DropBox (SYSTEM_TOMBSTONE)
01-19 14:00:12.703 15124 15124 I chatty  : uid=1021(gps) /system/bin/lhd expire 4 lines
01-19 14:00:12.713  2944  2944 W         : debuggerd: handling request: pid=15124 uid=1021 gid=1000 tid=15124
01-19 14:00:12.882  8974  9234 W NativeCrashListener: Couldn't find ProcessRecord for pid 15124
01-19 14:00:12.884  2944  2944 W         : debuggerd: resuming target 15124
01-19 14:00:12.885  8974  9088 I BootReceiver: Copying /data/tombstones/tombstone_00 to DropBox (SYSTEM_TOMBSTONE)
01-19 14:00:16.933 15130 15130 I chatty  : uid=1021(gps) /system/bin/lhd expire 4 lines
01-19 14:00:16.943  2944  2944 W         : debuggerd: handling request: pid=15130 uid=1021 gid=1000 tid=15130
01-19 14:00:17.100  8974  9234 W NativeCrashListener: Couldn't find ProcessRecord for pid 15130
01-19 14:00:17.102  2944  2944 W         : debuggerd: resuming target 15130
01-19 14:00:17.103  8974  9088 I BootReceiver: Copying /data/tombstones/tombstone_01 to DropBox (SYSTEM_TOMBSTONE)
01-19 14:00:22.153 15137 15137 I chatty  : uid=1021(gps) /system/bin/lhd expire 4 lines
01-19 14:00:22.163  2944  2944 W         : debuggerd: handling request: pid=15137 uid=1021 gid=1000 tid=15137
01-19 14:00:22.321  8974  9234 W NativeCrashListener: Couldn't find ProcessRecord for pid 15137
01-19 14:00:22.323  2944  2944 W         : debuggerd: resuming target 15137
01-19 14:00:22.324  8974  9088 I BootReceiver: Copying /data/tombstones/tombstone_06 to DropBox (SYSTEM_TOMBSTONE)
01-19 14:00:27.373 15143 15143 I chatty  : uid=1021(gps) /system/bin/lhd expire 4 lines
01-19 14:00:27.383  2944  2944 W         : debuggerd: handling request: pid=15143 uid=1021 gid=1000 tid=15143
01-19 14:00:27.529  8974  9234 W NativeCrashListener: Couldn't find ProcessRecord for pid 15143
01-19 14:00:27.531  2944  2944 W         : debuggerd: resuming target 15143
01-19 14:00:27.532  8974  9088 I BootReceiver: Copying /data/tombstones/tombstone_07 to DropBox (SYSTEM_TOMBSTONE)
01-19 14:00:32.583 15149 15149 I chatty  : uid=1021(gps) /system/bin/lhd expire 4 lines
01-19 14:00:32.592  2944  2944 W         : debuggerd: handling request: pid=15149 uid=1021 gid=1000 tid=15149
01-19 14:00:32.745  8974  9234 W NativeCrashListener: Couldn't find ProcessRecord for pid 15149
01-19 14:00:32.747  2944  2944 W         : debuggerd: resuming target 15149
01-19 14:00:32.748  8974  9088 I BootReceiver: Copying /data/tombstones/tombstone_08 to DropBox (SYSTEM_TOMBSTONE)
01-19 14:00:37.803 15156 15156 I chatty  : uid=1021(gps) /system/bin/lhd expire 4 lines
01-19 14:00:37.814  2944  2944 W         : debuggerd: handling request: pid=15156 uid=1021 gid=1000 tid=15156
01-19 14:00:37.973  8974  9234 W NativeCrashListener: Couldn't find ProcessRecord for pid 15156
01-19 14:00:37.974  2944  2944 W         : debuggerd: resuming target 15156
01-19 14:00:37.974  2944  2944 E         : debuggerd: failed to send signal 18 to target: No such process
01-19 14:00:37.975  8974  9088 I BootReceiver: Copying /data/tombstones/tombstone_03 to DropBox (SYSTEM_TOMBSTONE)
01-19 14:00:41.933 15165 15165 I chatty  : uid=1021(gps) /system/bin/lhd expire 4 lines
01-19 14:00:41.943  2944  2944 W         : debuggerd: handling request: pid=15165 uid=1021 gid=1000 tid=15165
01-19 14:00:42.091  8974  9234 W NativeCrashListener: Couldn't find ProcessRecord for pid 15165
01-19 14:00:42.093  2944  2944 W         : debuggerd: resuming target 15165
01-19 14:00:42.094  8974  9088 I BootReceiver: Copying /data/tombstones/tombstone_09 to DropBox (SYSTEM_TOMBSTONE)
01-19 14:00:47.143 15176 15176 I chatty  : uid=1021(gps) /system/bin/lhd expire 4 lines
01-19 14:00:47.153  2944  2944 W         : debuggerd: handling request: pid=15176 uid=1021 gid=1000 tid=15176
01-19 14:00:47.312  8974  9234 W NativeCrashListener: Couldn't find ProcessRecord for pid 15176
01-19 14:00:47.315  2944  2944 W         : debuggerd: resuming target 15176
01-19 14:00:47.316  8974  9088 I BootReceiver: Copying /data/tombstones/tombstone_04 to DropBox (SYSTEM_TOMBSTONE)
01-19 14:00:52.363 15183 15183 I chatty  : uid=1021(gps) /system/bin/lhd expire 4 lines
01-19 14:00:52.374  2944  2944 W         : debuggerd: handling request: pid=15183 uid=1021 gid=1000 tid=15183
01-19 14:00:52.532  8974  9234 W NativeCrashListener: Couldn't find ProcessRecord for pid 15183
01-19 14:00:52.534  2944  2944 W         : debuggerd: resuming target 15183
01-19 14:00:52.535  8974  9088 I BootReceiver: Copying /data/tombstones/tombstone_05 to DropBox (SYSTEM_TOMBSTONE)
01-19 14:00:57.583 15189 15189 I chatty  : uid=1021(gps) /system/bin/lhd expire 4 lines
01-19 14:00:57.593  2944  2944 W         : debuggerd: handling request: pid=15189 uid=1021 gid=1000 tid=15189
01-19 14:00:57.752  8974  9234 W NativeCrashListener: Couldn't find ProcessRecord for pid 15189
01-19 14:00:57.754  2944  2944 W         : debuggerd: resuming target 15189
01-19 14:00:57.755  8974  9088 I BootReceiver: Copying /data/tombstones/tombstone_02 to DropBox (SYSTEM_TOMBSTONE)
01-19 14:01:00.122  8974  9093 I PowerManagerService: Waking up from dozing (uid 1000)...
01-19 14:01:00.123  8974  8974 V KeyguardServiceDelegate: onStartedWakingUp()
01-19 14:01:00.123  8974  9093 I DisplayPowerController: Blocking screen on until initial contents have been drawn.
01-19 14:01:00.124  8974  9093 V KeyguardServiceDelegate: onScreenTurnedOn(showListener = com.android.server.policy.PhoneWindowManager$2@c84d11c)
01-19 14:01:00.125  8974  9194 V PowerHAL SEC: power_set_interactive: 1
01-19 14:01:00.158  8974  9086 E BatteryStatsService: no controller energy info supplied
01-19 14:01:00.199  8974  9194 V PowerHAL SEC: power_set_interactive: 1 done
01-19 14:01:00.199  8974  9194 D PowerManagerService-JNI: Excessive delay in setInteractive(true) while turning screen on: 74ms
01-19 14:01:00.200  8974  9091 I DisplayManagerService: Display device changed state: "Built-in Screen", ON
01-19 14:01:00.200  8775  8775 I chatty  : uid=1000(system) /system/bin/surfaceflinger expire 157 lines
01-19 14:01:00.209  8974  9091 W LocalDisplayAdapter: Unable to find color mode 0, ignoring request.
01-19 14:01:00.209  8974  9083 I ProcessStatsService: Prepared write state in 4ms
01-19 14:01:00.244  8974  9155 D Sensors : M requested delay = 20000000, modified delay = 0
01-19 14:01:00.245  8974  9155 I Sensors : Proximity old sensor_state 0, new sensor_state : 128 en : 1
01-19 14:01:00.271  8974  9384 V KeyguardServiceDelegate: **** SHOWN CALLED ****
01-19 14:01:00.304  8974  9084 I Sensors : Acc old sensor_state 128, new sensor_state : 129 en : 1
01-19 14:01:00.307  9771 15201 I chatty  : uid=1027(nfc) com.android.nfc expire 26 lines
01-19 14:01:00.307  9771  9914 I chatty  : uid=1027(nfc) com.android.nfc expire 62 lines
01-19 14:01:00.309  8974  9093 I DisplayPowerController: Unblocked screen on after 186 ms
01-19 14:01:00.310  8974  9093 V KeyguardServiceDelegate: onScreenTurnedOn()
01-19 14:01:00.310  8974  9093 I VrManagerService: VR mode is allowed
01-19 14:01:00.310  8974  9093 I DreamManagerService: Gently waking up from dream.
01-19 14:01:00.311  8974  9823 I DreamManagerService: Leaving dreamland.
01-19 14:01:00.312  8974  9089 I DreamController: Stopping dream: name=ComponentInfo{com.android.systemui/com.android.systemui.doze.DozeService}, isTest=false, canDoze=true, userId=0
01-19 14:01:00.314  9771  9954 I chatty  : uid=1027(nfc) com.android.nfc expire 24 lines
01-19 14:01:00.441  8974  9194 D SurfaceControl: Excessive delay in setPowerMode(): 240ms
01-19 14:01:01.533  8775  8775 D SurfaceFlinger: [LIM] Used Time Total : 1.082554
01-19 14:01:01.533  8775  8775 D SurfaceFlinger: [LIM] Battery Sync! sysfs battery = 100
01-19 14:01:01.533  8775  8775 D SurfaceFlinger: [LIM] my batteryLevel in fb0 = 100
01-19 14:01:01.533  8775  8775 D SurfaceFlinger: [LIM] my batteryLevel in TDVS = 100
01-19 14:01:01.533  8775  8775 D SurfaceFlinger: [LIM] my batteryLevel = 100
01-19 14:01:01.550  8775  8775 D SurfaceFlinger: [LIM] Used Time Total : 1.099790
01-19 14:01:01.550  8775  8775 D SurfaceFlinger: [LIM] Battery Sync! sysfs battery = 100
01-19 14:01:01.550  8775  8775 D SurfaceFlinger: [LIM] my batteryLevel in fb0 = 100
01-19 14:01:01.550  8775  8775 D SurfaceFlinger: [LIM] my batteryLevel in TDVS = 100
01-19 14:01:01.551  8775  8775 D SurfaceFlinger: [LIM] my batteryLevel = 100
01-19 14:01:01.566  8775  8775 D SurfaceFlinger: [LIM] Used Time Total : 1.116219
01-19 14:01:01.567  8775  8775 D SurfaceFlinger: [LIM] Battery Sync! sysfs battery = 100
01-19 14:01:01.567  8775  8775 D SurfaceFlinger: [LIM] my batteryLevel in fb0 = 100
01-19 14:01:01.567  8775  8775 D SurfaceFlinger: [LIM] my batteryLevel in TDVS = 100
01-19 14:01:01.567  8775  8775 D SurfaceFlinger: [LIM] my batteryLevel = 100
01-19 14:01:01.582  8775  8775 D SurfaceFlinger: [LIM] Used Time Total : 1.131885
01-19 14:01:01.582  8775  8775 D SurfaceFlinger: [LIM] Battery Sync! sysfs battery = 100
01-19 14:01:01.582  8775  8775 D SurfaceFlinger: [LIM] my batteryLevel in fb0 = 100
01-19 14:01:01.582  8775  8775 D SurfaceFlinger: [LIM] my batteryLevel in TDVS = 100
01-19 14:01:01.582  8775  8775 D SurfaceFlinger: [LIM] my batteryLevel = 100
01-19 14:01:01.621  9771 15203 I chatty  : uid=1027(nfc) com.android.nfc expire 1 line
01-19 14:01:02.105  8974  8974 I EntropyMixer: Writing entropy...
01-19 14:01:02.144  8775  8775 D SurfaceFlinger: [LIM] Used Time Total : 1.694389
01-19 14:01:02.145  8775  8775 D SurfaceFlinger: [LIM] Battery Sync! sysfs battery = 100
01-19 14:01:02.145  8775  8775 D SurfaceFlinger: [LIM] my batteryLevel in fb0 = 100
01-19 14:01:02.145  8775  8775 D SurfaceFlinger: [LIM] my batteryLevel in TDVS = 100
01-19 14:01:02.145  8775  8775 D SurfaceFlinger: [LIM] my batteryLevel = 100
01-19 14:01:02.159  8974  9086 W BatteryStatsService: Timeout reading modem stats
01-19 14:01:02.161  8775  8775 D SurfaceFlinger: [LIM] Used Time Total : 1.710595
01-19 14:01:02.161  8775  8775 D SurfaceFlinger: [LIM] Battery Sync! sysfs battery = 100
01-19 14:01:02.161  8775  8775 D SurfaceFlinger: [LIM] my batteryLevel in fb0 = 100
01-19 14:01:02.161  8775  8775 D SurfaceFlinger: [LIM] my batteryLevel in TDVS = 100
01-19 14:01:02.161  8775  8775 D SurfaceFlinger: [LIM] my batteryLevel = 100
01-19 14:01:02.165  8974  9086 I BatteryStatsImpl: Resetting battery stats: level=100 status=5 dischargeLevel=100 lowAmount=0 highAmount=0
01-19 14:01:02.171  8974  9086 E BatteryStatsService: power: Missing API
01-19 14:01:02.179  8974  9086 E BatteryStatsService: no controller energy info supplied
01-19 14:01:02.268  9958  9958 D WeatherUpdateService: onCreate
01-19 14:01:02.272  9958  9958 D WeatherUpdateService: Service started, but shouldn't update ... stopping
01-19 14:01:02.274  9958  9958 D WeatherUpdateService: onDestroy
01-19 14:01:02.275  8974  9135 W ConnectivityExtension: ConnectivityExt jar file not present
01-19 14:01:02.534  8775  8775 D SurfaceFlinger: [LIM] Used Time Total : 2.084337
01-19 14:01:02.535  8775  8775 D SurfaceFlinger: [LIM] Battery Sync! sysfs battery = 100
01-19 14:01:02.535  8775  8775 D SurfaceFlinger: [LIM] my batteryLevel in fb0 = 100
01-19 14:01:02.535  8775  8775 D SurfaceFlinger: [LIM] my batteryLevel in TDVS = 100
01-19 14:01:02.535  8775  8775 D SurfaceFlinger: [LIM] my batteryLevel = 100
01-19 14:01:02.617  8775  8775 D SurfaceFlinger: [LIM] Used Time Total : 2.167201
01-19 14:01:02.617  8775  8775 D SurfaceFlinger: [LIM] Battery Sync! sysfs battery = 100
01-19 14:01:02.618  8775  8775 D SurfaceFlinger: [LIM] my batteryLevel in fb0 = 100
01-19 14:01:02.618  8775  8775 D SurfaceFlinger: [LIM] my batteryLevel in TDVS = 100
01-19 14:01:02.618  8775  8775 D SurfaceFlinger: [LIM] my batteryLevel = 100
01-19 14:01:02.637  8775  8775 D SurfaceFlinger: [LIM] Used Time Total : 2.186862
01-19 14:01:02.637  8775  8775 D SurfaceFlinger: [LIM] Battery Sync! sysfs battery = 100
01-19 14:01:02.637  8775  8775 D SurfaceFlinger: [LIM] my batteryLevel in fb0 = 100
01-19 14:01:02.638  8775  8775 D SurfaceFlinger: [LIM] my batteryLevel in TDVS = 100
01-19 14:01:02.638  8775  8775 D SurfaceFlinger: [LIM] my batteryLevel = 100
01-19 14:01:02.652  8775  8775 D SurfaceFlinger: [LIM] Used Time Total : 2.201680
01-19 14:01:02.652  8775  8775 D SurfaceFlinger: [LIM] Battery Sync! sysfs battery = 100
01-19 14:01:02.652  8775  8775 D SurfaceFlinger: [LIM] my batteryLevel in fb0 = 100
01-19 14:01:02.652  8775  8775 D SurfaceFlinger: [LIM] my batteryLevel in TDVS = 100
01-19 14:01:02.652  8775  8775 D SurfaceFlinger: [LIM] my batteryLevel = 100
01-19 14:01:02.668  8775  8775 D SurfaceFlinger: [LIM] Used Time Total : 2.217983
01-19 14:01:02.668  8775  8775 D SurfaceFlinger: [LIM] Battery Sync! sysfs battery = 100
01-19 14:01:02.668  8775  8775 D SurfaceFlinger: [LIM] my batteryLevel in fb0 = 100
01-19 14:01:02.668  8775  8775 D SurfaceFlinger: [LIM] my batteryLevel in TDVS = 100
01-19 14:01:02.668  8775  8775 D SurfaceFlinger: [LIM] my batteryLevel = 100
01-19 14:01:02.685  8775  8775 D SurfaceFlinger: [LIM] Used Time Total : 2.234634
01-19 14:01:02.685  8775  8775 D SurfaceFlinger: [LIM] Battery Sync! sysfs battery = 100
01-19 14:01:02.685  8775  8775 D SurfaceFlinger: [LIM] my batteryLevel in fb0 = 100
01-19 14:01:02.685  8775  8775 D SurfaceFlinger: [LIM] my batteryLevel in TDVS = 100
01-19 14:01:02.685  8775  8775 D SurfaceFlinger: [LIM] my batteryLevel = 100
01-19 14:01:02.701  8775  8775 D SurfaceFlinger: [LIM] Used Time Total : 2.251336
01-19 14:01:02.702  8775  8775 D SurfaceFlinger: [LIM] Battery Sync! sysfs battery = 100
01-19 14:01:02.702  8775  8775 D SurfaceFlinger: [LIM] my batteryLevel in fb0 = 100
01-19 14:01:02.702  8775  8775 D SurfaceFlinger: [LIM] my batteryLevel in TDVS = 100
01-19 14:01:02.702  8775  8775 D SurfaceFlinger: [LIM] my batteryLevel = 100
01-19 14:01:02.719  8775  8775 D SurfaceFlinger: [LIM] Used Time Total : 2.268804
01-19 14:01:02.719  8775  8775 D SurfaceFlinger: [LIM] Battery Sync! sysfs battery = 100
01-19 14:01:02.719  8775  8775 D SurfaceFlinger: [LIM] my batteryLevel in fb0 = 100
01-19 14:01:02.719  8775  8775 D SurfaceFlinger: [LIM] my batteryLevel in TDVS = 100
01-19 14:01:02.719  8775  8775 D SurfaceFlinger: [LIM] my batteryLevel = 100
01-19 14:01:02.736  8775  8775 D SurfaceFlinger: [LIM] Used Time Total : 2.286284
01-19 14:01:02.737  8775  8775 D SurfaceFlinger: [LIM] Battery Sync! sysfs battery = 100
01-19 14:01:02.737  8775  8775 D SurfaceFlinger: [LIM] my batteryLevel in fb0 = 100
01-19 14:01:02.737  8775  8775 D SurfaceFlinger: [LIM] my batteryLevel in TDVS = 100
01-19 14:01:02.737  8775  8775 D SurfaceFlinger: [LIM] my batteryLevel = 100
01-19 14:01:02.753  8775  8775 D SurfaceFlinger: [LIM] Used Time Total : 2.303320
01-19 14:01:02.754  8775  8775 D SurfaceFlinger: [LIM] Battery Sync! sysfs battery = 100
01-19 14:01:02.754  8775  8775 D SurfaceFlinger: [LIM] my batteryLevel in fb0 = 100
01-19 14:01:02.754  8775  8775 D SurfaceFlinger: [LIM] my batteryLevel in TDVS = 100
01-19 14:01:02.754  8775  8775 D SurfaceFlinger: [LIM] my batteryLevel = 100
01-19 14:01:02.770  8775  8775 D SurfaceFlinger: [LIM] Used Time Total : 2.320390
01-19 14:01:02.771  8775  8775 D SurfaceFlinger: [LIM] Battery Sync! sysfs battery = 100
01-19 14:01:02.771  8775  8775 D SurfaceFlinger: [LIM] my batteryLevel in fb0 = 100
01-19 14:01:02.771  8775  8775 D SurfaceFlinger: [LIM] my batteryLevel in TDVS = 100
01-19 14:01:02.771  8775  8775 D SurfaceFlinger: [LIM] my batteryLevel = 100
01-19 14:01:02.787  8775  8775 D SurfaceFlinger: [LIM] Used Time Total : 2.336961
01-19 14:01:02.787  8775  8775 D SurfaceFlinger: [LIM] Battery Sync! sysfs battery = 100
01-19 14:01:02.788  8775  8775 D SurfaceFlinger: [LIM] my batteryLevel in fb0 = 100
01-19 14:01:02.788  8775  8775 D SurfaceFlinger: [LIM] my batteryLevel in TDVS = 100
01-19 14:01:02.788  8775  8775 D SurfaceFlinger: [LIM] my batteryLevel = 100
01-19 14:01:02.793 15254 15254 I chatty  : uid=1021(gps) /system/bin/lhd expire 4 lines
01-19 14:01:02.804  8775  8775 D SurfaceFlinger: [LIM] Used Time Total : 2.354456
01-19 14:01:02.805  2944  2944 W         : debuggerd: handling request: pid=15254 uid=1021 gid=1000 tid=15254
01-19 14:01:02.805  8775  8775 D SurfaceFlinger: [LIM] Battery Sync! sysfs battery = 100
01-19 14:01:02.805  8775  8775 D SurfaceFlinger: [LIM] my batteryLevel in fb0 = 100
01-19 14:01:02.805  8775  8775 D SurfaceFlinger: [LIM] my batteryLevel in TDVS = 100
01-19 14:01:02.805  8775  8775 D SurfaceFlinger: [LIM] my batteryLevel = 100
01-19 14:01:02.821  8775  8775 D SurfaceFlinger: [LIM] Used Time Total : 2.370969
01-19 14:01:02.821  8775  8775 D SurfaceFlinger: [LIM] Battery Sync! sysfs battery = 100
01-19 14:01:02.822  8775  8775 D SurfaceFlinger: [LIM] my batteryLevel in fb0 = 100
01-19 14:01:02.822  8775  8775 D SurfaceFlinger: [LIM] my batteryLevel in TDVS = 100
01-19 14:01:02.822  8775  8775 D SurfaceFlinger: [LIM] my batteryLevel = 100
01-19 14:01:02.835  8775  8775 D SurfaceFlinger: [LIM] Used Time Total : 2.385454
01-19 14:01:02.836  8775  8775 D SurfaceFlinger: [LIM] Battery Sync! sysfs battery = 100
01-19 14:01:02.836  8775  8775 D SurfaceFlinger: [LIM] my batteryLevel in fb0 = 100
01-19 14:01:02.836  8775  8775 D SurfaceFlinger: [LIM] my batteryLevel in TDVS = 100
01-19 14:01:02.836  8775  8775 D SurfaceFlinger: [LIM] my batteryLevel = 100
01-19 14:01:02.852  8775  8775 D SurfaceFlinger: [LIM] Used Time Total : 2.402342
01-19 14:01:02.853  8775  8775 D SurfaceFlinger: [LIM] Battery Sync! sysfs battery = 100
01-19 14:01:02.853  8775  8775 D SurfaceFlinger: [LIM] my batteryLevel in fb0 = 100
01-19 14:01:02.853  8775  8775 D SurfaceFlinger: [LIM] my batteryLevel in TDVS = 100
01-19 14:01:02.853  8775  8775 D SurfaceFlinger: [LIM] my batteryLevel = 100
01-19 14:01:02.869  8775  8775 D SurfaceFlinger: [LIM] Used Time Total : 2.418921
01-19 14:01:02.869  8775  8775 D SurfaceFlinger: [LIM] Battery Sync! sysfs battery = 100
01-19 14:01:02.870  8775  8775 D SurfaceFlinger: [LIM] my batteryLevel in fb0 = 100
01-19 14:01:02.870  8775  8775 D SurfaceFlinger: [LIM] my batteryLevel in TDVS = 100
01-19 14:01:02.870  8775  8775 D SurfaceFlinger: [LIM] my batteryLevel = 100
01-19 14:01:02.886  8775  8775 D SurfaceFlinger: [LIM] Used Time Total : 2.435752
01-19 14:01:02.886  8775  8775 D SurfaceFlinger: [LIM] Battery Sync! sysfs battery = 100
01-19 14:01:02.886  8775  8775 D SurfaceFlinger: [LIM] my batteryLevel in fb0 = 100
01-19 14:01:02.886  8775  8775 D SurfaceFlinger: [LIM] my batteryLevel in TDVS = 100
01-19 14:01:02.886  8775  8775 D SurfaceFlinger: [LIM] my batteryLevel = 100
01-19 14:01:02.902  8775  8775 D SurfaceFlinger: [LIM] Used Time Total : 2.452431
01-19 14:01:02.903  8775  8775 D SurfaceFlinger: [LIM] Battery Sync! sysfs battery = 100
01-19 14:01:02.903  8775  8775 D SurfaceFlinger: [LIM] my batteryLevel in fb0 = 100
01-19 14:01:02.903  8775  8775 D SurfaceFlinger: [LIM] my batteryLevel in TDVS = 100
01-19 14:01:02.903  8775  8775 D SurfaceFlinger: [LIM] my batteryLevel = 100
01-19 14:01:02.918  8775  8775 D SurfaceFlinger: [LIM] Used Time Total : 2.468146
01-19 14:01:02.918  8775  8775 D SurfaceFlinger: [LIM] Battery Sync! sysfs battery = 100
01-19 14:01:02.918  8775  8775 D SurfaceFlinger: [LIM] my batteryLevel in fb0 = 100
01-19 14:01:02.919  8775  8775 D SurfaceFlinger: [LIM] my batteryLevel in TDVS = 100
01-19 14:01:02.919  8775  8775 D SurfaceFlinger: [LIM] my batteryLevel = 100
01-19 14:01:02.935  8775  8775 D SurfaceFlinger: [LIM] Used Time Total : 2.484628
01-19 14:01:02.935  8775  8775 D SurfaceFlinger: [LIM] Battery Sync! sysfs battery = 100
01-19 14:01:02.935  8775  8775 D SurfaceFlinger: [LIM] my batteryLevel in fb0 = 100
01-19 14:01:02.935  8775  8775 D SurfaceFlinger: [LIM] my batteryLevel in TDVS = 100
01-19 14:01:02.935  8775  8775 D SurfaceFlinger: [LIM] my batteryLevel = 100
01-19 14:01:02.951  8775  8775 D SurfaceFlinger: [LIM] Used Time Total : 2.501251
01-19 14:01:02.951  8775  8775 D SurfaceFlinger: [LIM] Battery Sync! sysfs battery = 100
01-19 14:01:02.952  8775  8775 D SurfaceFlinger: [LIM] my batteryLevel in fb0 = 100
01-19 14:01:02.952  8775  8775 D SurfaceFlinger: [LIM] my batteryLevel in TDVS = 100
01-19 14:01:02.952  8775  8775 D SurfaceFlinger: [LIM] my batteryLevel = 100
01-19 14:01:02.963  8974  9234 W NativeCrashListener: Couldn't find ProcessRecord for pid 15254
01-19 14:01:02.965  2944  2944 W         : debuggerd: resuming target 15254
01-19 14:01:02.966  8974  9088 I BootReceiver: Copying /data/tombstones/tombstone_00 to DropBox (SYSTEM_TOMBSTONE)
01-19 14:01:02.968  8775  8775 D SurfaceFlinger: [LIM] Used Time Total : 2.518126
01-19 14:01:02.968  8775  8775 D SurfaceFlinger: [LIM] Battery Sync! sysfs battery = 100
01-19 14:01:02.968  8775  8775 D SurfaceFlinger: [LIM] my batteryLevel in fb0 = 100
01-19 14:01:02.968  8775  8775 D SurfaceFlinger: [LIM] my batteryLevel in TDVS = 100
01-19 14:01:02.968  8775  8775 D SurfaceFlinger: [LIM] my batteryLevel = 100
01-19 14:01:02.969  8775  8775 E display : ioctl S3CFB_WIN_CONFIG failed: Too many open files
01-19 14:01:02.969  8775  8775 F display : ioctl S3CFB_WIN_CONFIG failed to clear screen: Too many open files
01-19 14:01:02.972  9219  9342 E Surface : queueBuffer: error queuing buffer to SurfaceTexture, -2147483646
01-19 14:01:02.972  9219  9342 W OpenGLRenderer: swapBuffers encountered EGL error 12299 on 0x7f5f7bc740, halting rendering...
01-19 14:01:03.129  3015  3015 I ServiceManager: service 'gpu' died
01-19 14:01:03.130  9869  9882 W SurfaceComposerClient: ComposerService remote (surfaceflinger) died [0x7f75b77a60]
01-19 14:01:03.130  8974  9839 W SurfaceComposerClient: ComposerService remote (surfaceflinger) died [0x7f7845c5a0]
01-19 14:01:03.130  9407  9424 W SurfaceComposerClient: ComposerService remote (surfaceflinger) died [0x7f75b77600]
01-19 14:01:03.130  3015  3015 I ServiceManager: service 'SurfaceFlinger' died
01-19 14:01:03.130  9219  9342 W mali_winsys: native_window_api_disconnect failed: -32
01-19 14:01:03.130  9219  9232 W SurfaceComposerClient: ComposerService remote (surfaceflinger) died [0x7f62460420]
01-19 14:01:03.133  9219  9342 W libEGL  : EGLNativeWindowType 0x7f7fe56810 disconnect failed
01-19 14:01:03.141  8974  9091 E DisplayEventDispatcher: Display event receiver pipe was closed or an error occurred.  events=0x9
01-19 14:01:03.141  8974  9091 E DisplayEventDispatcher: Display event receiver pipe was closed or an error occurred.  events=0x9
01-19 14:01:03.142  9407  9407 E DisplayEventDispatcher: Display event receiver pipe was closed or an error occurred.  events=0x9
01-19 14:01:03.142  8974  9093 E DisplayEventDispatcher: Display event receiver pipe was closed or an error occurred.  events=0x9
01-19 14:01:03.142  8974  9084 E DisplayEventDispatcher: Display event receiver pipe was closed or an error occurred.  events=0x9
01-19 14:01:03.142  9407  9466 E OpenGLRenderer: Display event receiver pipe was closed or an error occurred.  events=0x9
01-19 14:01:03.143  9219  9342 E OpenGLRenderer: Display event receiver pipe was closed or an error occurred.  events=0x9
01-19 14:01:03.143  9219  9219 E DisplayEventDispatcher: Display event receiver pipe was closed or an error occurred.  events=0x9
01-19 14:01:03.143  9869  9869 E DisplayEventDispatcher: Display event receiver pipe was closed or an error occurred.  events=0x9
01-19 14:01:03.143  9869  9919 E OpenGLRenderer: Display event receiver pipe was closed or an error occurred.  events=0x9
01-19 14:01:03.199 15263 15263 I chatty  : uid=1000(system) /system/bin/surfaceflinger expire 3408 lines
01-19 14:01:03.270  3015  3015 I chatty  : uid=1000(system) /system/bin/servicemanager expire 61 lines
01-19 14:01:03.321 15268 15268 I Netd    : Netd 1.0 starting
01-19 14:01:03.322 15268 15268 D TetherController: Setting IP forward enable = 0
01-19 14:01:03.325 15268 15268 I QtiConnectivityAdapter: Failed to open libconnctrl, some features may not be present.
01-19 14:01:03.326 15268 15268 E         : Failed to open libdatactrl, some features may not be present.
01-19 14:01:03.326 15268 15268 E         : Failed to open libcsm_data, some features may not be present.
01-19 14:01:03.445 15269 15269 I cameraserver: ServiceManager: 0xf6499420
01-19 14:01:03.445 15269 15269 I CameraService: CameraService started (pid=15269)
01-19 14:01:03.446 15269 15269 I CameraService: CameraService process starting
01-19 14:01:03.453 15271 15271 I         : sMaxFastTracks = 8
01-19 14:01:03.454 15271 15271 I audioserver: ServiceManager: 0xf6719420
01-19 14:01:03.461 15271 15271 I AudioFlinger: Using default 3000 mSec as standby time.
01-19 14:01:03.462 15271 15271 I AudioPolicyService: AudioPolicyService CSTOR in new mode
01-19 14:01:03.462 15271 15271 W APM::ConfigParsingUtils: loadOutput() invalid supported devices
01-19 14:01:03.462 15271 15271 W APM::ConfigParsingUtils: loadInput() invalid supported devices
01-19 14:01:03.462 15271 15271 W APM::ConfigParsingUtils: loadInput() invalid supported devices
01-19 14:01:03.463 15271 15271 I APM::ConfigParsingUtils: loadAudioPolicyConfig() loaded /system/etc/audio_policy.conf
01-19 14:01:03.465 15270 15270 I mediaserver: ServiceManager: 0xf6199480
01-19 14:01:03.621 15267 15267 D AndroidRuntime: >>>>>> START com.android.internal.os.ZygoteInit uid 0 <<<<<<
01-19 14:01:03.624 15267 15267 D AndroidRuntime: CheckJNI is OFF
01-19 14:01:03.624 15267 15267 I art     : option[0]=-Xzygote
01-19 14:01:03.624 15267 15267 I art     : option[1]=-Xstacktracefile:/data/anr/traces.txt
01-19 14:01:03.624 15267 15267 I art     : option[2]=exit
01-19 14:01:03.624 15267 15267 I art     : option[3]=vfprintf
01-19 14:01:03.624 15267 15267 I art     : option[4]=sensitiveThread
01-19 14:01:03.624 15267 15267 I art     : option[5]=-verbose:gc
01-19 14:01:03.624 15267 15267 I art     : option[6]=-Xms8m
01-19 14:01:03.624 15267 15267 I art     : option[7]=-Xmx512m
01-19 14:01:03.624 15267 15267 I art     : option[8]=-XX:HeapGrowthLimit=256m
01-19 14:01:03.624 15267 15267 I art     : option[9]=-XX:HeapMinFree=2m
01-19 14:01:03.624 15267 15267 I art     : option[10]=-XX:HeapMaxFree=8m
01-19 14:01:03.624 15267 15267 I art     : option[11]=-XX:HeapTargetUtilization=0.75
01-19 14:01:03.624 15267 15267 I art     : option[12]=-Xusejit:true
01-19 14:01:03.624 15267 15267 I art     : option[13]=-Xjitsaveprofilinginfo
01-19 14:01:03.624 15267 15267 I art     : option[14]=-agentlib:jdwp=transport=dt_android_adb,suspend=n,server=y
01-19 14:01:03.624 15267 15267 I art     : option[15]=-Xlockprofthreshold:500
01-19 14:01:03.624 15267 15267 I art     : option[16]=-Ximage-compiler-option
01-19 14:01:03.624 15267 15267 I art     : option[17]=--runtime-arg
01-19 14:01:03.624 15267 15267 I art     : option[18]=-Ximage-compiler-option
01-19 14:01:03.624 15267 15267 I art     : option[19]=-Xms64m
01-19 14:01:03.624 15267 15267 I art     : option[20]=-Ximage-compiler-option
01-19 14:01:03.624 15267 15267 I art     : option[21]=--runtime-arg
01-19 14:01:03.624 15267 15267 I art     : option[22]=-Ximage-compiler-option
01-19 14:01:03.624 15267 15267 I art     : option[23]=-Xmx64m
01-19 14:01:03.624 15267 15267 I art     : option[24]=-Ximage-compiler-option
01-19 14:01:03.624 15267 15267 I art     : option[25]=--image-classes=/system/etc/preloaded-classes
01-19 14:01:03.624 15267 15267 I art     : option[26]=-Ximage-compiler-option
01-19 14:01:03.624 15267 15267 I art     : option[27]=--compiled-classes=/system/etc/compiled-classes
01-19 14:01:03.624 15267 15267 I art     : option[28]=-Xcompiler-option
01-19 14:01:03.624 15267 15267 I art     : option[29]=--runtime-arg
01-19 14:01:03.624 15267 15267 I art     : option[30]=-Xcompiler-option
01-19 14:01:03.624 15267 15267 I art     : option[31]=-Xms64m
01-19 14:01:03.624 15267 15267 I art     : option[32]=-Xcompiler-option
01-19 14:01:03.624 15267 15267 I art     : option[33]=--runtime-arg
01-19 14:01:03.625 15267 15267 I art     : option[34]=-Xcompiler-option
01-19 14:01:03.625 15267 15267 I art     : option[35]=-Xmx512m
01-19 14:01:03.625 15267 15267 I art     : option[36]=-Ximage-compiler-option
01-19 14:01:03.625 15267 15267 I art     : option[37]=--instruction-set-variant=generic
01-19 14:01:03.625 15267 15267 I art     : option[38]=-Xcompiler-option
01-19 14:01:03.625 15267 15267 I art     : option[39]=--instruction-set-variant=generic
01-19 14:01:03.625 15267 15267 I art     : option[40]=-Ximage-compiler-option
01-19 14:01:03.625 15267 15267 I art     : option[41]=--instruction-set-features=default
01-19 14:01:03.625 15267 15267 I art     : option[42]=-Xcompiler-option
01-19 14:01:03.625 15267 15267 I art     : option[43]=--instruction-set-features=default
01-19 14:01:03.625 15267 15267 I art     : option[44]=-Duser.locale=en-US
01-19 14:01:03.625 15267 15267 I art     : option[45]=--cpu-abilist=arm64-v8a
01-19 14:01:03.625 15267 15267 I art     : option[46]=-Xfingerprint:samsung/lineage_herolte/herolte:7.1.2/NJH47F/023934f577:userdebug/test-keys
01-19 14:01:03.678 15267 15267 D ICU     : No timezone override file found: /data/misc/zoneinfo/current/icu/icu_tzdata.dat
01-19 14:01:03.712 15267 15267 I Radio-JNI: register_android_hardware_Radio DONE
01-19 14:01:03.714 15267 15267 I SamplingProfilerIntegration: Profiling disabled.
01-19 14:01:03.714 15267 15267 D Zygote  : begin preload
01-19 14:01:03.714 15267 15267 I Zygote  : Installing ICU cache reference pinning...
01-19 14:01:03.714 15267 15267 I Zygote  : Preloading ICU data...
01-19 14:01:03.723 15267 15267 I Zygote  : Preloading classes...
01-19 14:01:03.724 15267 15267 W Zygote  : Class not found for preloading: [Landroid.view.Display$ColorTransform;
01-19 14:01:03.742 15269 15269 I ExynosCamera3Interface: INFO(HAL_init[635]):in =====
01-19 14:01:03.742 15269 15269 I ExynosCamera3Interface: INFO(HAL_init[642]):out =====
01-19 14:01:03.742 15269 15269 D ExynosCamera3Interface: DEBUG:duration time(    1 msec):(HAL_init)
01-19 14:01:03.742 15269 15269 I CameraService: Loaded "Exynos Camera HAL3" camera module
01-19 14:01:03.742 15269 15269 I ExynosCamera3Interface: INFO(HAL_getCameraInfo[417]):in =====
01-19 14:01:03.742 15269 15269 D ExynosCameraMetadataConverter: DEBUG(constructStaticInfo[401]):ID(0)
01-19 14:01:03.742 15269 15269 D ExynosCameraUtils: DEBUG(getSensorIdFromFile[1792]):Sensor name is 109
01-19 14:01:03.742 15269 15269 D ExynosCameraUtils: (4)
01-19 14:01:03.742 15269 15269 I ExynosCamera3SensorInfo: INFO(createExynosCamera3SensorInfo[52]):sensor ID 109
01-19 14:01:03.742 15269 15269 I ExynosCamera3Interface: INFO(HAL_getCameraInfo[417]):in =====
01-19 14:01:03.742 15269 15269 D ExynosCameraMetadataConverter: DEBUG(constructStaticInfo[401]):ID(1)
01-19 14:01:03.742 15269 15269 D ExynosCameraUtils: DEBUG(getSensorIdFromFile[1792]):Sensor name is 21
01-19 14:01:03.742 15269 15269 D ExynosCameraUtils: (3)
01-19 14:01:03.742 15269 15269 I ExynosCamera3SensorInfo: INFO(createExynosCamera3SensorInfo[52]):sensor ID 21
01-19 14:01:03.742 15269 15269 D ExynosCameraMetadataConverter: DEBUG(m_createControlAvailableHighSpeedVideoConfigurations[3857]) Front camera does not support High Speed Video
01-19 14:01:03.742 15269 15269 D ExynosCameraMetadataConverter: DEBUG(constructStaticInfo[540]):ANDROID_CONTROL_AVAILABLE_HIGH_SPEED_VIDEO_CONFIGURATIONS is NULL
01-19 14:01:03.743 15269 15269 D ExynosCameraMetadataConverter: DEBUG(constructStaticInfo[1070]):vendorMeteringModes at sensorStaticInfo is NULL
01-19 14:01:03.743 15269 15269 D ExynosCameraMetadataConverter: DEBUG(constructStaticInfo[1084]):vendorOISModes at sensorStaticInfo is NULL
01-19 14:01:03.743 15269 15269 D ExynosCamera3Interface: DEBUG:duration time(    0 msec):(HAL_set_callbacks)
01-19 14:01:03.743 15269 15354 I ExynosCamera3Interface: INFO(init_func[610]):in =====
01-19 14:01:03.743 15269 15354 I ExynosCamera3Interface: INFO(init_func[624]):out =====
01-19 14:01:03.743 15269 15354 D ExynosCamera3Interface: DEBUG:duration time(    0 msec):(init_func)
01-19 14:01:03.768 15267 15267 E Typeface: Error mapping font file /system/fonts/DroidSansFallback.ttf
01-19 14:01:03.829 15267 15267 I art     : Thread[1,tid=15267,Native,Thread*=0x7fb2c95a00,peer=0x12c060d0,"main"] recursive attempt to load library "/system/lib64/libmedia_jni.so"
01-19 14:01:03.829 15267 15267 D MtpDeviceJNI: register_android_mtp_MtpDevice
01-19 14:01:03.829 15267 15267 I art     : Thread[1,tid=15267,Native,Thread*=0x7fb2c95a00,peer=0x12c060d0,"main"] recursive attempt to load library "/system/lib64/libmedia_jni.so"
01-19 14:01:03.829 15267 15267 I art     : Thread[1,tid=15267,Native,Thread*=0x7fb2c95a00,peer=0x12c060d0,"main"] recursive attempt to load library "/system/lib64/libmedia_jni.so"
01-19 14:01:03.837 15267 15267 E FFMPEGSoftCodec: Failed to load FFMPEG plugin: (null)
01-19 14:01:03.864 15267 15267 W Zygote  : Class not found for preloading: android.view.Display$ColorTransform
01-19 14:01:03.864 15267 15267 W Zygote  : Class not found for preloading: android.view.Display$ColorTransform$1
01-19 14:01:03.876 15267 15267 W System  : ClassLoader referenced unknown path: /system/framework/tcmclient.jar
01-19 14:01:03.915 15267 15267 I System  : Loaded time zone names for "" in 19ms (18ms in ICU)
01-19 14:01:03.925 15267 15267 I System  : Loaded time zone names for "en_US" in 10ms (9ms in ICU)
01-19 14:01:03.939 15267 15267 I Zygote  : ...preloaded 4158 classes in 216ms.
01-19 14:01:03.939 15267 15267 I art     : VMRuntime.preloadDexCaches starting
01-19 14:01:03.984 15347 15396 D libEGL  : loaded /vendor/lib64/egl/libGLES_mali.so
