01-19 14:01:03.999 15347 15396 D mali_winsys: EGLint new_window_surface(egl_winsys_display*, void*, EGLSurface, EGLConfig, egl_winsys_surface**, egl_color_buffer_format*, EGLBoolean) returns 0x3000,  [1440x2560]-format:2
01-19 14:01:04.006 15267 15267 I art     : VMRuntime.preloadDexCaches strings total=288543 before=40463 after=40463
01-19 14:01:04.006 15267 15267 I art     : VMRuntime.preloadDexCaches types total=23818 before=7915 after=7946
01-19 14:01:04.006 15267 15267 I art     : VMRuntime.preloadDexCaches fields total=113965 before=41393 after=41624
01-19 14:01:04.006 15267 15267 I art     : VMRuntime.preloadDexCaches methods total=199767 before=82854 after=83449
01-19 14:01:04.006 15267 15267 I art     : VMRuntime.preloadDexCaches finished
01-19 14:01:04.007 15267 15267 I Zygote  : Preloading resources...
01-19 14:01:04.021 15267 15267 W Resources: Preloaded drawable resource #0x108025c (android:drawable/dialog_background_material) that varies with configuration!!
01-19 14:01:04.025 15267 15267 W Resources: Preloaded color resource #0x10600ea (android:color/material_grey_800) that varies with configuration!!
01-19 14:01:04.025 15267 15267 W Resources: Preloaded drawable resource #0x10802c9 (android:drawable/floating_popup_background_dark) that varies with configuration!!
01-19 14:01:04.104 15267 15267 I Zygote  : ...preloaded 114 resources in 97ms.
01-19 14:01:04.106 15267 15267 W Resources: Preloaded color resource #0x1060114 (android:color/background_cache_hint_selector_material_dark) that varies with configuration!!
01-19 14:01:04.106 15267 15267 W Resources: Preloaded color resource #0x1060119 (android:color/btn_default_material_dark) that varies with configuration!!
01-19 14:01:04.107 15267 15267 I Zygote  : ...preloaded 41 resources in 3ms.
01-19 14:01:04.108 15267 15267 I Zygote  : ...preloaded 2 resource in 1ms.
01-19 14:01:04.114 15267 15267 D libEGL  : loaded /vendor/lib64/egl/libGLES_mali.so
01-19 14:01:04.123 15267 15267 I Zygote  : Preloading shared libraries...
01-19 14:01:04.129 15267 15267 I Zygote  : Uninstalled ICU cache reference pinning...
01-19 14:01:04.130 15267 15267 I Zygote  : Installed AndroidKeyStoreProvider in 1ms.
01-19 14:01:04.136 15267 15267 I Zygote  : Warmed up JCA providers in 6ms.
01-19 14:01:04.137 15267 15267 D Zygote  : end preload
01-19 14:01:04.137 15267 15267 I art     : Starting a blocking GC Explicit
01-19 14:01:04.144 15267 15267 I art     : Explicit concurrent mark sweep GC freed 7196(400KB) AllocSpace objects, 0(0B) LOS objects, 39% free, 7MB/13MB, paused 70us total 7.207ms
01-19 14:01:04.148 15267 15267 I art     : Starting a blocking GC Explicit
01-19 14:01:04.154 15267 15267 I art     : Explicit concurrent mark sweep GC freed 1260(42KB) AllocSpace objects, 0(0B) LOS objects, 39% free, 7MB/13MB, paused 60us total 6.215ms
01-19 14:01:04.307 15267 15345 I art     : Starting a blocking GC HeapTrim
01-19 14:01:04.312 15267 15267 I art     : Starting a blocking GC Background
01-19 14:01:04.359 15271 15271 E audio_route: Control 'DSP4 XM f010:0' doesn't exist - skipping
01-19 14:01:04.360 15271 15271 E audio_route: Control 'DSP4 XM f010:1' doesn't exist - skipping
01-19 14:01:04.360 15271 15271 E audio_route: Control 'DSP4 XM f010:0' doesn't exist - skipping
01-19 14:01:04.360 15271 15271 E audio_route: Control 'DSP4 XM f010:1' doesn't exist - skipping
01-19 14:01:04.360 15271 15271 E audio_route: Control 'DSP4 XM f010:0' doesn't exist - skipping
01-19 14:01:04.360 15271 15271 E audio_route: Control 'DSP4 XM f010:1' doesn't exist - skipping
01-19 14:01:04.360 15271 15271 E audio_route: Control 'DSP4 XM f010:0' doesn't exist - skipping
01-19 14:01:04.360 15271 15271 E audio_route: Control 'DSP4 XM f010:1' doesn't exist - skipping
01-19 14:01:04.360 15271 15271 E audio_route: Control 'DSP4 XM f010:0' doesn't exist - skipping
01-19 14:01:04.360 15271 15271 E audio_route: Control 'DSP4 XM f010:1' doesn't exist - skipping
01-19 14:01:04.360 15271 15271 E audio_route: Control 'DSP4 XM f010:0' doesn't exist - skipping
01-19 14:01:04.360 15271 15271 E audio_route: Control 'DSP4 XM f010:1' doesn't exist - skipping
01-19 14:01:04.360 15271 15271 E audio_route: Control 'DSP4 XM f010:0' doesn't exist - skipping
01-19 14:01:04.360 15271 15271 E audio_route: Control 'DSP4 XM f010:1' doesn't exist - skipping
01-19 14:01:04.360 15271 15271 E audio_route: Control 'DSP4 XM f010:0' doesn't exist - skipping
01-19 14:01:04.360 15271 15271 E audio_route: Control 'DSP4 XM f010:1' doesn't exist - skipping
01-19 14:01:04.361 15271 15271 E audio_route: Control 'DSP3 XM f007:0' doesn't exist - skipping
01-19 14:01:04.361 15271 15271 E audio_route: Control 'DSP3 XM f007:1' doesn't exist - skipping
01-19 14:01:04.361 15271 15271 E audio_route: Control 'DSP3 XM f007:0' doesn't exist - skipping
01-19 14:01:04.361 15271 15271 E audio_route: Control 'DSP3 XM f007:1' doesn't exist - skipping
01-19 14:01:04.361 15271 15271 E audio_route: Control 'DSP3 XM f007:0' doesn't exist - skipping
01-19 14:01:04.361 15271 15271 E audio_route: Control 'DSP3 XM f007:1' doesn't exist - skipping
01-19 14:01:04.361 15271 15271 E audio_route: Control 'DSP3 XM f007:0' doesn't exist - skipping
01-19 14:01:04.361 15271 15271 E audio_route: Control 'DSP3 XM f007:1' doesn't exist - skipping
01-19 14:01:04.362 15271 15271 V audio_hw_voice: voice_session_init: Forcing voice config: wide
01-19 14:01:04.362 15271 15271 I AudioFlinger: loadHwModule() Loaded primary audio interface from Samsung Audio HAL (audio) handle 10
01-19 14:01:04.362 15271 15271 I AudioFlinger: openOutput(), module 10 Device 2, SamplingRate 48000, Format 0x000001, Channels 3, flags a
01-19 14:01:04.362 15271 15271 I AudioFlinger: HAL output buffer size 480 frames, normal sink buffer size 960 frames
01-19 14:01:04.363 15271 15271 W EffectsFactory: loadLibrary() failed to open /system/vendor/lib/soundfx/libswdap.so
01-19 14:01:04.364 15271 15271 W EffectsFactory: loadLibrary() failed to open /system/vendor/lib/soundfx/libhwdap.so
01-19 14:01:04.364 15271 15271 W EffectsFactory: loadEffect() could not get library proxy
01-19 14:01:04.364 15271 15271 I BufferProvider: found effect "Multichannel Downmix To Stereo" from The Android Open Source Project
01-19 14:01:04.364 15271 15271 I AudioFlinger: Using module 10 has the primary audio interface
01-19 14:01:04.364 15271 15480 I AudioFlinger: AudioFlinger's thread 0xf6085000 ready to run
01-19 14:01:04.365 15271 15480 W AudioFlinger: no wake lock to update, system not ready yet
01-19 14:01:04.365 15271 15271 I AudioFlinger: openOutput(), module 10 Device 2, SamplingRate 48000, Format 0x000001, Channels 3, flags 4
01-19 14:01:04.365 15271 15271 I AudioFlinger: HAL output buffer size 256 frames, normal sink buffer size 768 frames
01-19 14:01:04.366 15271 15482 I AudioFlinger: AudioFlinger's thread 0xf5c83800 ready to run
01-19 14:01:04.366 15271 15482 W AudioFlinger: no wake lock to update, system not ready yet
01-19 14:01:04.367 15271 15484 I AudioFlinger: AudioFlinger's thread 0xf59836c0 ready to run
01-19 14:01:04.368 15271 15271 I bt_a2dp_hw: adev_open:  adev_open in A2dp_hw module
01-19 14:01:04.368 15271 15271 I AudioFlinger: loadHwModule() Loaded a2dp audio interface from A2DP Audio HW HAL (audio) handle 18
01-19 14:01:04.368 15271 15271 I AudioFlinger: loadHwModule() Loaded usb audio interface from USB audio HW HAL (audio) handle 26
01-19 14:01:04.369 15271 15271 I r_submix: adev_open(name=audio_hw_if)
01-19 14:01:04.369 15271 15271 I r_submix: adev_init_check()
01-19 14:01:04.369 15271 15271 I AudioFlinger: loadHwModule() Loaded r_submix audio interface from Wifi Display audio HAL (audio) handle 34
01-19 14:01:04.369 15271 15271 D r_submix: adev_open_input_stream(addr=0)
01-19 14:01:04.369 15271 15271 D r_submix: submix_audio_device_create_pipe_l(addr=0, idx=9)
01-19 14:01:04.369 15271 15271 D r_submix:   now using address 0 for route 9
01-19 14:01:04.369 15271 15485 I AudioFlinger: AudioFlinger's thread 0xf5903200 ready to run
01-19 14:01:04.369 15271 15271 D r_submix: adev_close_input_stream()
01-19 14:01:04.369 15271 15271 D r_submix: submix_audio_device_release_pipe_l(idx=9) addr=0
01-19 14:01:04.369 15271 15271 D r_submix: submix_audio_device_destroy_pipe_l(): pipe destroyed
01-19 14:01:04.370 15271 15271 I RadioService: RadioService
01-19 14:01:04.370 15271 15271 I RadioService: onFirstRef
01-19 14:01:04.370 15271 15271 E RadioService: couldn't load radio module radio.primary (No such file or directory)
01-19 14:01:04.370 15271 15271 E SoundTriggerHwService: couldn't load sound trigger module sound_trigger.primary (No such file or directory)
01-19 14:01:04.382 15267 15267 I Zygote  : System server process 15489 has been created
01-19 14:01:04.383 15267 15267 I Zygote  : Accepting command socket connections
01-19 14:01:04.397 15489 15489 I chatty  : uid=1000 system_server expire 60 lines
01-19 14:01:04.398 15489 15489 I chatty  : uid=1000 system_server expire 8 lines
01-19 14:01:04.534 15268 15268 V NatController: runCmd(/system/bin/iptables -w -F natctrl_FORWARD) res=0
01-19 14:01:04.545 15268 15268 V NatController: runCmd(/system/bin/ip6tables -w -F natctrl_FORWARD) res=0
01-19 14:01:04.555 15268 15268 V NatController: runCmd(/system/bin/iptables -w -A natctrl_FORWARD -j DROP) res=0
01-19 14:01:04.566 15268 15268 V NatController: runCmd(/system/bin/iptables -w -t nat -F natctrl_nat_POSTROUTING) res=0
01-19 14:01:04.575 15268 15268 V NatController: runCmd(/system/bin/ip6tables -w -t raw -F natctrl_raw_PREROUTING) res=0
01-19 14:01:04.585 15268 15268 V NatController: runCmd(/system/bin/iptables -w -F natctrl_tether_counters) res=0
01-19 14:01:04.596 15268 15268 V NatController: runCmd(/system/bin/ip6tables -w -F natctrl_tether_counters) res=0
01-19 14:01:04.606 15268 15268 V NatController: runCmd(/system/bin/iptables -w -X natctrl_tether_counters) res=0
01-19 14:01:04.615 15268 15268 V NatController: runCmd(/system/bin/ip6tables -w -X natctrl_tether_counters) res=0
01-19 14:01:04.624 15268 15268 V NatController: runCmd(/system/bin/iptables -w -N natctrl_tether_counters) res=0
01-19 14:01:04.635 15268 15268 V NatController: runCmd(/system/bin/ip6tables -w -N natctrl_tether_counters) res=0
01-19 14:01:04.645 15268 15268 V NatController: runCmd(/system/bin/iptables -w -t mangle -A natctrl_mangle_FORWARD -p tcp --tcp-flags SYN SYN -j TCPMSS --clamp-mss-to-pmtu) res=0
01-19 14:01:04.754 15268 15268 E Netd    : cannot find interface dummy0
01-19 14:01:04.760 15268 15268 D MDnsDS  : MDnsSdListener::Hander starting up
01-19 14:01:04.760 15268 15548 D MDnsDS  : MDnsSdListener starting to monitor
01-19 14:01:04.760 15268 15548 D MDnsDS  : Going to poll with pollCount 1
01-19 14:01:05.677  3014  3014 I lowmemorykiller: ActivityManager disconnected
01-19 14:01:05.677  3014  3014 I lowmemorykiller: Closing Activity Manager data connection
01-19 14:01:05.678  3033  3033 E         : eof
01-19 14:01:05.678  3033  3033 E         : failed to read size
01-19 14:01:05.678  3033  3033 I         : closing connection
01-19 14:01:05.679  3033  3033 I         : new connection
01-19 14:01:05.680  3040  3040 I chatty  : uid=1000(system) /system/bin/fingerprintd expire 134 lines
01-19 14:01:05.685  3015  3015 I ServiceManager: service 'dreams' died
01-19 14:01:05.685  3015  3015 I ServiceManager: service 'assetatlas' died
01-19 14:01:05.685  3015  3015 I ServiceManager: service 'graphicsstats' died
01-19 14:01:05.685  3015  3015 I ServiceManager: service 'print' died
01-19 14:01:05.686  3015  3015 I ServiceManager: service 'restrictions' died
01-19 14:01:05.686  3015  3015 I ServiceManager: service 'media_session' died
01-19 14:01:05.686  3015  3015 I ServiceManager: service 'media_router' died
01-19 14:01:05.686  3015  3015 I ServiceManager: service 'trust' died
01-19 14:01:05.686  3015  3015 I ServiceManager: service 'fingerprint' died
01-19 14:01:05.686  3015  3015 I ServiceManager: service 'media_projection' died
01-19 14:01:05.686  3015  3015 I ServiceManager: service 'imms' died
01-19 14:01:05.686  3015  3015 I ServiceManager: service 'cmstatusbar' died
01-19 14:01:05.686  3015  3015 I ServiceManager: service 'profile' died
01-19 14:01:05.686  3033  3033 E         : eof
01-19 14:01:05.686  3015  3015 I ServiceManager: service 'cmtelephonymanager' died
01-19 14:01:05.686  3033  3033 E         : failed to read size
01-19 14:01:05.686  3015  3015 I ServiceManager: service 'cmhardware' died
01-19 14:01:05.686  3033  3033 I         : closing connection
01-19 14:01:05.687  3015  3015 I ServiceManager: service 'cmperformance' died
01-19 14:01:05.687  3015  3015 I ServiceManager: service 'cmweather' died
01-19 14:01:05.687  3015  3015 I ServiceManager: service 'cmlivedisplay' died
01-19 14:01:05.687  3015  3015 I ServiceManager: service 'sensorservice' died
01-19 14:01:05.687  3015  3015 I ServiceManager: service 'netstats' died
01-19 14:01:05.687  3015  3015 I ServiceManager: service 'netpolicy' died
01-19 14:01:05.687  3015  3015 I ServiceManager: service 'wifip2p' died
01-19 14:01:05.687  3015  3015 I ServiceManager: service 'wifi' died
01-19 14:01:05.687  3015  3015 I ServiceManager: service 'wifiscanner' died
01-19 14:01:05.687  3015  3015 I ServiceManager: service 'rttmanager' died
01-19 14:01:05.687  3015  3015 I ServiceManager: service 'ethernet' died
01-19 14:01:05.688  3015  3015 I ServiceManager: service 'connectivity' died
01-19 14:01:05.688  3015  3015 I ServiceManager: service 'servicediscovery' died
01-19 14:01:05.688  3015  3015 I ServiceManager: service 'updatelock' died
01-19 14:01:05.688  3015  3015 I ServiceManager: service 'recovery' died
01-19 14:01:05.688  3015  3015 I ServiceManager: service 'notification' died
01-19 14:01:05.688  3015  3015 I ServiceManager: service 'devicestoragemonitor' died
01-19 14:01:05.688  3015  3015 I ServiceManager: service 'location' died
01-19 14:01:05.688  3015  3015 I ServiceManager: service 'country_detector' died
01-19 14:01:05.688  3015  3015 I ServiceManager: service 'search' died
01-19 14:01:05.688  3015  3015 I ServiceManager: service 'dropbox' died
01-19 14:01:05.688  3015  3015 I ServiceManager: service 'wallpaper' died
01-19 14:01:05.688  3015  3015 I ServiceManager: service 'audio' died
01-19 14:01:05.689  3015  3015 I ServiceManager: service 'vibrator' died
01-19 14:01:05.689  3015  3015 I ServiceManager: service 'consumer_ir' died
01-19 14:01:05.689  3015  3015 I ServiceManager: service 'alarm' died
01-19 14:01:05.689  3015  3015 I ServiceManager: service 'window' died
01-19 14:01:05.689  3015  3015 I ServiceManager: service 'input' died
01-19 14:01:05.689  3015  3015 I ServiceManager: service 'textservices' died
01-19 14:01:05.689  3015  3015 I ServiceManager: service 'vrmanager' died
01-19 14:01:05.689  3015  3015 I ServiceManager: service 'pinner' died
01-19 14:01:05.690  3015  3015 I ServiceManager: service 'input_method' died
01-19 14:01:05.690  3015  3015 I ServiceManager: service 'accessibility' died
01-19 14:01:05.690  3015  3015 I ServiceManager: service 'mount' died
01-19 14:01:05.690  3015  3015 I ServiceManager: service 'network_score' died
01-19 14:01:05.690  3015  3015 I ServiceManager: service 'uimode' died
01-19 14:01:05.690  3015  3015 I ServiceManager: service 'lock_settings' died
01-19 14:01:05.690  3015  3015 I ServiceManager: service 'deviceidle' died
01-19 14:01:05.690  3015  3015 I ServiceManager: service 'batterystats' died
01-19 14:01:05.690  3015  3015 I ServiceManager: service 'appops' died
01-19 14:01:05.690  3015  3015 I ServiceManager: service 'power' died
01-19 14:01:05.691  3015  3015 I ServiceManager: service 'display' died
01-19 14:01:05.779  3033  3033 I         : new connection
01-19 14:01:05.792 15489 15557 I chatty  : uid=1000(system) ActivityManager expire 1 line
01-19 14:01:05.793 15489 15558 I chatty  : uid=1000(system) android.ui expire 1 line
01-19 14:01:05.802 15489 15489 I chatty  : uid=1000 system_server expire 3 lines
01-19 14:01:05.905 15489 15565 I chatty  : uid=1000(system) android.display expire 1 line
01-19 14:01:05.912 15489 15489 I chatty  : uid=1000 system_server expire 1 line
01-19 14:01:05.913 15489 15567 I chatty  : uid=1000(system) PowerManagerSer expire 1 line
01-19 14:01:05.918 15489 15489 I chatty  : uid=1000 system_server expire 3 lines
01-19 14:01:05.925 15489 15565 I chatty  : uid=1000(system) android.display expire 4 lines
01-19 14:01:05.927 15263 15266 I chatty  : uid=1000(system) Binder:15263_2 expire 1 line
01-19 14:01:05.929 15489 15560 I chatty  : uid=1000(system) batterystats-sy expire 2 lines
01-19 14:01:05.938 15489 15560 I chatty  : uid=1000(system) batterystats-sy expire 1 line
01-19 14:01:05.957 15489 15489 I chatty  : uid=1000 system_server expire 4 lines
01-19 14:01:06.162 15489 15573 I chatty  : uid=1000(system) packagescan-1 expire 1 line
01-19 14:01:06.163 15489 15574 I chatty  : uid=1000(system) packagescan-2 expire 1 line
01-19 14:01:06.170 15489 15576 I chatty  : uid=1000(system) packagescan-4 expire 3 lines
01-19 14:01:06.228 15489 15575 I chatty  : uid=1000(system) packagescan-3 expire 1 line
01-19 14:01:06.266 15489 15577 I chatty  : uid=1000(system) packagescan-5 expire 1 line
01-19 14:01:06.284 15489 15576 I chatty  : uid=1000(system) packagescan-4 expire 1 line
01-19 14:01:06.329 15489 15575 I chatty  : uid=1000(system) packagescan-3 expire 2 lines
01-19 14:01:06.335 15489 15573 I chatty  : uid=1000(system) packagescan-1 expire 1 line
01-19 14:01:06.341 15489 15575 I chatty  : uid=1000(system) packagescan-3 expire 2 lines
01-19 14:01:06.341 15489 15578 I chatty  : uid=1000(system) packagescan-6 expire 3 lines
01-19 14:01:06.380 15489 15574 I chatty  : uid=1000(system) packagescan-2 expire 2 lines
01-19 14:01:06.396 15489 15575 I chatty  : uid=1000(system) packagescan-3 expire 1 line
01-19 14:01:06.400 15489 15576 I chatty  : uid=1000(system) packagescan-4 expire 4 lines
01-19 14:01:06.400 15489 15576 W PackageManager: Non-privileged app; cap priority to 0; package: com.android.cts.ctsshim activity: com.android.cts.ctsshim.InstallPriority origPrio: 100
01-19 14:01:06.470 15489 15575 W PackageManager: Permission com.android.email.permission.READ_ATTACHMENT from package com.android.email in an unknown group android.permission-group.MESSAGES
01-19 14:01:06.471 15489 15577 W PackageManager: Failed to parse /system/app/mcRegistry: Missing base APK in /system/app/mcRegistry
01-19 14:01:06.501 15489 15489 E PackageManager: There should probably be exactly one setup wizard; found 0: matches=[]
01-19 14:01:06.501 15489 15489 W PackageManager: Protected action; cap priority to 0; package: com.android.cts.priv.ctsshim activity: com.android.cts.priv.ctsshim.InstallPriority origPrio: 100
01-19 14:01:06.501 15489 15489 W PackageManager: Protected action; cap priority to 0; package: com.android.cts.priv.ctsshim activity: com.android.cts.priv.ctsshim.InstallPriority origPrio: 100
01-19 14:01:06.501 15489 15489 W PackageManager: Protected action; cap priority to 0; package: com.android.cts.priv.ctsshim activity: com.android.cts.priv.ctsshim.InstallPriority origPrio: 100
01-19 14:01:06.501 15489 15489 W PackageManager: Protected action; cap priority to 0; package: com.android.cts.priv.ctsshim activity: com.android.cts.priv.ctsshim.InstallPriority origPrio: 100
01-19 14:01:06.501 15489 15489 W PackageManager: Protected action; cap priority to 0; package: com.android.packageinstaller activity: com.android.packageinstaller.PackageInstallerActivity origPrio: 1
01-19 14:01:06.502 15489 15489 W PackageManager: Package com.android.gallery3d desires unavailable shared library com.google.android.media.effects; ignoring!
01-19 14:01:06.502 15489 15489 W PackageManager: Package com.android.gallery3d desires unavailable shared library com.google.android.media.effects; ignoring!
01-19 14:01:06.502 15489 15489 I PackageManager: Adjusting ABI for com.android.providers.downloads to arm64-v8a (requirer=com.android.mtp, scannedPackage=null)
01-19 14:01:06.504 15489 15489 I PackageManager: Adjusting ABI for com.android.providers.media to arm64-v8a (requirer=com.android.mtp, scannedPackage=null)
01-19 14:01:06.505 15489 15489 I PackageManager: Adjusting ABI for com.android.providers.downloads.ui to arm64-v8a (requirer=com.android.mtp, scannedPackage=null)
01-19 14:01:06.505 15489 15489 I PackageManager: Adjusting ABI for com.android.location.fused to arm64-v8a (requirer=android, scannedPackage=null)
01-19 14:01:06.506 15489 15489 I PackageManager: Adjusting ABI for com.android.development to arm64-v8a (requirer=android, scannedPackage=null)
01-19 14:01:06.507 15489 15489 I PackageManager: Adjusting ABI for com.android.server.telecom to arm64-v8a (requirer=android, scannedPackage=null)
01-19 14:01:06.508 15489 15489 I PackageManager: Adjusting ABI for com.cyanogenmod.setupwizard to arm64-v8a (requirer=android, scannedPackage=null)
01-19 14:01:06.508 15489 15489 I PackageManager: Adjusting ABI for org.cyanogenmod.cmparts to arm64-v8a (requirer=android, scannedPackage=null)
01-19 14:01:06.509 15489 15489 I PackageManager: Adjusting ABI for com.android.inputdevices to arm64-v8a (requirer=android, scannedPackage=null)
01-19 14:01:06.510 15489 15489 I PackageManager: Adjusting ABI for org.cyanogenmod.cmsettings to arm64-v8a (requirer=android, scannedPackage=null)
01-19 14:01:06.511 15489 15489 I PackageManager: Adjusting ABI for com.android.settings to arm64-v8a (requirer=android, scannedPackage=null)
01-19 14:01:06.512 15489 15489 I PackageManager: Adjusting ABI for com.android.wallpaperbackup to arm64-v8a (requirer=android, scannedPackage=null)
01-19 14:01:06.512 15489 15489 I PackageManager: Adjusting ABI for com.android.providers.settings to arm64-v8a (requirer=android, scannedPackage=null)
01-19 14:01:06.513 15489 15489 I PackageManager: Adjusting ABI for cyanogenmod.platform to arm64-v8a (requirer=android, scannedPackage=null)
01-19 14:01:06.514  3033  3033 E         : invalid apk path '/system/framework/org.cyanogenmod.platform-res.apk' (bad prefix)
01-19 14:01:06.514 15489 15489 I PackageManager: Adjusting ABI for com.android.keychain to arm64-v8a (requirer=android, scannedPackage=null)
01-19 14:01:06.520 15489 15489 I PackageManager: Time to scan packages: 0.377 seconds
01-19 14:01:06.521 15489 15489 W PackageManager: Unknown permission com.google.android.googleapps.permission.GOOGLE_AUTH in package com.android.providers.calendar
01-19 14:01:06.521 15489 15489 W PackageManager: Unknown permission com.google.android.googleapps.permission.GOOGLE_AUTH.cl in package com.android.providers.calendar
01-19 14:01:06.522 15489 15489 W PackageManager: Unknown permission cyanogenmod.permission.LEGALESE in package com.cyanogenmod.setupwizard
01-19 14:01:06.522 15489 15489 W PackageManager: Unknown permission com.android.gallery3d.permission.STORAGE_CHANGE in package com.android.camera2
01-19 14:01:06.522 15489 15489 W PackageManager: Unknown permission com.google.android.googleapps.permission.GOOGLE_AUTH.mail in package com.android.calendar
01-19 14:01:06.523 15489 15489 W PackageManager: Unknown permission com.google.android.c2dm.permission.RECEIVE in package com.android.webview
01-19 14:01:06.523 15489 15489 W PackageManager: Unknown permission com.android.launcher.permission.READ_SETTINGS in package com.android.onetimeinitializer
01-19 14:01:06.523 15489 15489 W PackageManager: Unknown permission com.android.launcher.permission.WRITE_SETTINGS in package com.android.onetimeinitializer
01-19 14:01:06.523 15489 15489 W PackageManager: Unknown permission com.android.launcher.permission.READ_SETTINGS in package com.cyanogenmod.trebuchet
01-19 14:01:06.523 15489 15489 W PackageManager: Unknown permission com.android.launcher.permission.WRITE_SETTINGS in package com.cyanogenmod.trebuchet
01-19 14:01:06.523 15489 15489 W PackageManager: Unknown permission com.google.android.permission.INSTALL_WEARABLE_PACKAGES in package com.android.packageinstaller
01-19 14:01:06.524 15489 15489 W PackageManager: Not granting permission android.permission.DELETE_PACKAGES to package com.svox.pico (protectionLevel=18 flags=0x3808be45)
01-19 14:01:06.524 15489 15489 W PackageManager: Unknown permission com.google.android.gallery3d.permission.PICASA_STORE in package com.android.dreams.phototable
01-19 14:01:06.524 15489 15489 W PackageManager: Unknown permission com.google.android.googleapps.permission.GOOGLE_AUTH in package com.android.settings
01-19 14:01:06.525 15489 15489 W PackageManager: Unknown permission com.android.launcher.permission.READ_SETTINGS in package com.android.settings
01-19 14:01:06.525 15489 15489 W PackageManager: Unknown permission com.android.launcher.permission.WRITE_SETTINGS in package com.android.settings
01-19 14:01:06.526 15489 15489 W PackageManager: Not granting permission android.permission.MANAGE_DOCUMENTS to package com.android.deskclock (protectionLevel=2 flags=0x3c49be45)
01-19 14:01:06.526 15489 15489 W PackageManager: Unknown permission com.android.deskclock.worldclock.permissions.WRITE_DATABASE in package com.android.deskclock
01-19 14:01:06.526 15489 15489 W PackageManager: Unknown permission org.codeaurora.permission.POWER_ON_ALERT in package com.android.deskclock
01-19 14:01:06.526 15489 15489 W PackageManager: Not granting permission android.permission.WRITE_SECURE_SETTINGS to package com.android.deskclock (protectionLevel=50 flags=0x3c49be45)
01-19 14:01:06.526 15489 15489 W PackageManager: Unknown permission com.cyanogenmod.lockclock.permission.READ_WEATHER in package com.android.systemui
01-19 14:01:06.527 15489 15489 W PackageManager: Unknown permission com.google.android.gallery3d.permission.GALLERY_PROVIDER in package com.android.bluetooth
01-19 14:01:06.529 15489 15489 W PackageManager: Unknown permission com.google.android.googleapps.permission.ACCESS_GOOGLE_PASSWORD in package com.android.development
01-19 14:01:06.529 15489 15489 W PackageManager: Unknown permission com.google.android.googleapps.permission.GOOGLE_AUTH in package com.android.development
01-19 14:01:06.529 15489 15489 W PackageManager: Unknown permission com.google.android.googleapps.permission.GOOGLE_AUTH.ALL_SERVICES in package com.android.development
01-19 14:01:06.529 15489 15489 W PackageManager: Unknown permission com.google.android.googleapps.permission.GOOGLE_AUTH.YouTubeUser in package com.android.development
01-19 14:01:06.530 15489 15489 V PackageManager: reconcileAppsData for null u0 0x3
01-19 14:01:06.844 15489 15489 V PackageManager: reconcileAppsData finished 90 packages
01-19 14:01:06.847 15489 15489 V PackageManager: Disabling com.google.android.gsf/com.google.android.gsf.update.SystemUpdateActivity
01-19 14:01:06.848 15489 15489 W PackageManager: Unable to disable com.google.android.gsf/com.google.android.gsf.update.SystemUpdateActivity
01-19 14:01:06.848 15489 15489 V PackageManager: Disabling com.google.android.gsf/com.google.android.gsf.update.SystemUpdateService$Receiver
01-19 14:01:06.848 15489 15489 W PackageManager: Unable to disable com.google.android.gsf/com.google.android.gsf.update.SystemUpdateService$Receiver
01-19 14:01:06.848 15489 15489 V PackageManager: Disabling com.google.android.gsf/com.google.android.gsf.update.SystemUpdateService$SecretCodeReceiver
01-19 14:01:06.848 15489 15489 W PackageManager: Unable to disable com.google.android.gsf/com.google.android.gsf.update.SystemUpdateService$SecretCodeReceiver
01-19 14:01:06.848 15489 15489 V PackageManager: Disabling com.google.android.gsf/com.google.android.gsf.update.SystemUpdateServiceReceiver
01-19 14:01:06.848 15489 15489 W PackageManager: Unable to disable com.google.android.gsf/com.google.android.gsf.update.SystemUpdateServiceReceiver
01-19 14:01:06.848 15489 15489 V PackageManager: Disabling com.google.android.gms/com.google.android.gms.update.SystemUpdateActivity
01-19 14:01:06.850 15489 15489 W PackageManager: Unable to disable com.google.android.gms/com.google.android.gms.update.SystemUpdateActivity
01-19 14:01:06.850 15489 15489 V PackageManager: Disabling com.google.android.gms/com.google.android.gms.update.SystemUpdateService$Receiver
01-19 14:01:06.850 15489 15489 W PackageManager: Unable to disable com.google.android.gms/com.google.android.gms.update.SystemUpdateService$Receiver
01-19 14:01:06.851 15489 15489 V PackageManager: Disabling com.google.android.gms/com.google.android.gms.update.SystemUpdateService$ActiveReceiver
01-19 14:01:06.851 15489 15489 W PackageManager: Unable to disable com.google.android.gms/com.google.android.gms.update.SystemUpdateService$ActiveReceiver
01-19 14:01:06.851 15489 15489 V PackageManager: Disabling com.google.android.gms/com.google.android.gms.update.SystemUpdateService$SecretCodeReceiver
01-19 14:01:06.851 15489 15489 W PackageManager: Unable to disable com.google.android.gms/com.google.android.gms.update.SystemUpdateService$SecretCodeReceiver
01-19 14:01:06.851 15489 15489 V PackageManager: Disabling com.google.android.gms/com.google.android.gms.update.SystemUpdateServiceReceiver
01-19 14:01:06.851 15489 15489 W PackageManager: Unable to disable com.google.android.gms/com.google.android.gms.update.SystemUpdateServiceReceiver
01-19 14:01:06.851 15489 15489 V PackageManager: Enabling com.google.android.gsf/com.google.android.gsf.update.SystemUpdateService
01-19 14:01:06.852 15489 15489 W PackageManager: Unable to enable com.google.android.gsf/com.google.android.gsf.update.SystemUpdateService
01-19 14:01:06.852 15489 15489 V PackageManager: Enabling com.google.android.gms/com.google.android.gms.update.SystemUpdateService
01-19 14:01:06.852 15489 15489 W PackageManager: Unable to enable com.google.android.gms/com.google.android.gms.update.SystemUpdateService
01-19 14:01:06.939 15489 15489 D PackageManager: Ephemeral resolver NOT found; no matching intent filters
01-19 14:01:06.940 15489 15489 I PackageManager: Ephemeral deactivated; missing resolver and installer
01-19 14:01:06.978 15489 15489 I SystemServer: StartOtaDexOptService
01-19 14:01:06.980 15489 15489 I SystemServer: StartUserManagerService
01-19 14:01:06.980 15489 15489 I SystemServiceManager: Starting com.android.server.pm.UserManagerService$LifeCycle
01-19 14:01:06.991  3014  3014 I lowmemorykiller: ActivityManager connected
01-19 14:01:06.992 15489 15489 I SystemServiceManager: Starting com.android.server.BatteryService
01-19 14:01:06.993 15489 15581 I chatty  : uid=1000 system_server expire 57 lines
01-19 14:01:07.006 15489 15489 I SystemServiceManager: Starting com.android.server.usage.UsageStatsService
01-19 14:01:07.012 15489 15489 I SystemServiceManager: Starting com.android.server.webkit.WebViewUpdateService
01-19 14:01:07.020 15489 15489 I SystemServer: Reading configuration...
01-19 14:01:07.020 15489 15489 I SystemServer: StartSchedulingPolicyService
01-19 14:01:07.022 15489 15489 I SystemServiceManager: Starting com.android.server.telecom.TelecomLoaderService
01-19 14:01:07.022 15489 15489 I SystemServer: StartTelephonyRegistry
01-19 14:01:07.026 15489 15489 I SystemServer: StartEntropyMixer
01-19 14:01:07.044 15489 15587 I chatty  : uid=1000(system) SensorService expire 1 line
01-19 14:01:07.047 15489 15586 I chatty  : uid=1000(system) SensorEventAckR expire 1 line
01-19 14:01:07.069 15489 15489 I EntropyMixer: Added HW RNG output to entropy pool
01-19 14:01:07.069 15489 15489 I EntropyMixer: Writing entropy...
01-19 14:01:07.077 15489 15489 I SystemServer: Camera Service
01-19 14:01:07.077 15489 15489 I SystemServiceManager: Starting com.android.server.camera.CameraService
01-19 14:01:07.083 15489 15589 I ServiceThread: Enabled StrictMode logging for CameraService_proxy looper.
01-19 14:01:07.085 15489 15489 I SystemServer: StartAccountManagerService
01-19 14:01:07.086 15489 15489 I SystemServiceManager: Starting com.android.server.accounts.AccountManagerService$Lifecycle
01-19 14:01:07.101 15489 15489 I SystemServer: StartContentService
01-19 14:01:07.102 15489 15489 I SystemServiceManager: Starting com.android.server.content.ContentService$Lifecycle
01-19 14:01:07.105 15489 15489 I SystemServer: InstallSystemProviders
01-19 14:01:07.138 15489 15489 I SystemServer: StartVibratorService
01-19 14:01:07.142 15489 15489 I SystemServer: StartConsumerIrService
01-19 14:01:07.143 15489 15489 I SystemServer: StartAlarmManagerService
01-19 14:01:07.143 15489 15489 I SystemServiceManager: Starting com.android.server.AlarmManagerService
01-19 14:01:07.150 15489 15489 I SystemServer: InitWatchdog
01-19 14:01:07.150 15489 15489 I SystemServer: StartInputManagerService
01-19 14:01:07.151 15489 15489 I InputManager: Initializing input manager, mUseDevInputEventForAudioJack=false
01-19 14:01:07.153 15489 15489 I SystemServer: StartWindowManagerService
01-19 14:01:07.174 15489 15565 I WindowManager: No existing display settings /data/system/display_settings.xml; starting empty
01-19 14:01:07.196 15489 15558 I chatty  : uid=1000(system) android.ui expire 3 lines
01-19 14:01:07.351 15489 15489 I SystemServer: StartVrManagerService
01-19 14:01:07.351 15489 15489 I SystemServiceManager: Starting com.android.server.vr.VrManagerService
01-19 14:01:07.368 15489 15554 I chatty  : uid=1000(system) Binder:15489_1 expire 1 line
01-19 14:01:07.369 15489 15489 I InputManager: Starting input manager
01-19 14:01:07.371 15489 15606 I chatty  : uid=1000(system) InputReader expire 37 lines
01-19 14:01:07.388 15489 15489 I SystemServiceManager: Starting com.android.server.BluetoothService
01-19 14:01:07.393 15489 15489 D BluetoothManagerService: Loading stored name and address
01-19 14:01:07.393 15489 15489 D BluetoothManagerService: Stored bluetooth Name=Samsung Galaxy S7,Address=E4:FA:ED:FD:DA:D6
01-19 14:01:07.393 15489 15489 D BluetoothManagerService: Bluetooth persisted state: 0
01-19 14:01:07.394 15489 15489 I SystemServer: ConnectivityMetricsLoggerService
01-19 14:01:07.394 15489 15489 I SystemServiceManager: Starting com.android.server.connectivity.MetricsLoggerService
01-19 14:01:07.396 15489 15489 I SystemServer: IpConnectivityMetrics
01-19 14:01:07.399 15489 15489 I SystemServiceManager: Starting com.android.server.connectivity.IpConnectivityMetrics
01-19 14:01:07.402 15489 15489 I SystemServer: PinnerService
01-19 14:01:07.402 15489 15489 I SystemServiceManager: Starting com.android.server.PinnerService
01-19 14:01:07.404 15489 15489 I SystemServiceManager: Starting com.android.server.InputMethodManagerService$Lifecycle
01-19 14:01:07.455 15489 15489 I SystemServer: StartAccessibilityManagerService
01-19 14:01:07.460 15489 15489 I ActivityManager: Config changes=1df8 {1.0 ?mcc?mnc [en_US] ldltr sw411dp w411dp h731dp 560dpi nrml long port ?uimode ?night -touch -keyb/h/h -nav/h s.2}
01-19 14:01:07.470 15489 15489 I ActivityManager: Config changes=400 {1.0 ?mcc?mnc [en_US] ldltr sw411dp w411dp h707dp 560dpi nrml long port ?uimode ?night -touch -keyb/h/h -nav/h s.3}
01-19 14:01:07.474 15489 15489 W LocalDisplayAdapter: Unable to find color mode 0, ignoring request.
01-19 14:01:07.483 15607 15607 I chatty  : uid=1021(gps) /system/bin/lhd expire 4 lines
01-19 14:01:07.490 15489 15489 I SystemServiceManager: Starting com.android.server.MountService$Lifecycle
01-19 14:01:07.494  2944  2944 W         : debuggerd: handling request: pid=15607 uid=1021 gid=1000 tid=15607
01-19 14:01:07.497 15489 15608 D MountService: Thinking about init, mSystemReady=false, mDaemonConnected=true
01-19 14:01:07.497 15489 15608 D MountService: Thinking about reset, mSystemReady=false, mDaemonConnected=true
01-19 14:01:07.502 15489 15489 I SystemServiceManager: Starting com.android.server.UiModeManagerService
01-19 14:01:07.503 15609 15609 E         : debuggerd: Unable to connect to activity manager (connect failed: Connection refused)
01-19 14:01:07.503 15489 15489 I ActivityManager: Config changes=200 {1.0 ?mcc?mnc [en_US] ldltr sw411dp w411dp h707dp 560dpi nrml long port -touch -keyb/h/h -nav/h s.4}
01-19 14:01:07.506 15489 15556 I UsageStatsService: User[0] Rollover scheduled @ 2016-01-20 02:05:52(1453295152557)
01-19 14:01:07.508 15489 15608 D MountService: Thinking about init, mSystemReady=false, mDaemonConnected=true
01-19 14:01:07.508 15489 15608 D MountService: Thinking about reset, mSystemReady=false, mDaemonConnected=true
01-19 14:01:07.508 15489 15608 D CryptdConnector: SND -> {1 cryptfs getfield SystemLocale}
01-19 14:01:07.509 15489 15611 D CryptdConnector: RCV <- {200 1 -1}
01-19 14:01:07.510 15489 15489 I SystemServer: StartLockSettingsService
01-19 14:01:07.511 15489 15608 W MountService: No primary storage mounted!
01-19 14:01:07.511 15489 15489 I SystemServiceManager: Starting com.android.server.LockSettingsService$Lifecycle
01-19 14:01:07.511 15489 15608 D VoldConnector: SND -> {1 asec list}
01-19 14:01:07.517 15489 15489 I SystemServiceManager: Starting com.android.server.DeviceIdleController
01-19 14:01:07.519 15489 15610 D VoldConnector: RCV <- {200 1 asec operation succeeded}
01-19 14:01:07.520 15489 15489 I SystemServiceManager: Starting com.android.server.devicepolicy.DevicePolicyManagerService$Lifecycle
01-19 14:01:07.524 15489 15608 I chatty  : uid=1000(system) MountService expire 3 lines
01-19 14:01:07.525 15489 15608 W PackageManager: Unknown permission com.google.android.googleapps.permission.GOOGLE_AUTH in package com.android.providers.calendar
01-19 14:01:07.525 15489 15608 W PackageManager: Unknown permission com.google.android.googleapps.permission.GOOGLE_AUTH.cl in package com.android.providers.calendar
01-19 14:01:07.525 15489 15489 I SystemServer: StartStatusBarManagerService
01-19 14:01:07.525 15489 15608 W PackageManager: Unknown permission cyanogenmod.permission.LEGALESE in package com.cyanogenmod.setupwizard
01-19 14:01:07.525 15489 15608 W PackageManager: Unknown permission com.android.gallery3d.permission.STORAGE_CHANGE in package com.android.camera2
01-19 14:01:07.526 15489 15608 W PackageManager: Unknown permission com.google.android.googleapps.permission.GOOGLE_AUTH.mail in package com.android.calendar
01-19 14:01:07.526 15489 15608 W PackageManager: Unknown permission com.google.android.c2dm.permission.RECEIVE in package com.android.webview
01-19 14:01:07.526 15489 15608 W PackageManager: Unknown permission com.android.launcher.permission.READ_SETTINGS in package com.android.onetimeinitializer
01-19 14:01:07.526 15489 15608 W PackageManager: Unknown permission com.android.launcher.permission.WRITE_SETTINGS in package com.android.onetimeinitializer
01-19 14:01:07.526 15489 15608 W PackageManager: Unknown permission com.android.launcher.permission.READ_SETTINGS in package com.cyanogenmod.trebuchet
01-19 14:01:07.526 15489 15608 W PackageManager: Unknown permission com.android.launcher.permission.WRITE_SETTINGS in package com.cyanogenmod.trebuchet
01-19 14:01:07.526 15489 15608 W PackageManager: Unknown permission com.google.android.permission.INSTALL_WEARABLE_PACKAGES in package com.android.packageinstaller
01-19 14:01:07.526 15489 15608 W PackageManager: Not granting permission android.permission.DELETE_PACKAGES to package com.svox.pico (protectionLevel=18 flags=0x3808be45)
01-19 14:01:07.526 15489 15489 I SystemServer: StartClipboardService
01-19 14:01:07.527 15489 15608 W PackageManager: Unknown permission com.google.android.gallery3d.permission.PICASA_STORE in package com.android.dreams.phototable
01-19 14:01:07.527 15489 15608 W PackageManager: Unknown permission com.google.android.googleapps.permission.GOOGLE_AUTH in package com.android.settings
01-19 14:01:07.527 15489 15608 W PackageManager: Unknown permission com.android.launcher.permission.READ_SETTINGS in package com.android.settings
01-19 14:01:07.527 15489 15608 W PackageManager: Unknown permission com.android.launcher.permission.WRITE_SETTINGS in package com.android.settings
01-19 14:01:07.528 15489 15608 W PackageManager: Not granting permission android.permission.MANAGE_DOCUMENTS to package com.android.deskclock (protectionLevel=2 flags=0x3c49be45)
01-19 14:01:07.528 15489 15608 W PackageManager: Unknown permission com.android.deskclock.worldclock.permissions.WRITE_DATABASE in package com.android.deskclock
01-19 14:01:07.528 15489 15608 W PackageManager: Unknown permission org.codeaurora.permission.POWER_ON_ALERT in package com.android.deskclock
01-19 14:01:07.528 15489 15608 W PackageManager: Not granting permission android.permission.WRITE_SECURE_SETTINGS to package com.android.deskclock (protectionLevel=50 flags=0x3c49be45)
01-19 14:01:07.528 15489 15608 W PackageManager: Unknown permission com.cyanogenmod.lockclock.permission.READ_WEATHER in package com.android.systemui
01-19 14:01:07.528 15489 15608 W PackageManager: Unknown permission com.google.android.gallery3d.permission.GALLERY_PROVIDER in package com.android.bluetooth
01-19 14:01:07.528 15489 15608 W PackageManager: Unknown permission com.google.android.googleapps.permission.ACCESS_GOOGLE_PASSWORD in package com.android.development
01-19 14:01:07.528 15489 15608 W PackageManager: Unknown permission com.google.android.googleapps.permission.GOOGLE_AUTH in package com.android.development
01-19 14:01:07.528 15489 15608 W PackageManager: Unknown permission com.google.android.googleapps.permission.GOOGLE_AUTH.ALL_SERVICES in package com.android.development
01-19 14:01:07.528 15489 15608 W PackageManager: Unknown permission com.google.android.googleapps.permission.GOOGLE_AUTH.YouTubeUser in package com.android.development
01-19 14:01:07.529 15489 15489 I SystemServer: StartNetworkManagementService
01-19 14:01:07.539 15489 15612 I NetworkManagement: onDaemonConnected()
01-19 14:01:07.547 15489 15489 I SystemServiceManager: Starting com.android.server.TextServicesManagerService$Lifecycle
01-19 14:01:07.578 15489 15489 I SystemServer: StartNetworkScoreService
01-19 14:01:07.579 15489 15608 W MountService: No primary storage mounted!
01-19 14:01:07.579 15489 15608 D VoldConnector: SND -> {2 asec list}
01-19 14:01:07.580 15489 15610 D VoldConnector: RCV <- {200 2 asec operation succeeded}
01-19 14:01:07.581 15489 15489 I SystemServer: StartNetworkStatsService
01-19 14:01:07.585 15489 15489 I SystemServer: StartNetworkPolicyManagerService
01-19 14:01:07.589 15489 15489 I SystemServer: No Wi-Fi NAN Service (NAN support Not Present)
01-19 14:01:07.590 15489 15489 I SystemServiceManager: Starting com.android.server.wifi.p2p.WifiP2pService
01-19 14:01:07.630 15489 15489 I SystemServiceManager: Starting com.android.server.wifi.WifiService
01-19 14:01:07.638  2944  2944 W         : debuggerd: resuming target 15607
01-19 14:01:07.638  2944  2944 E         : debuggerd: failed to send signal 18 to target: No such process
01-19 14:01:07.750 15268 15552 D CommandListener: Clearing all IP addresses on wlan0
01-19 14:01:07.956 15489 15622 I chatty  : uid=1000(system) WifiStateMachin expire 1 line
01-19 14:01:08.000 15489 15489 I SystemServiceManager: Starting com.android.server.wifi.scanner.WifiScanningService
01-19 14:01:08.015 15489 15489 I SystemServiceManager: Starting com.android.server.wifi.RttService
01-19 14:01:08.021 15489 15489 I SystemServiceManager: Starting com.android.server.ethernet.EthernetService
01-19 14:01:08.025 15489 15489 I SystemServer: StartConnectivityService
01-19 14:01:08.037 15489 15489 D ConnectivityService: ConnectivityService starting up
01-19 14:01:08.046 15489 15489 D ConnectivityService: wifiOnly=false
01-19 14:01:08.055 15489 15489 I SystemServer: StartNsdService
01-19 14:01:08.059 15489 15489 I SystemServer: StartUpdateLockService
01-19 14:01:08.061 15489 15489 I SystemServiceManager: Starting com.android.server.RecoverySystemService
01-19 14:01:08.063 15489 15489 I SystemServiceManager: Starting com.android.server.notification.NotificationManagerService
01-19 14:01:08.083 15489 15489 D ConditionProviders.SCP: new ScheduleConditionProvider()
01-19 14:01:08.087 15489 15489 D ZenLog  : config: readXml,ZenModeConfig[user=0,allowCalls=true,allowRepeatCallers=false,allowMessages=false,allowCallsFrom=contacts,allowMessagesFrom=contacts,allowReminders=true,allowEvents=true,allowWhenScreenOff=true,allowWhenScreenOn=true,automaticRules={ef47cc757fd44472b892444cbf32df00=ZenRule[enabled=false,snoozing=false,name=Event,zenMode=ZEN_MODE_ALARMS,conditionId=condition://android/event?userId=-10000&calendar=&reply=1,condition=Condition[id=condition://android/event?userId=-10000&calendar=&reply=1,summary=...,line1=...,line2=...,icon=0,state=STATE_FALSE,flags=2],component=ComponentInfo{android/com.android.server.notification.EventConditionProvider},id=ef47cc757fd44472b892444cbf32df00,creationTime=1452428313209,enabler=null], df8365469dca4d8aa9aa01a37f484e10=ZenRule[enabled=false,snoozing=false,name=Weekend,zenMode=ZEN_MODE_ALARMS,conditionId=condition://android/schedule?days=6.7&start=23.30&end=10.0&exitAtAlarm=false,condition=Condition[id=condition://android/schedule?days=6.7&start=23.30&end=10.0&exitAtAlarm=false,summary=...,line1=...,line2=...,icon=0,state=STATE_FALSE,flags=2],component=ComponentInfo{android/com.android.server.notification.ScheduleConditionProvider},id=df8365469dca4d8aa9aa01a37f484e10,creationTime=1452428313208,enabler=null], bdaffc8901b7469a80d9760cd3bc016b=ZenRule[enabled=false,snoozing=false,name=Weeknight,zenMode=ZEN_MODE_ALARMS,conditionId=condition://android/schedule?days=1.2.3.4.5&start=22.0&end=7.0&exitAtAlarm=false,condition=Condition[id=condition://android/schedule?days=1.2.3.4.5&start=22.0&end=7.0&exitAtAlarm=false,summary=...,line1=...,line2=...,icon=0,state=STATE_FALSE,flags=2],component=ComponentInfo{android/com.android.server.notification.ScheduleConditionProvider},id=bdaffc8901b7469a80d9760cd3bc016b,creationTime=1452428313208,enabler=null]},manualRule=null],Diff[automaticRule[ef47cc757fd44472b892444cbf32df00]:insert,automaticRule[4f75348a5cd846abad9b540e8bf7fbde]:delete,automaticRule[f4b2f201065447d1a202724aa18d2f73]:delete,automaticRule[df8365469dca4d8aa9aa01a37f484e10]:insert,automaticRule[bdaffc8901b7469a80d9760cd3bc016b]:insert,automaticRule[36ca58c674e045f6b4803ae1cf54c645]:delete]
01-19 14:01:08.095 15489 15489 D ZenLog  : set_zen_mode: off,init
01-19 14:01:08.104 15489 15489 I SystemServiceManager: Starting com.android.server.storage.DeviceStorageMonitorService
01-19 14:01:08.107 15489 15489 I SystemServer: StartLocationManagerService
01-19 14:01:08.111 15489 15489 I SystemServer: StartCountryDetectorService
01-19 14:01:08.112 15489 15489 I SystemServer: StartSearchManagerService
01-19 14:01:08.112 15489 15489 I SystemServiceManager: Starting com.android.server.search.SearchManagerService$Lifecycle
01-19 14:01:08.114 15489 15489 I SystemServiceManager: Starting com.android.server.DropBoxManagerService
01-19 14:01:08.115 15489 15489 I SystemServer: StartWallpaperManagerService
01-19 14:01:08.115 15489 15489 I SystemServiceManager: Starting com.android.server.wallpaper.WallpaperManagerService$Lifecycle
01-19 14:01:08.117 15489 15489 E WallpaperManagerService: Invalid wallpaper data
01-19 14:01:08.117 15489 15489 E WallpaperManagerService: Unable to apply new wallpaper
01-19 14:01:08.119 15489 15489 I SystemServer: StartAudioService
01-19 14:01:08.119 15489 15489 I SystemServiceManager: Starting com.android.server.audio.AudioService$Lifecycle
01-19 14:01:08.130 15271 15271 D PermissionCache: checking android.permission.MODIFY_AUDIO_SETTINGS for uid=1000 => granted (1208 us)
01-19 14:01:08.131 15271 15486 D PermissionCache: checking android.permission.MODIFY_AUDIO_SETTINGS for uid=1000 => granted (1373 us)
01-19 14:01:08.132 15271 15482 W AudioFlinger: no wake lock to update, system not ready yet
01-19 14:01:08.133 15271 15480 W AudioFlinger: no wake lock to update, system not ready yet
01-19 14:01:08.162 15489 15489 I SystemServiceManager: Starting com.android.server.DockObserver
01-19 14:01:08.163 15489 15489 I SystemServer: StartWiredAccessoryManager
01-19 14:01:08.164 15489 15489 W WiredAccessoryManager: This kernel does not have usb audio support
01-19 14:01:08.164 15489 15489 W WiredAccessoryManager: This kernel does not have HDMI audio support
01-19 14:01:08.164 15489 15489 I SystemServiceManager: Starting com.android.server.usb.UsbService$Lifecycle
01-19 14:01:08.173 15489 15489 I SystemServer: StartSerialService
01-19 14:01:08.176 15489 15489 I SystemServiceManager: Starting com.android.server.twilight.TwilightService
01-19 14:01:08.176 15489 15489 I SystemServiceManager: Starting com.android.server.job.JobSchedulerService
01-19 14:01:08.179 15489 15489 D JobStore: Start tag: job-info
01-19 14:01:08.185 15489 15489 I SystemServiceManager: Starting com.android.server.soundtrigger.SoundTriggerService
01-19 14:01:08.187 15489 15489 I SystemServiceManager: Starting com.android.server.backup.BackupManagerService$Lifecycle
01-19 14:01:08.189 15489 15489 I SystemServiceManager: Starting com.android.server.appwidget.AppWidgetService
01-19 14:01:08.194 15489 15489 I SystemServiceManager: Starting com.android.server.voiceinteraction.VoiceInteractionManagerService
01-19 14:01:08.196 15489 15489 I SystemServer: Gesture Launcher Service
01-19 14:01:08.196 15489 15489 I SystemServiceManager: Starting com.android.server.GestureLauncherService
01-19 14:01:08.196 15489 15489 I SystemServiceManager: Starting com.android.server.SensorNotificationService
01-19 14:01:08.197 15489 15489 I SystemServiceManager: Starting com.android.server.ContextHubSystemService
01-19 14:01:08.198 15489 15489 I SystemServer: StartDiskStatsService
01-19 14:01:08.200 15489 15489 I SystemServer: StartSamplingProfilerService
01-19 14:01:08.206 15489 15489 I SystemServer: StartNetworkTimeUpdateService
01-19 14:01:08.208 15489 15489 I SystemServer: StartCommonTimeManagementService
01-19 14:01:08.209 15489 15489 I SystemServer: CertBlacklister
01-19 14:01:08.210 15489 15489 I SystemServiceManager: Starting com.android.server.emergency.EmergencyAffordanceService
01-19 14:01:08.211 15489 15489 I SystemServiceManager: Starting com.android.server.dreams.DreamManagerService
01-19 14:01:08.212 15489 15489 I SystemServer: StartAssetAtlasService
01-19 14:01:08.216 15489 15639 I chatty  : uid=1000 system_server expire 2 lines
