--------- beginning of system
01-19 02:05:49.497  2945  2945 I vold    : Vold 3.0 (the awakening) firing up
01-19 02:05:49.497  2945  2945 V vold    : Detected support for: exfat ext4 ntfs vfat
01-19 02:05:49.499  2945  2945 W Vold    : Tearing down stale mount /mnt/secure/asec
01-19 02:05:49.532  2945  2945 W Vold    : Tearing down stale mount /mnt/secure
01-19 02:05:49.614  2945  3000 D vold    : e4crypt_init_user0
01-19 02:05:49.614  2945  3000 D vold    : e4crypt_prepare_user_storage for volume null, user 0, serial 0, flags 1
01-19 02:05:49.614  2945  3000 D vold    : Preparing: /data/system/users/0
01-19 02:05:49.615  2945  3000 D vold    : Preparing: /data/misc/profiles/cur/0
01-19 02:05:49.615  2945  3000 D vold    : Preparing: /data/misc/profiles/cur/0/foreign-dex
01-19 02:05:49.615  2945  3000 D vold    : Preparing: /data/system_de/0
01-19 02:05:49.616  2945  3000 D vold    : Preparing: /data/misc_de/0
01-19 02:05:49.616  2945  3000 D vold    : Preparing: /data/user_de/0
01-19 02:05:49.616  2945  3000 D vold    : e4crypt_unlock_user_key 0 serial=0 token_present=0
01-19 02:05:51.472  3381  3381 I chatty  : uid=1000 system_server expire 345 lines
01-19 02:05:51.597  3381  3396 I chatty  : uid=1000 system_server expire 22 lines
01-19 02:05:51.598  3381  3397 I chatty  : uid=1000 system_server expire 2 lines
01-19 02:05:51.680  3381  3403 I chatty  : uid=1000 system_server expire 20 lines
01-19 02:05:51.685  3381  3405 I chatty  : uid=1000 system_server expire 6 lines
01-19 02:05:51.868  3381  3410 I chatty  : uid=1000 system_server expire 7 lines
01-19 02:05:51.868  3381  3411 I chatty  : uid=1000 system_server expire 1 line
01-19 02:05:51.873  3381  3413 I chatty  : uid=1000 system_server expire 8 lines
01-19 02:05:51.920  3381  3414 I chatty  : uid=1000 system_server expire 3 lines
01-19 02:05:51.922  3381  3412 I chatty  : uid=1000 system_server expire 4 lines
01-19 02:05:52.001  3381  3415 I chatty  : uid=1000 system_server expire 3 lines
01-19 02:05:52.389  3381  3422 I chatty  : uid=1000 system_server expire 1 line
01-19 02:05:52.584  3381  3443 I chatty  : uid=1000 system_server expire 43 lines
01-19 02:05:52.585  3381  3445 I chatty  : uid=1000 system_server expire 5 lines
01-19 02:05:52.586  3381  3395 I chatty  : uid=1000 system_server expire 6 lines
01-19 02:05:52.586  3381  3444 I chatty  : uid=1000 system_server expire 15 lines
01-19 02:05:52.634  3381  3446 I chatty  : uid=1000 system_server expire 1 line
01-19 02:05:54.206  3381  3440 I chatty  : uid=1000 system_server expire 1 line
01-19 02:05:54.236  3381  3484 I chatty  : uid=1000 system_server expire 1 line
01-19 02:05:54.236  3381  3485 I chatty  : uid=1000 system_server expire 1 line
01-19 02:05:54.242  3381  3486 I chatty  : uid=1000 system_server expire 1 line
01-19 02:05:54.244  3381  3487 I chatty  : uid=1000 system_server expire 2 lines
01-19 02:05:54.277  3381  3456 I chatty  : uid=1000 system_server expire 5 lines
01-19 02:05:54.399  2945  3000 D vold    : e4crypt_unlock_user_key 0 serial=0 token_present=0
01-19 02:05:54.402  3381  3401 I chatty  : uid=1000 system_server expire 2 lines
01-19 02:05:54.412  2945  2999 V vold    : Waiting for FUSE to spin up...
01-19 02:05:54.416  3381  3463 I chatty  : uid=1000 system_server expire 1 line
01-19 02:05:54.605  3502  3594 E ActivityThread: Failed to find provider info for user_dictionary
01-19 02:05:54.843  3381  3531 I chatty  : uid=1000 system_server expire 5 lines
01-19 02:05:54.889  3381  3794 I chatty  : uid=1000 system_server expire 1 line
01-19 02:05:54.896  3381  3800 I chatty  : uid=1000 system_server expire 1 line
01-19 02:05:54.907  3381  3804 I chatty  : uid=1000 system_server expire 1 line
01-19 02:05:54.996  3381  3394 I chatty  : uid=1000 system_server expire 9 lines
01-19 02:05:54.996  2945  3000 D VoldCryptCmdListener: cryptfs getpw
01-19 02:05:54.997  2945  3000 D VoldCryptCmdListener: cryptfs clearpw
01-19 02:05:55.031  3381  3462 I chatty  : uid=1000 system_server expire 2 lines
01-19 02:05:55.104  3706  3909 E ActivityThread: Failed to find provider info for com.android.contacts
01-19 02:05:55.192  3516  3938 E ActivityThread: Failed to find provider info for com.android.contacts
01-19 02:05:55.196  3516  3516 I StatusBar: isKeyguardShowing() called before startKeyguard(), returning true
01-19 02:05:55.196  3516  3516 W StatusBar: isKeyguardSecure() called before startKeyguard(), returning false
01-19 02:05:55.196  3516  3516 W StatusBar: java.lang.Throwable
01-19 02:05:55.196  3516  3516 W StatusBar: 	at com.android.systemui.statusbar.BaseStatusBar.isKeyguardSecure(BaseStatusBar.java:2694)
01-19 02:05:55.196  3516  3516 W StatusBar: 	at com.android.systemui.statusbar.BaseStatusBar.isCameraAllowedByAdmin(BaseStatusBar.java:2717)
01-19 02:05:55.196  3516  3516 W StatusBar: 	at com.android.systemui.statusbar.phone.KeyguardBottomAreaView.updateCameraVisibility(KeyguardBottomAreaView.java:386)
01-19 02:05:55.196  3516  3516 W StatusBar: 	at com.android.systemui.statusbar.phone.KeyguardBottomAreaView.setUserSetupComplete(KeyguardBottomAreaView.java:334)
01-19 02:05:55.196  3516  3516 W StatusBar: 	at com.android.systemui.statusbar.phone.PhoneStatusBar$2.onChange(PhoneStatusBar.java:557)
01-19 02:05:55.196  3516  3516 W StatusBar: 	at com.android.systemui.statusbar.phone.PhoneStatusBar.resetUserSetupObserver(PhoneStatusBar.java:4033)
01-19 02:05:55.196  3516  3516 W StatusBar: 	at com.android.systemui.statusbar.phone.PhoneStatusBar.makeStatusBarView(PhoneStatusBar.java:1171)
01-19 02:05:55.196  3516  3516 W StatusBar: 	at com.android.systemui.statusbar.phone.PhoneStatusBar.addStatusBarWindow(PhoneStatusBar.java:3770)
01-19 02:05:55.196  3516  3516 W StatusBar: 	at com.android.systemui.statusbar.phone.PhoneStatusBar.createAndAddWindows(PhoneStatusBar.java:3766)
01-19 02:05:55.196  3516  3516 W StatusBar: 	at com.android.systemui.statusbar.BaseStatusBar.start(BaseStatusBar.java:774)
01-19 02:05:55.196  3516  3516 W StatusBar: 	at com.android.systemui.statusbar.phone.PhoneStatusBar.start(PhoneStatusBar.java:806)
01-19 02:05:55.196  3516  3516 W StatusBar: 	at com.android.systemui.statusbar.SystemBars.createStatusBarFromConfig(SystemBars.java:106)
01-19 02:05:55.196  3516  3516 W StatusBar: 	at com.android.systemui.statusbar.SystemBars.onNoService(SystemBars.java:58)
01-19 02:05:55.196  3516  3516 W StatusBar: 	at com.android.systemui.statusbar.ServiceMonitor.startService(ServiceMonitor.java:230)
01-19 02:05:55.196  3516  3516 W StatusBar: 	at com.android.systemui.statusbar.ServiceMonitor.-wrap5(ServiceMonitor.java)
01-19 02:05:55.196  3516  3516 W StatusBar: 	at com.android.systemui.statusbar.ServiceMonitor$1.handleMessage(ServiceMonitor.java:73)
01-19 02:05:55.196  3516  3516 W StatusBar: 	at android.os.Handler.dispatchMessage(Handler.java:102)
01-19 02:05:55.196  3516  3516 W StatusBar: 	at android.os.Looper.loop(Looper.java:154)
01-19 02:05:55.196  3516  3516 W StatusBar: 	at android.app.ActivityThread.main(ActivityThread.java:6186)
01-19 02:05:55.196  3516  3516 W StatusBar: 	at java.lang.reflect.Method.invoke(Native Method)
01-19 02:05:55.196  3516  3516 W StatusBar: 	at com.android.internal.os.ZygoteInit$MethodAndArgsCaller.run(ZygoteInit.java:889)
01-19 02:05:55.196  3516  3516 W StatusBar: 	at com.android.internal.os.ZygoteInit.main(ZygoteInit.java:779)
01-19 02:05:55.197  3516  3516 I StatusBar: isKeyguardShowing() called before startKeyguard(), returning true
01-19 02:05:55.198  3516  3516 W StatusBar: isKeyguardSecure() called before startKeyguard(), returning false
01-19 02:05:55.198  3516  3516 W StatusBar: java.lang.Throwable
01-19 02:05:55.198  3516  3516 W StatusBar: 	at com.android.systemui.statusbar.BaseStatusBar.isKeyguardSecure(BaseStatusBar.java:2694)
01-19 02:05:55.198  3516  3516 W StatusBar: 	at com.android.systemui.statusbar.BaseStatusBar.isCameraAllowedByAdmin(BaseStatusBar.java:2717)
01-19 02:05:55.198  3516  3516 W StatusBar: 	at com.android.systemui.statusbar.phone.KeyguardBottomAreaView.updateCameraVisibility(KeyguardBottomAreaView.java:386)
01-19 02:05:55.198  3516  3516 W StatusBar: 	at com.android.systemui.statusbar.phone.KeyguardBottomAreaView.updateRightAffordanceIcon(KeyguardBottomAreaView.java:264)
01-19 02:05:55.198  3516  3516 W StatusBar: 	at com.android.systemui.statusbar.phone.KeyguardBottomAreaView.setUserSetupComplete(KeyguardBottomAreaView.java:335)
01-19 02:05:55.198  3516  3516 W StatusBar: 	at com.android.systemui.statusbar.phone.PhoneStatusBar$2.onChange(PhoneStatusBar.java:557)
01-19 02:05:55.198  3516  3516 W StatusBar: 	at com.android.systemui.statusbar.phone.PhoneStatusBar.resetUserSetupObserver(PhoneStatusBar.java:4033)
01-19 02:05:55.198  3516  3516 W StatusBar: 	at com.android.systemui.statusbar.phone.PhoneStatusBar.makeStatusBarView(PhoneStatusBar.java:1171)
01-19 02:05:55.198  3516  3516 W StatusBar: 	at com.android.systemui.statusbar.phone.PhoneStatusBar.addStatusBarWindow(PhoneStatusBar.java:3770)
01-19 02:05:55.198  3516  3516 W StatusBar: 	at com.android.systemui.statusbar.phone.PhoneStatusBar.createAndAddWindows(PhoneStatusBar.java:3766)
01-19 02:05:55.198  3516  3516 W StatusBar: 	at com.android.systemui.statusbar.BaseStatusBar.start(BaseStatusBar.java:774)
01-19 02:05:55.198  3516  3516 W StatusBar: 	at com.android.systemui.statusbar.phone.PhoneStatusBar.start(PhoneStatusBar.java:806)
01-19 02:05:55.198  3516  3516 W StatusBar: 	at com.android.systemui.statusbar.SystemBars.createStatusBarFromConfig(SystemBars.java:106)
01-19 02:05:55.198  3516  3516 W StatusBar: 	at com.android.systemui.statusbar.SystemBars.onNoService(SystemBars.java:58)
01-19 02:05:55.198  3516  3516 W StatusBar: 	at com.android.systemui.statusbar.ServiceMonitor.startService(ServiceMonitor.java:230)
01-19 02:05:55.198  3516  3516 W StatusBar: 	at com.android.systemui.statusbar.ServiceMonitor.-wrap5(ServiceMonitor.java)
01-19 02:05:55.198  3516  3516 W StatusBar: 	at com.android.systemui.statusbar.ServiceMonitor$1.handleMessage(ServiceMonitor.java:73)
01-19 02:05:55.198  3516  3516 W StatusBar: 	at android.os.Handler.dispatchMessage(Handler.java:102)
01-19 02:05:55.198  3516  3516 W StatusBar: 	at android.os.Looper.loop(Looper.java:154)
01-19 02:05:55.198  3516  3516 W StatusBar: 	at android.app.ActivityThread.main(ActivityThread.java:6186)
01-19 02:05:55.198  3516  3516 W StatusBar: 	at java.lang.reflect.Method.invoke(Native Method)
01-19 02:05:55.198  3516  3516 W StatusBar: 	at com.android.internal.os.ZygoteInit$MethodAndArgsCaller.run(ZygoteInit.java:889)
01-19 02:05:55.198  3516  3516 W StatusBar: 	at com.android.internal.os.ZygoteInit.main(ZygoteInit.java:779)
01-19 02:05:55.229  3381  3766 I chatty  : uid=1000 system_server expire 4 lines
01-19 02:05:55.245  3381  3534 I chatty  : uid=1000 system_server expire 128 lines
01-19 02:05:55.417  3381  3451 I chatty  : uid=1000 system_server expire 1 line
01-19 02:05:55.598  3381  3532 I chatty  : uid=1000 system_server expire 4 lines
01-19 02:06:01.083  2945  3000 D vold    : e4crypt_prepare_user_storage for volume null, user 0, serial 0, flags 2
01-19 02:06:01.084  2945  3000 D vold    : Preparing: /data/system_ce/0
01-19 02:06:01.084  2945  3000 D vold    : Preparing: /data/misc_ce/0
01-19 02:06:01.084  2945  3000 D vold    : Preparing: /data/media/0
01-19 02:06:01.084  2945  3000 D vold    : Preparing: /data/data
01-19 02:06:01.162  3381  3402 I chatty  : uid=1000 system_server expire 1 line
01-19 02:06:01.163  2945  2999 D vold    : Linking /storage/emulated/0 to /mnt/user/0/primary
01-19 02:06:01.197  3381  4028 I chatty  : uid=1000 system_server expire 2 lines
01-19 02:06:01.292  3381  3799 I chatty  : uid=1000 system_server expire 1 line
01-19 02:06:01.328  3381  4150 I chatty  : uid=1000 system_server expire 3 lines
01-19 02:06:01.419  3381  3765 I chatty  : uid=1000 system_server expire 2 lines
01-19 02:06:01.876  3381  4326 I chatty  : uid=1000 system_server expire 8 lines
01-19 02:06:01.978  3381  4158 I chatty  : uid=1000 system_server expire 1 line
01-19 02:06:01.989  3381  3393 I chatty  : uid=1000 system_server expire 5 lines
01-19 02:06:02.168  3381  4163 I chatty  : uid=1000 system_server expire 1 line
01-19 02:06:02.394  4406  4458 D ActivityThread: Loading provider com.android.email.provider;com.android.email.notifier: com.android.email.provider.EmailProvider
01-19 02:06:02.831  3381  4155 I chatty  : uid=1000 system_server expire 2 lines
01-19 02:06:02.835  3381  4156 I chatty  : uid=1000 system_server expire 2 lines
01-19 02:06:06.044  3381  3400 I chatty  : uid=1000 system_server expire 125 lines
01-19 02:06:11.291  3381  3403 I chatty  : uid=1000 system_server expire 2 lines
01-19 02:06:16.679  3381  3396 I chatty  : uid=1000 system_server expire 4 lines
01-19 02:06:54.799  3381  3381 I chatty  : uid=1000 system_server expire 1 line
01-19 02:06:58.969  3381  3399 I chatty  : uid=1000 system_server expire 4 lines
01-19 02:16:25.794  3381  3400 I chatty  : uid=1000 system_server expire 1 line
01-19 02:16:30.982  3381  3534 I chatty  : uid=1000 system_server expire 2 lines
01-19 02:16:30.985  3381  3400 I chatty  : uid=1000 system_server expire 2 lines
01-19 02:16:40.353  3381  3534 I chatty  : uid=1000 system_server expire 2 lines
01-19 02:16:40.356  3381  3400 I chatty  : uid=1000 system_server expire 2 lines
01-19 02:16:50.743  3381  3534 I chatty  : uid=1000 system_server expire 2 lines
01-19 02:16:50.746  3381  3400 I chatty  : uid=1000 system_server expire 2 lines
01-19 02:17:01.124  3381  3534 I chatty  : uid=1000 system_server expire 2 lines
01-19 02:17:01.127  3381  3400 I chatty  : uid=1000 system_server expire 2 lines
01-19 02:17:10.514  3381  3534 I chatty  : uid=1000 system_server expire 2 lines
01-19 02:17:10.517  3381  3400 I chatty  : uid=1000 system_server expire 2 lines
01-19 02:17:20.909  3381  3534 I chatty  : uid=1000 system_server expire 2 lines
01-19 02:17:20.913  3381  3400 I chatty  : uid=1000 system_server expire 2 lines
01-19 02:17:30.303  3381  3534 I chatty  : uid=1000 system_server expire 2 lines
01-19 02:17:30.307  3381  3400 I chatty  : uid=1000 system_server expire 2 lines
01-19 02:17:40.702  3381  3534 I chatty  : uid=1000 system_server expire 2 lines
01-19 02:17:40.706  3381  3400 I chatty  : uid=1000 system_server expire 2 lines
01-19 02:17:51.089  3381  3534 I chatty  : uid=1000 system_server expire 2 lines
01-19 02:17:51.093  3381  3400 I chatty  : uid=1000 system_server expire 3 lines
01-19 02:18:00.483  3381  3534 I chatty  : uid=1000 system_server expire 3 lines
01-19 02:18:06.248  3381  3400 I chatty  : uid=1000 system_server expire 3 lines
01-19 02:18:15.633  3381  3534 I chatty  : uid=1000 system_server expire 3 lines
01-19 02:18:20.843  3381  3400 I chatty  : uid=1000 system_server expire 3 lines
01-19 02:18:31.226  3381  3534 I chatty  : uid=1000 system_server expire 2 lines
01-19 02:18:35.425  3381  3400 I chatty  : uid=1000 system_server expire 2 lines
01-19 02:18:40.614  3381  3534 I chatty  : uid=1000 system_server expire 3 lines
01-19 02:18:45.823  3381  3400 I chatty  : uid=1000 system_server expire 3 lines
01-19 02:18:56.193  3381  3534 I chatty  : uid=1000 system_server expire 2 lines
01-19 02:19:00.385  3381  3400 I chatty  : uid=1000 system_server expire 2 lines
01-19 02:19:05.575  3381  3534 I chatty  : uid=1000 system_server expire 3 lines
01-19 02:19:10.777  3381  3400 I chatty  : uid=1000 system_server expire 2 lines
01-19 02:19:21.155  3381  3534 I chatty  : uid=1000 system_server expire 2 lines
01-19 02:19:21.158  3381  3400 I chatty  : uid=1000 system_server expire 3 lines
01-19 02:19:30.534  3381  3534 I chatty  : uid=1000 system_server expire 1 line
01-19 02:19:35.719  3381  3534 W NativeCrashListener: Couldn't find ProcessRecord for pid 5763
01-19 02:19:35.722  3381  3400 I BootReceiver: Copying /data/tombstones/tombstone_02 to DropBox (SYSTEM_TOMBSTONE)
01-19 02:19:40.913  3381  3534 W NativeCrashListener: Couldn't find ProcessRecord for pid 5769
01-19 02:19:40.916  3381  3400 I BootReceiver: Copying /data/tombstones/tombstone_00 to DropBox (SYSTEM_TOMBSTONE)
01-19 02:19:46.105  3381  3534 W NativeCrashListener: Couldn't find ProcessRecord for pid 5775
01-19 02:19:46.109  3381  3400 I BootReceiver: Copying /data/tombstones/tombstone_01 to DropBox (SYSTEM_TOMBSTONE)
01-19 02:19:50.294  3381  3534 W NativeCrashListener: Couldn't find ProcessRecord for pid 5781
01-19 02:19:50.297  3381  3400 I BootReceiver: Copying /data/tombstones/tombstone_06 to DropBox (SYSTEM_TOMBSTONE)
01-19 02:19:55.494  3381  3534 W NativeCrashListener: Couldn't find ProcessRecord for pid 5788
01-19 02:19:55.498  3381  3400 I BootReceiver: Copying /data/tombstones/tombstone_07 to DropBox (SYSTEM_TOMBSTONE)
01-19 02:20:00.699  3381  3534 W NativeCrashListener: Couldn't find ProcessRecord for pid 5794
01-19 02:20:00.702  3381  3400 I BootReceiver: Copying /data/tombstones/tombstone_08 to DropBox (SYSTEM_TOMBSTONE)
01-19 02:20:05.895  3381  3534 W NativeCrashListener: Couldn't find ProcessRecord for pid 5800
01-19 02:20:05.899  3381  3400 I BootReceiver: Copying /data/tombstones/tombstone_03 to DropBox (SYSTEM_TOMBSTONE)
01-19 02:20:11.090  3381  3534 W NativeCrashListener: Couldn't find ProcessRecord for pid 5806
01-19 02:20:11.093  3381  3400 I BootReceiver: Copying /data/tombstones/tombstone_09 to DropBox (SYSTEM_TOMBSTONE)
01-19 02:20:16.284  3381  3534 W NativeCrashListener: Couldn't find ProcessRecord for pid 5812
01-19 02:20:16.287  3381  3400 I BootReceiver: Copying /data/tombstones/tombstone_04 to DropBox (SYSTEM_TOMBSTONE)
01-19 02:20:20.485  3381  3534 W NativeCrashListener: Couldn't find ProcessRecord for pid 5820
01-19 02:20:20.488  3381  3400 I BootReceiver: Copying /data/tombstones/tombstone_05 to DropBox (SYSTEM_TOMBSTONE)
01-19 02:20:25.674  3381  3534 W NativeCrashListener: Couldn't find ProcessRecord for pid 5828
01-19 02:20:25.677  3381  3400 I BootReceiver: Copying /data/tombstones/tombstone_02 to DropBox (SYSTEM_TOMBSTONE)
01-19 02:20:30.873  3381  3534 W NativeCrashListener: Couldn't find ProcessRecord for pid 5834
01-19 02:20:30.877  3381  3400 I BootReceiver: Copying /data/tombstones/tombstone_00 to DropBox (SYSTEM_TOMBSTONE)
01-19 02:20:36.073  3381  3534 W NativeCrashListener: Couldn't find ProcessRecord for pid 5840
01-19 02:20:36.076  3381  3400 I BootReceiver: Copying /data/tombstones/tombstone_01 to DropBox (SYSTEM_TOMBSTONE)
01-19 02:20:41.264  3381  3534 W NativeCrashListener: Couldn't find ProcessRecord for pid 5846
01-19 02:20:41.267  3381  3400 I BootReceiver: Copying /data/tombstones/tombstone_06 to DropBox (SYSTEM_TOMBSTONE)
01-19 02:20:45.453  3381  3534 W NativeCrashListener: Couldn't find ProcessRecord for pid 5852
01-19 02:20:45.456  3381  3400 I BootReceiver: Copying /data/tombstones/tombstone_07 to DropBox (SYSTEM_TOMBSTONE)
01-19 02:20:50.646  3381  3534 W NativeCrashListener: Couldn't find ProcessRecord for pid 5858
01-19 02:20:50.649  3381  3400 I BootReceiver: Copying /data/tombstones/tombstone_08 to DropBox (SYSTEM_TOMBSTONE)
01-19 02:20:55.844  3381  3534 W NativeCrashListener: Couldn't find ProcessRecord for pid 5865
01-19 02:20:55.847  3381  3400 I BootReceiver: Copying /data/tombstones/tombstone_03 to DropBox (SYSTEM_TOMBSTONE)
01-19 02:21:01.034  3381  3534 W NativeCrashListener: Couldn't find ProcessRecord for pid 5871
01-19 02:21:01.037  3381  3400 I BootReceiver: Copying /data/tombstones/tombstone_09 to DropBox (SYSTEM_TOMBSTONE)
01-19 02:21:06.015  3381  3534 W NativeCrashListener: Couldn't find ProcessRecord for pid 5884
01-19 02:21:06.019  3381  3400 I BootReceiver: Copying /data/tombstones/tombstone_04 to DropBox (SYSTEM_TOMBSTONE)
01-19 02:21:11.207  3381  3534 W NativeCrashListener: Couldn't find ProcessRecord for pid 5890
01-19 02:21:11.210  3381  3400 I BootReceiver: Copying /data/tombstones/tombstone_05 to DropBox (SYSTEM_TOMBSTONE)
01-19 02:21:15.396  3381  3534 W NativeCrashListener: Couldn't find ProcessRecord for pid 5897
01-19 02:21:15.399  3381  3400 I BootReceiver: Copying /data/tombstones/tombstone_02 to DropBox (SYSTEM_TOMBSTONE)
01-19 02:21:20.594  3381  3534 W NativeCrashListener: Couldn't find ProcessRecord for pid 5903
01-19 02:21:20.597  3381  3400 I BootReceiver: Copying /data/tombstones/tombstone_00 to DropBox (SYSTEM_TOMBSTONE)
01-19 02:21:25.784  3381  3534 W NativeCrashListener: Couldn't find ProcessRecord for pid 5911
01-19 02:21:25.788  3381  3400 I BootReceiver: Copying /data/tombstones/tombstone_01 to DropBox (SYSTEM_TOMBSTONE)
01-19 02:21:30.990  3381  3534 W NativeCrashListener: Couldn't find ProcessRecord for pid 5918
01-19 02:21:30.995  3381  3400 I BootReceiver: Copying /data/tombstones/tombstone_06 to DropBox (SYSTEM_TOMBSTONE)
01-19 02:21:36.179  3381  3534 W NativeCrashListener: Couldn't find ProcessRecord for pid 5924
01-19 02:21:36.183  3381  3400 I BootReceiver: Copying /data/tombstones/tombstone_07 to DropBox (SYSTEM_TOMBSTONE)
01-19 02:21:40.375  3381  3534 W NativeCrashListener: Couldn't find ProcessRecord for pid 5930
01-19 02:21:40.379  3381  3400 I BootReceiver: Copying /data/tombstones/tombstone_08 to DropBox (SYSTEM_TOMBSTONE)
01-19 02:21:45.573  3381  3534 W NativeCrashListener: Couldn't find ProcessRecord for pid 5936
01-19 02:21:45.576  3381  3400 I BootReceiver: Copying /data/tombstones/tombstone_03 to DropBox (SYSTEM_TOMBSTONE)
01-19 02:21:50.760  3381  3534 W NativeCrashListener: Couldn't find ProcessRecord for pid 5942
01-19 02:21:50.763  3381  3400 I BootReceiver: Copying /data/tombstones/tombstone_09 to DropBox (SYSTEM_TOMBSTONE)
01-19 02:21:55.963  3381  3534 W NativeCrashListener: Couldn't find ProcessRecord for pid 5949
01-19 02:21:55.967  3381  3400 I BootReceiver: Copying /data/tombstones/tombstone_04 to DropBox (SYSTEM_TOMBSTONE)
01-19 02:22:01.163  3381  3534 W NativeCrashListener: Couldn't find ProcessRecord for pid 5955
01-19 02:22:01.167  3381  3400 I BootReceiver: Copying /data/tombstones/tombstone_05 to DropBox (SYSTEM_TOMBSTONE)
01-19 02:22:05.356  3381  3534 W NativeCrashListener: Couldn't find ProcessRecord for pid 5961
01-19 02:22:05.359  3381  3400 I BootReceiver: Copying /data/tombstones/tombstone_02 to DropBox (SYSTEM_TOMBSTONE)
01-19 02:22:10.547  3381  3534 W NativeCrashListener: Couldn't find ProcessRecord for pid 5967
01-19 02:22:10.550  3381  3400 I BootReceiver: Copying /data/tombstones/tombstone_00 to DropBox (SYSTEM_TOMBSTONE)
01-19 02:22:15.741  3381  3534 W NativeCrashListener: Couldn't find ProcessRecord for pid 5973
01-19 02:22:15.745  3381  3400 I BootReceiver: Copying /data/tombstones/tombstone_01 to DropBox (SYSTEM_TOMBSTONE)
01-19 02:22:20.936  3381  3534 W NativeCrashListener: Couldn't find ProcessRecord for pid 5979
01-19 02:22:20.939  3381  3400 I BootReceiver: Copying /data/tombstones/tombstone_06 to DropBox (SYSTEM_TOMBSTONE)
01-19 02:22:26.135  3381  3534 W NativeCrashListener: Couldn't find ProcessRecord for pid 5986
01-19 02:22:26.138  3381  3400 I BootReceiver: Copying /data/tombstones/tombstone_07 to DropBox (SYSTEM_TOMBSTONE)
01-19 02:22:30.316  3381  3534 W NativeCrashListener: Couldn't find ProcessRecord for pid 5992
01-19 02:22:30.320  3381  3400 I BootReceiver: Copying /data/tombstones/tombstone_08 to DropBox (SYSTEM_TOMBSTONE)
01-19 02:22:35.521  3381  3534 W NativeCrashListener: Couldn't find ProcessRecord for pid 5998
01-19 02:22:35.526  3381  3400 I BootReceiver: Copying /data/tombstones/tombstone_03 to DropBox (SYSTEM_TOMBSTONE)
01-19 02:22:40.715  3381  3534 W NativeCrashListener: Couldn't find ProcessRecord for pid 6004
01-19 02:22:40.718  3381  3400 I BootReceiver: Copying /data/tombstones/tombstone_09 to DropBox (SYSTEM_TOMBSTONE)
01-19 02:22:45.918  3381  3534 W NativeCrashListener: Couldn't find ProcessRecord for pid 6010
01-19 02:22:45.921  3381  3400 I BootReceiver: Copying /data/tombstones/tombstone_04 to DropBox (SYSTEM_TOMBSTONE)
01-19 02:22:51.115  3381  3534 W NativeCrashListener: Couldn't find ProcessRecord for pid 6016
01-19 02:22:51.118  3381  3400 I BootReceiver: Copying /data/tombstones/tombstone_05 to DropBox (SYSTEM_TOMBSTONE)
01-19 02:22:55.316  3381  3534 W NativeCrashListener: Couldn't find ProcessRecord for pid 6023
01-19 02:22:55.320  3381  3400 I BootReceiver: Copying /data/tombstones/tombstone_02 to DropBox (SYSTEM_TOMBSTONE)
01-19 02:23:00.514  3381  3534 W NativeCrashListener: Couldn't find ProcessRecord for pid 6029
01-19 02:23:00.517  3381  3400 I BootReceiver: Copying /data/tombstones/tombstone_00 to DropBox (SYSTEM_TOMBSTONE)
01-19 02:23:05.714  3381  3534 W NativeCrashListener: Couldn't find ProcessRecord for pid 6035
01-19 02:23:05.717  3381  3400 I BootReceiver: Copying /data/tombstones/tombstone_01 to DropBox (SYSTEM_TOMBSTONE)
01-19 02:23:10.912  3381  3534 W NativeCrashListener: Couldn't find ProcessRecord for pid 6041
01-19 02:23:10.916  3381  3400 I BootReceiver: Copying /data/tombstones/tombstone_06 to DropBox (SYSTEM_TOMBSTONE)
01-19 02:23:16.107  3381  3534 W NativeCrashListener: Couldn't find ProcessRecord for pid 6047
01-19 02:23:16.110  3381  3400 I BootReceiver: Copying /data/tombstones/tombstone_07 to DropBox (SYSTEM_TOMBSTONE)
01-19 02:23:20.296  3381  3534 W NativeCrashListener: Couldn't find ProcessRecord for pid 6053
01-19 02:23:20.299  3381  3400 I BootReceiver: Copying /data/tombstones/tombstone_08 to DropBox (SYSTEM_TOMBSTONE)
01-19 02:23:25.499  3381  3534 W NativeCrashListener: Couldn't find ProcessRecord for pid 6060
01-19 02:23:25.503  3381  3400 I BootReceiver: Copying /data/tombstones/tombstone_03 to DropBox (SYSTEM_TOMBSTONE)
01-19 02:23:30.696  3381  3534 W NativeCrashListener: Couldn't find ProcessRecord for pid 6066
01-19 02:23:30.700  3381  3400 I BootReceiver: Copying /data/tombstones/tombstone_09 to DropBox (SYSTEM_TOMBSTONE)
01-19 02:23:35.888  3381  3534 W NativeCrashListener: Couldn't find ProcessRecord for pid 6072
01-19 02:23:35.891  3381  3400 I BootReceiver: Copying /data/tombstones/tombstone_04 to DropBox (SYSTEM_TOMBSTONE)
01-19 02:23:41.085  3381  3534 W NativeCrashListener: Couldn't find ProcessRecord for pid 6078
01-19 02:23:41.089  3381  3400 I BootReceiver: Copying /data/tombstones/tombstone_05 to DropBox (SYSTEM_TOMBSTONE)
01-19 02:23:46.286  3381  3534 W NativeCrashListener: Couldn't find ProcessRecord for pid 6084
01-19 02:23:46.289  3381  3400 I BootReceiver: Copying /data/tombstones/tombstone_02 to DropBox (SYSTEM_TOMBSTONE)
01-19 02:23:50.475  3381  3534 W NativeCrashListener: Couldn't find ProcessRecord for pid 6090
01-19 02:23:50.479  3381  3400 I BootReceiver: Copying /data/tombstones/tombstone_00 to DropBox (SYSTEM_TOMBSTONE)
01-19 02:23:55.675  3381  3534 W NativeCrashListener: Couldn't find ProcessRecord for pid 6097
01-19 02:23:55.678  3381  3400 I BootReceiver: Copying /data/tombstones/tombstone_01 to DropBox (SYSTEM_TOMBSTONE)
01-19 02:24:00.874  3381  3534 W NativeCrashListener: Couldn't find ProcessRecord for pid 6103
01-19 02:24:00.878  3381  3400 I BootReceiver: Copying /data/tombstones/tombstone_06 to DropBox (SYSTEM_TOMBSTONE)
01-19 02:24:06.067  3381  3534 W NativeCrashListener: Couldn't find ProcessRecord for pid 6109
01-19 02:24:06.071  3381  3400 I BootReceiver: Copying /data/tombstones/tombstone_07 to DropBox (SYSTEM_TOMBSTONE)
01-19 02:24:10.836  3381  3534 W NativeCrashListener: Couldn't find ProcessRecord for pid 6122
01-19 02:24:10.839  3381  3400 I BootReceiver: Copying /data/tombstones/tombstone_08 to DropBox (SYSTEM_TOMBSTONE)
01-19 02:24:16.037  3381  3534 W NativeCrashListener: Couldn't find ProcessRecord for pid 6128
01-19 02:24:16.040  3381  3400 I BootReceiver: Copying /data/tombstones/tombstone_03 to DropBox (SYSTEM_TOMBSTONE)
01-19 02:24:21.231  3381  3534 W NativeCrashListener: Couldn't find ProcessRecord for pid 6134
01-19 02:24:21.234  3381  3400 I BootReceiver: Copying /data/tombstones/tombstone_09 to DropBox (SYSTEM_TOMBSTONE)
01-19 02:24:25.417  3381  3534 W NativeCrashListener: Couldn't find ProcessRecord for pid 6141
01-19 02:24:25.420  3381  3400 I BootReceiver: Copying /data/tombstones/tombstone_04 to DropBox (SYSTEM_TOMBSTONE)
01-19 02:24:30.607  3381  3534 W NativeCrashListener: Couldn't find ProcessRecord for pid 6147
01-19 02:24:30.610  3381  3400 I BootReceiver: Copying /data/tombstones/tombstone_05 to DropBox (SYSTEM_TOMBSTONE)
01-19 02:24:35.805  3381  3534 W NativeCrashListener: Couldn't find ProcessRecord for pid 6153
01-19 02:24:35.809  3381  3400 I BootReceiver: Copying /data/tombstones/tombstone_02 to DropBox (SYSTEM_TOMBSTONE)
01-19 02:24:40.995  3381  3534 W NativeCrashListener: Couldn't find ProcessRecord for pid 6162
01-19 02:24:40.998  3381  3400 I BootReceiver: Copying /data/tombstones/tombstone_00 to DropBox (SYSTEM_TOMBSTONE)
01-19 02:24:46.152  3381  3534 W NativeCrashListener: Couldn't find ProcessRecord for pid 6172
01-19 02:24:46.154  3381  3400 I BootReceiver: Copying /data/tombstones/tombstone_01 to DropBox (SYSTEM_TOMBSTONE)
01-19 02:24:50.347  3381  3534 W NativeCrashListener: Couldn't find ProcessRecord for pid 6178
01-19 02:24:50.350  3381  3400 I BootReceiver: Copying /data/tombstones/tombstone_06 to DropBox (SYSTEM_TOMBSTONE)
01-19 02:24:55.545  3381  3534 W NativeCrashListener: Couldn't find ProcessRecord for pid 6185
01-19 02:24:55.549  3381  3400 I BootReceiver: Copying /data/tombstones/tombstone_07 to DropBox (SYSTEM_TOMBSTONE)
01-19 02:25:00.745  3381  3534 W NativeCrashListener: Couldn't find ProcessRecord for pid 6191
01-19 02:25:00.748  3381  3400 I BootReceiver: Copying /data/tombstones/tombstone_08 to DropBox (SYSTEM_TOMBSTONE)
01-19 02:25:05.945  3381  3534 W NativeCrashListener: Couldn't find ProcessRecord for pid 6197
01-19 02:25:05.948  3381  3400 I BootReceiver: Copying /data/tombstones/tombstone_03 to DropBox (SYSTEM_TOMBSTONE)
01-19 02:25:11.144  3381  3534 W NativeCrashListener: Couldn't find ProcessRecord for pid 6203
01-19 02:25:11.147  3381  3400 I BootReceiver: Copying /data/tombstones/tombstone_09 to DropBox (SYSTEM_TOMBSTONE)
01-19 02:25:15.337  3381  3534 W NativeCrashListener: Couldn't find ProcessRecord for pid 6209
01-19 02:25:15.340  3381  3400 I BootReceiver: Copying /data/tombstones/tombstone_04 to DropBox (SYSTEM_TOMBSTONE)
01-19 02:25:20.527  3381  3534 W NativeCrashListener: Couldn't find ProcessRecord for pid 6215
01-19 02:25:20.530  3381  3400 I BootReceiver: Copying /data/tombstones/tombstone_05 to DropBox (SYSTEM_TOMBSTONE)
01-19 02:25:25.717  3381  3534 W NativeCrashListener: Couldn't find ProcessRecord for pid 6223
01-19 02:25:25.720  3381  3400 I BootReceiver: Copying /data/tombstones/tombstone_02 to DropBox (SYSTEM_TOMBSTONE)
01-19 02:25:30.910  3381  3534 W NativeCrashListener: Couldn't find ProcessRecord for pid 6229
01-19 02:25:30.913  3381  3400 I BootReceiver: Copying /data/tombstones/tombstone_00 to DropBox (SYSTEM_TOMBSTONE)
01-19 02:25:36.108  3381  3534 W NativeCrashListener: Couldn't find ProcessRecord for pid 6235
01-19 02:25:36.111  3381  3400 I BootReceiver: Copying /data/tombstones/tombstone_01 to DropBox (SYSTEM_TOMBSTONE)
01-19 02:25:40.296  3381  3534 W NativeCrashListener: Couldn't find ProcessRecord for pid 6241
01-19 02:25:40.300  3381  3400 I BootReceiver: Copying /data/tombstones/tombstone_06 to DropBox (SYSTEM_TOMBSTONE)
01-19 02:25:45.496  3381  3534 W NativeCrashListener: Couldn't find ProcessRecord for pid 6247
01-19 02:25:45.500  3381  3400 I BootReceiver: Copying /data/tombstones/tombstone_07 to DropBox (SYSTEM_TOMBSTONE)
01-19 02:25:50.688  3381  3534 W NativeCrashListener: Couldn't find ProcessRecord for pid 6253
01-19 02:25:50.691  3381  3400 I BootReceiver: Copying /data/tombstones/tombstone_08 to DropBox (SYSTEM_TOMBSTONE)
01-19 02:25:52.717  3381  3395 I UsageStatsService: User[0] Flushing usage stats to disk
01-19 02:25:55.879  3381  3534 W NativeCrashListener: Couldn't find ProcessRecord for pid 6261
01-19 02:25:55.883  3381  3400 I BootReceiver: Copying /data/tombstones/tombstone_03 to DropBox (SYSTEM_TOMBSTONE)
01-19 02:26:01.081  3381  3534 W NativeCrashListener: Couldn't find ProcessRecord for pid 6267
01-19 02:26:01.085  3381  3400 I BootReceiver: Copying /data/tombstones/tombstone_09 to DropBox (SYSTEM_TOMBSTONE)
01-19 02:26:06.287  3381  3534 W NativeCrashListener: Couldn't find ProcessRecord for pid 6273
01-19 02:26:06.290  3381  3400 I BootReceiver: Copying /data/tombstones/tombstone_04 to DropBox (SYSTEM_TOMBSTONE)
01-19 02:26:10.487  3381  3534 W NativeCrashListener: Couldn't find ProcessRecord for pid 6279
01-19 02:26:10.491  3381  3400 I BootReceiver: Copying /data/tombstones/tombstone_05 to DropBox (SYSTEM_TOMBSTONE)
01-19 02:26:15.678  3381  3534 W NativeCrashListener: Couldn't find ProcessRecord for pid 6285
01-19 02:26:15.680  3381  3400 I BootReceiver: Copying /data/tombstones/tombstone_02 to DropBox (SYSTEM_TOMBSTONE)
01-19 02:26:20.870  3381  3534 W NativeCrashListener: Couldn't find ProcessRecord for pid 6292
01-19 02:26:20.873  3381  3400 I BootReceiver: Copying /data/tombstones/tombstone_00 to DropBox (SYSTEM_TOMBSTONE)
01-19 02:26:26.059  3381  3534 W NativeCrashListener: Couldn't find ProcessRecord for pid 6299
01-19 02:26:26.062  3381  3400 I BootReceiver: Copying /data/tombstones/tombstone_01 to DropBox (SYSTEM_TOMBSTONE)
01-19 02:26:31.242  3381  3534 W NativeCrashListener: Couldn't find ProcessRecord for pid 6306
01-19 02:26:31.244  3381  3400 I BootReceiver: Copying /data/tombstones/tombstone_06 to DropBox (SYSTEM_TOMBSTONE)
01-19 02:26:35.436  3381  3534 W NativeCrashListener: Couldn't find ProcessRecord for pid 6313
01-19 02:26:35.439  3381  3400 I BootReceiver: Copying /data/tombstones/tombstone_07 to DropBox (SYSTEM_TOMBSTONE)
01-19 02:26:40.633  3381  3534 W NativeCrashListener: Couldn't find ProcessRecord for pid 6319
01-19 02:26:40.639  3381  3400 I BootReceiver: Copying /data/tombstones/tombstone_08 to DropBox (SYSTEM_TOMBSTONE)
01-19 02:26:45.834  3381  3534 W NativeCrashListener: Couldn't find ProcessRecord for pid 6325
01-19 02:26:45.838  3381  3400 I BootReceiver: Copying /data/tombstones/tombstone_03 to DropBox (SYSTEM_TOMBSTONE)
01-19 02:26:51.038  3381  3534 W NativeCrashListener: Couldn't find ProcessRecord for pid 6332
01-19 02:26:51.042  3381  3400 I BootReceiver: Copying /data/tombstones/tombstone_09 to DropBox (SYSTEM_TOMBSTONE)
01-19 02:26:56.235  3381  3534 W NativeCrashListener: Couldn't find ProcessRecord for pid 6339
01-19 02:26:56.238  3381  3400 I BootReceiver: Copying /data/tombstones/tombstone_04 to DropBox (SYSTEM_TOMBSTONE)
01-19 02:27:00.441  3381  3534 W NativeCrashListener: Couldn't find ProcessRecord for pid 6345
01-19 02:27:00.444  3381  3400 I BootReceiver: Copying /data/tombstones/tombstone_05 to DropBox (SYSTEM_TOMBSTONE)
01-19 02:27:05.636  3381  3534 W NativeCrashListener: Couldn't find ProcessRecord for pid 6351
01-19 02:27:05.639  3381  3400 I BootReceiver: Copying /data/tombstones/tombstone_02 to DropBox (SYSTEM_TOMBSTONE)
01-19 02:27:10.596  3381  3534 W NativeCrashListener: Couldn't find ProcessRecord for pid 6364
01-19 02:27:10.599  3381  3400 I BootReceiver: Copying /data/tombstones/tombstone_00 to DropBox (SYSTEM_TOMBSTONE)
01-19 02:27:15.799  3381  3534 W NativeCrashListener: Couldn't find ProcessRecord for pid 6370
01-19 02:27:15.803  3381  3400 I BootReceiver: Copying /data/tombstones/tombstone_01 to DropBox (SYSTEM_TOMBSTONE)
01-19 02:27:20.996  3381  3534 W NativeCrashListener: Couldn't find ProcessRecord for pid 6376
01-19 02:27:21.000  3381  3400 I BootReceiver: Copying /data/tombstones/tombstone_06 to DropBox (SYSTEM_TOMBSTONE)
01-19 02:27:26.205  3381  3534 W NativeCrashListener: Couldn't find ProcessRecord for pid 6383
01-19 02:27:26.210  3381  3400 I BootReceiver: Copying /data/tombstones/tombstone_07 to DropBox (SYSTEM_TOMBSTONE)
01-19 02:27:30.397  3381  3534 W NativeCrashListener: Couldn't find ProcessRecord for pid 6389
01-19 02:27:30.400  3381  3400 I BootReceiver: Copying /data/tombstones/tombstone_08 to DropBox (SYSTEM_TOMBSTONE)
01-19 02:27:35.596  3381  3534 W NativeCrashListener: Couldn't find ProcessRecord for pid 6395
01-19 02:27:35.600  3381  3400 I BootReceiver: Copying /data/tombstones/tombstone_03 to DropBox (SYSTEM_TOMBSTONE)
01-19 02:27:40.807  3381  3534 W NativeCrashListener: Couldn't find ProcessRecord for pid 6401
01-19 02:27:40.815  3381  3400 I BootReceiver: Copying /data/tombstones/tombstone_09 to DropBox (SYSTEM_TOMBSTONE)
01-19 02:27:46.007  3381  3534 W NativeCrashListener: Couldn't find ProcessRecord for pid 6407
01-19 02:27:46.011  3381  3400 I BootReceiver: Copying /data/tombstones/tombstone_04 to DropBox (SYSTEM_TOMBSTONE)
01-19 02:27:51.198  3381  3534 W NativeCrashListener: Couldn't find ProcessRecord for pid 6413
01-19 02:27:51.202  3381  3400 I BootReceiver: Copying /data/tombstones/tombstone_05 to DropBox (SYSTEM_TOMBSTONE)
01-19 02:27:55.387  3381  3534 W NativeCrashListener: Couldn't find ProcessRecord for pid 6421
01-19 02:27:55.390  3381  3400 I BootReceiver: Copying /data/tombstones/tombstone_02 to DropBox (SYSTEM_TOMBSTONE)
01-19 02:28:00.578  3381  3534 W NativeCrashListener: Couldn't find ProcessRecord for pid 6427
01-19 02:28:00.582  3381  3400 I BootReceiver: Copying /data/tombstones/tombstone_00 to DropBox (SYSTEM_TOMBSTONE)
01-19 02:28:05.768  3381  3534 W NativeCrashListener: Couldn't find ProcessRecord for pid 6433
01-19 02:28:05.771  3381  3400 I BootReceiver: Copying /data/tombstones/tombstone_01 to DropBox (SYSTEM_TOMBSTONE)
01-19 02:28:10.966  3381  3534 W NativeCrashListener: Couldn't find ProcessRecord for pid 6439
01-19 02:28:10.970  3381  3400 I BootReceiver: Copying /data/tombstones/tombstone_06 to DropBox (SYSTEM_TOMBSTONE)
01-19 02:28:16.159  3381  3534 W NativeCrashListener: Couldn't find ProcessRecord for pid 6445
01-19 02:28:16.162  3381  3400 I BootReceiver: Copying /data/tombstones/tombstone_07 to DropBox (SYSTEM_TOMBSTONE)
01-19 02:28:20.347  3381  3534 W NativeCrashListener: Couldn't find ProcessRecord for pid 6451
01-19 02:28:20.351  3381  3400 I BootReceiver: Copying /data/tombstones/tombstone_08 to DropBox (SYSTEM_TOMBSTONE)
01-19 02:28:25.545  3381  3534 W NativeCrashListener: Couldn't find ProcessRecord for pid 6458
01-19 02:28:25.549  3381  3400 I BootReceiver: Copying /data/tombstones/tombstone_03 to DropBox (SYSTEM_TOMBSTONE)
01-19 02:28:30.742  3381  3534 W NativeCrashListener: Couldn't find ProcessRecord for pid 6464
01-19 02:28:30.746  3381  3400 I BootReceiver: Copying /data/tombstones/tombstone_09 to DropBox (SYSTEM_TOMBSTONE)
01-19 02:28:35.948  3381  3534 W NativeCrashListener: Couldn't find ProcessRecord for pid 6470
01-19 02:28:35.952  3381  3400 I BootReceiver: Copying /data/tombstones/tombstone_04 to DropBox (SYSTEM_TOMBSTONE)
01-19 02:28:41.147  3381  3534 W NativeCrashListener: Couldn't find ProcessRecord for pid 6476
01-19 02:28:41.150  3381  3400 I BootReceiver: Copying /data/tombstones/tombstone_05 to DropBox (SYSTEM_TOMBSTONE)
01-19 02:28:45.338  3381  3534 W NativeCrashListener: Couldn't find ProcessRecord for pid 6482
01-19 02:28:45.341  3381  3400 I BootReceiver: Copying /data/tombstones/tombstone_02 to DropBox (SYSTEM_TOMBSTONE)
01-19 02:28:50.535  3381  3534 W NativeCrashListener: Couldn't find ProcessRecord for pid 6488
01-19 02:28:50.538  3381  3400 I BootReceiver: Copying /data/tombstones/tombstone_00 to DropBox (SYSTEM_TOMBSTONE)
01-19 02:28:55.733  3381  3534 W NativeCrashListener: Couldn't find ProcessRecord for pid 6495
01-19 02:28:55.737  3381  3400 I BootReceiver: Copying /data/tombstones/tombstone_01 to DropBox (SYSTEM_TOMBSTONE)
01-19 02:29:00.939  3381  3534 W NativeCrashListener: Couldn't find ProcessRecord for pid 6501
01-19 02:29:00.943  3381  3400 I BootReceiver: Copying /data/tombstones/tombstone_06 to DropBox (SYSTEM_TOMBSTONE)
01-19 02:29:06.144  3381  3534 W NativeCrashListener: Couldn't find ProcessRecord for pid 6507
01-19 02:29:06.148  3381  3400 I BootReceiver: Copying /data/tombstones/tombstone_07 to DropBox (SYSTEM_TOMBSTONE)
01-19 02:29:10.351  3381  3534 W NativeCrashListener: Couldn't find ProcessRecord for pid 6513
01-19 02:29:10.354  3381  3400 I BootReceiver: Copying /data/tombstones/tombstone_08 to DropBox (SYSTEM_TOMBSTONE)
01-19 02:29:15.547  3381  3534 W NativeCrashListener: Couldn't find ProcessRecord for pid 6519
01-19 02:29:15.550  3381  3400 I BootReceiver: Copying /data/tombstones/tombstone_03 to DropBox (SYSTEM_TOMBSTONE)
01-19 02:29:20.746  3381  3534 W NativeCrashListener: Couldn't find ProcessRecord for pid 6525
01-19 02:29:20.750  3381  3400 I BootReceiver: Copying /data/tombstones/tombstone_09 to DropBox (SYSTEM_TOMBSTONE)
01-19 02:29:25.939  3381  3534 W NativeCrashListener: Couldn't find ProcessRecord for pid 6532
01-19 02:29:25.942  3381  3400 I BootReceiver: Copying /data/tombstones/tombstone_04 to DropBox (SYSTEM_TOMBSTONE)
01-19 02:29:31.137  3381  3534 W NativeCrashListener: Couldn't find ProcessRecord for pid 6538
01-19 02:29:31.141  3381  3400 I BootReceiver: Copying /data/tombstones/tombstone_05 to DropBox (SYSTEM_TOMBSTONE)
01-19 02:29:35.328  3381  3534 W NativeCrashListener: Couldn't find ProcessRecord for pid 6544
01-19 02:29:35.331  3381  3400 I BootReceiver: Copying /data/tombstones/tombstone_02 to DropBox (SYSTEM_TOMBSTONE)
01-19 02:29:40.525  3381  3534 W NativeCrashListener: Couldn't find ProcessRecord for pid 6550
01-19 02:29:40.528  3381  3400 I BootReceiver: Copying /data/tombstones/tombstone_00 to DropBox (SYSTEM_TOMBSTONE)
01-19 02:29:45.730  3381  3534 W NativeCrashListener: Couldn't find ProcessRecord for pid 6556
01-19 02:29:45.734  3381  3400 I BootReceiver: Copying /data/tombstones/tombstone_01 to DropBox (SYSTEM_TOMBSTONE)
01-19 02:29:50.933  3381  3534 W NativeCrashListener: Couldn't find ProcessRecord for pid 6562
01-19 02:29:50.937  3381  3400 I BootReceiver: Copying /data/tombstones/tombstone_06 to DropBox (SYSTEM_TOMBSTONE)
01-19 02:29:56.134  3381  3534 W NativeCrashListener: Couldn't find ProcessRecord for pid 6569
01-19 02:29:56.137  3381  3400 I BootReceiver: Copying /data/tombstones/tombstone_07 to DropBox (SYSTEM_TOMBSTONE)
01-19 02:30:00.337  3381  3534 W NativeCrashListener: Couldn't find ProcessRecord for pid 6575
01-19 02:30:00.341  3381  3400 I BootReceiver: Copying /data/tombstones/tombstone_08 to DropBox (SYSTEM_TOMBSTONE)
01-19 02:30:05.539  3381  3534 W NativeCrashListener: Couldn't find ProcessRecord for pid 6581
01-19 02:30:05.542  3381  3400 I BootReceiver: Copying /data/tombstones/tombstone_03 to DropBox (SYSTEM_TOMBSTONE)
01-19 02:30:10.740  3381  3534 W NativeCrashListener: Couldn't find ProcessRecord for pid 6587
01-19 02:30:10.744  3381  3400 I BootReceiver: Copying /data/tombstones/tombstone_09 to DropBox (SYSTEM_TOMBSTONE)
01-19 02:30:15.347  3381  3534 W NativeCrashListener: Couldn't find ProcessRecord for pid 6600
01-19 02:30:15.350  3381  3400 I BootReceiver: Copying /data/tombstones/tombstone_04 to DropBox (SYSTEM_TOMBSTONE)
01-19 02:30:20.539  3381  3534 W NativeCrashListener: Couldn't find ProcessRecord for pid 6606
01-19 02:30:20.542  3381  3400 I BootReceiver: Copying /data/tombstones/tombstone_05 to DropBox (SYSTEM_TOMBSTONE)
01-19 02:30:25.740  3381  3534 W NativeCrashListener: Couldn't find ProcessRecord for pid 6613
01-19 02:30:25.744  3381  3400 I BootReceiver: Copying /data/tombstones/tombstone_02 to DropBox (SYSTEM_TOMBSTONE)
01-19 02:30:30.936  3381  3534 W NativeCrashListener: Couldn't find ProcessRecord for pid 6619
01-19 02:30:30.939  3381  3400 I BootReceiver: Copying /data/tombstones/tombstone_00 to DropBox (SYSTEM_TOMBSTONE)
01-19 02:30:36.128  3381  3534 W NativeCrashListener: Couldn't find ProcessRecord for pid 6625
01-19 02:30:36.132  3381  3400 I BootReceiver: Copying /data/tombstones/tombstone_01 to DropBox (SYSTEM_TOMBSTONE)
01-19 02:30:40.324  3381  3534 W NativeCrashListener: Couldn't find ProcessRecord for pid 6631
01-19 02:30:40.327  3381  3400 I BootReceiver: Copying /data/tombstones/tombstone_06 to DropBox (SYSTEM_TOMBSTONE)
01-19 02:30:45.529  3381  3534 W NativeCrashListener: Couldn't find ProcessRecord for pid 6637
01-19 02:30:45.532  3381  3400 I BootReceiver: Copying /data/tombstones/tombstone_07 to DropBox (SYSTEM_TOMBSTONE)
01-19 02:30:50.728  3381  3534 W NativeCrashListener: Couldn't find ProcessRecord for pid 6643
01-19 02:30:50.732  3381  3400 I BootReceiver: Copying /data/tombstones/tombstone_08 to DropBox (SYSTEM_TOMBSTONE)
01-19 02:30:55.927  3381  3534 W NativeCrashListener: Couldn't find ProcessRecord for pid 6651
01-19 02:30:55.931  3381  3400 I BootReceiver: Copying /data/tombstones/tombstone_03 to DropBox (SYSTEM_TOMBSTONE)
01-19 02:31:01.128  3381  3534 W NativeCrashListener: Couldn't find ProcessRecord for pid 6657
01-19 02:31:01.131  3381  3400 I BootReceiver: Copying /data/tombstones/tombstone_09 to DropBox (SYSTEM_TOMBSTONE)
01-19 02:31:05.326  3381  3534 W NativeCrashListener: Couldn't find ProcessRecord for pid 6663
01-19 02:31:05.329  3381  3400 I BootReceiver: Copying /data/tombstones/tombstone_04 to DropBox (SYSTEM_TOMBSTONE)
01-19 02:31:10.524  3381  3534 W NativeCrashListener: Couldn't find ProcessRecord for pid 6669
01-19 02:31:10.527  3381  3400 I BootReceiver: Copying /data/tombstones/tombstone_05 to DropBox (SYSTEM_TOMBSTONE)
01-19 02:31:15.724  3381  3534 W NativeCrashListener: Couldn't find ProcessRecord for pid 6675
01-19 02:31:15.727  3381  3400 I BootReceiver: Copying /data/tombstones/tombstone_02 to DropBox (SYSTEM_TOMBSTONE)
01-19 02:31:20.933  3381  3534 W NativeCrashListener: Couldn't find ProcessRecord for pid 6681
01-19 02:31:20.936  3381  3400 I BootReceiver: Copying /data/tombstones/tombstone_00 to DropBox (SYSTEM_TOMBSTONE)
01-19 02:31:26.128  3381  3534 W NativeCrashListener: Couldn't find ProcessRecord for pid 6689
01-19 02:31:26.132  3381  3400 I BootReceiver: Copying /data/tombstones/tombstone_01 to DropBox (SYSTEM_TOMBSTONE)
01-19 02:31:30.319  3381  3534 W NativeCrashListener: Couldn't find ProcessRecord for pid 6695
01-19 02:31:30.323  3381  3400 I BootReceiver: Copying /data/tombstones/tombstone_06 to DropBox (SYSTEM_TOMBSTONE)
01-19 02:31:35.518  3381  3534 W NativeCrashListener: Couldn't find ProcessRecord for pid 6702
01-19 02:31:35.522  3381  3400 I BootReceiver: Copying /data/tombstones/tombstone_07 to DropBox (SYSTEM_TOMBSTONE)
01-19 02:31:40.718  3381  3534 W NativeCrashListener: Couldn't find ProcessRecord for pid 6709
01-19 02:31:40.721  3381  3400 I BootReceiver: Copying /data/tombstones/tombstone_08 to DropBox (SYSTEM_TOMBSTONE)
01-19 02:31:45.918  3381  3534 W NativeCrashListener: Couldn't find ProcessRecord for pid 6715
01-19 02:31:45.921  3381  3400 I BootReceiver: Copying /data/tombstones/tombstone_03 to DropBox (SYSTEM_TOMBSTONE)
01-19 02:31:51.118  3381  3534 W NativeCrashListener: Couldn't find ProcessRecord for pid 6721
01-19 02:31:51.121  3381  3400 I BootReceiver: Copying /data/tombstones/tombstone_09 to DropBox (SYSTEM_TOMBSTONE)
01-19 02:31:55.301  3381  3534 W NativeCrashListener: Couldn't find ProcessRecord for pid 6728
01-19 02:31:55.304  3381  3400 I BootReceiver: Copying /data/tombstones/tombstone_04 to DropBox (SYSTEM_TOMBSTONE)
01-19 02:32:00.505  3381  3534 W NativeCrashListener: Couldn't find ProcessRecord for pid 6734
01-19 02:32:00.508  3381  3400 I BootReceiver: Copying /data/tombstones/tombstone_05 to DropBox (SYSTEM_TOMBSTONE)
01-19 02:32:05.710  3381  3534 W NativeCrashListener: Couldn't find ProcessRecord for pid 6740
01-19 02:32:05.715  3381  3400 I BootReceiver: Copying /data/tombstones/tombstone_02 to DropBox (SYSTEM_TOMBSTONE)
01-19 02:32:10.914  3381  3534 W NativeCrashListener: Couldn't find ProcessRecord for pid 6746
01-19 02:32:10.917  3381  3400 I BootReceiver: Copying /data/tombstones/tombstone_00 to DropBox (SYSTEM_TOMBSTONE)
01-19 02:32:16.109  3381  3534 W NativeCrashListener: Couldn't find ProcessRecord for pid 6752
01-19 02:32:16.113  3381  3400 I BootReceiver: Copying /data/tombstones/tombstone_01 to DropBox (SYSTEM_TOMBSTONE)
01-19 02:32:20.309  3381  3534 W NativeCrashListener: Couldn't find ProcessRecord for pid 6758
01-19 02:32:20.312  3381  3400 I BootReceiver: Copying /data/tombstones/tombstone_06 to DropBox (SYSTEM_TOMBSTONE)
01-19 02:32:25.509  3381  3534 W NativeCrashListener: Couldn't find ProcessRecord for pid 6765
01-19 02:32:25.512  3381  3400 I BootReceiver: Copying /data/tombstones/tombstone_07 to DropBox (SYSTEM_TOMBSTONE)
01-19 02:32:30.707  3381  3534 W NativeCrashListener: Couldn't find ProcessRecord for pid 6771
01-19 02:32:30.711  3381  3400 I BootReceiver: Copying /data/tombstones/tombstone_08 to DropBox (SYSTEM_TOMBSTONE)
01-19 02:32:35.910  3381  3534 W NativeCrashListener: Couldn't find ProcessRecord for pid 6777
01-19 02:32:35.914  3381  3400 I BootReceiver: Copying /data/tombstones/tombstone_03 to DropBox (SYSTEM_TOMBSTONE)
01-19 02:32:41.119  3381  3534 W NativeCrashListener: Couldn't find ProcessRecord for pid 6783
01-19 02:32:41.123  3381  3400 I BootReceiver: Copying /data/tombstones/tombstone_09 to DropBox (SYSTEM_TOMBSTONE)
01-19 02:32:45.309  3381  3534 W NativeCrashListener: Couldn't find ProcessRecord for pid 6789
01-19 02:32:45.313  3381  3400 I BootReceiver: Copying /data/tombstones/tombstone_04 to DropBox (SYSTEM_TOMBSTONE)
01-19 02:32:50.512  3381  3534 W NativeCrashListener: Couldn't find ProcessRecord for pid 6795
01-19 02:32:50.516  3381  3400 I BootReceiver: Copying /data/tombstones/tombstone_05 to DropBox (SYSTEM_TOMBSTONE)
01-19 02:32:55.709  3381  3534 W NativeCrashListener: Couldn't find ProcessRecord for pid 6802
01-19 02:32:55.712  3381  3400 I BootReceiver: Copying /data/tombstones/tombstone_02 to DropBox (SYSTEM_TOMBSTONE)
01-19 02:33:00.938  3381  3534 W NativeCrashListener: Couldn't find ProcessRecord for pid 6808
01-19 02:33:00.942  3381  3400 I BootReceiver: Copying /data/tombstones/tombstone_00 to DropBox (SYSTEM_TOMBSTONE)
01-19 02:33:06.141  3381  3534 W NativeCrashListener: Couldn't find ProcessRecord for pid 6814
01-19 02:33:06.144  3381  3400 I BootReceiver: Copying /data/tombstones/tombstone_01 to DropBox (SYSTEM_TOMBSTONE)
