01-19 14:01:08.216 15489 15489 I SystemServiceManager: Starting com.android.server.print.PrintManagerService
01-19 14:01:08.219 15489 15489 I SystemServiceManager: Starting com.android.server.restrictions.RestrictionsManagerService
01-19 14:01:08.222 15489 15489 I SystemServiceManager: Starting com.android.server.media.MediaSessionService
01-19 14:01:08.225 15489 15489 I SystemServer: StartMediaRouterService
01-19 14:01:08.234 15489 15489 I SystemServiceManager: Starting com.android.server.trust.TrustManagerService
01-19 14:01:08.236 15489 15489 I SystemServiceManager: Starting com.android.server.fingerprint.FingerprintService
01-19 14:01:08.900 15489 15605 I ActivityManager: Config changes=8 {1.0 ?mcc?mnc [en_US] ldltr sw411dp w411dp h707dp 560dpi nrml long port finger -keyb/h/h -nav/h s.5}
01-19 14:01:09.065 15489 15489 V FingerprintService: Fingerprint HAL id: 547933684224
01-19 14:01:09.067 15489 15489 I SystemServer: StartBackgroundDexOptService
01-19 14:01:09.069 15489 15489 I SystemServiceManager: Starting com.android.server.pm.ShortcutService$Lifecycle
01-19 14:01:09.078 15489 15489 I SystemServiceManager: Starting com.android.server.pm.LauncherAppsService
01-19 14:01:09.081 15489 15489 I SystemServiceManager: Starting com.android.server.media.projection.MediaProjectionManagerService
01-19 14:01:09.149 15489 15489 I WindowManager: SAFE MODE not enabled
01-19 14:01:09.154 15489 15489 I SystemServiceManager: Starting com.android.server.MmsServiceBroker
01-19 14:01:09.160 15489 15489 I CMSystemServer: Attempting to start service org.cyanogenmod.platform.internal.CMStatusBarManagerService
01-19 14:01:09.168 15489 15489 I CMSystemServer: Starting service org.cyanogenmod.platform.internal.CMStatusBarManagerService
01-19 14:01:09.168 15489 15489 I SystemServiceManager: Starting org.cyanogenmod.platform.internal.CMStatusBarManagerService
01-19 14:01:09.169 15489 15489 D CMStatusBarManagerService: registerCMStatusBar cmstatusbar: org.cyanogenmod.platform.internal.CMStatusBarManagerService@50c7218
01-19 14:01:09.173 15489 15489 I CMSystemServer: Attempting to start service org.cyanogenmod.platform.internal.ProfileManagerService
01-19 14:01:09.183 15489 15489 I CMSystemServer: Starting service org.cyanogenmod.platform.internal.ProfileManagerService
01-19 14:01:09.183 15489 15489 I SystemServiceManager: Starting org.cyanogenmod.platform.internal.ProfileManagerService
01-19 14:01:09.184  3015  3015 E ServiceManager: add_service('profile',6d) uid=1000 - ALREADY REGISTERED, OVERRIDE
01-19 14:01:09.184  3015  3015 I ServiceManager: service 'profile' died
01-19 14:01:09.190 15489 15489 V ProfileTriggerHelper: Enabling
01-19 14:01:09.195 15489 15489 D CMProfileService: Found active: 0230226d-0d05-494a-a9bd-d222a1117655
01-19 14:01:09.202 15489 15489 D CMProfileService: Set active profile to: 0230226d-0d05-494a-a9bd-d222a1117655 - Default
01-19 14:01:09.202 15489 15489 D CMProfileService: Saving profile data...
01-19 14:01:09.205 15489 15489 D CMProfileService: Save completed.
01-19 14:01:09.207 15489 15489 I CMSystemServer: Attempting to start service org.cyanogenmod.platform.internal.CMTelephonyManagerService
01-19 14:01:09.209 15489 15489 I CMSystemServer: Starting service org.cyanogenmod.platform.internal.CMTelephonyManagerService
01-19 14:01:09.210 15489 15489 I SystemServiceManager: Starting org.cyanogenmod.platform.internal.CMTelephonyManagerService
01-19 14:01:09.211 15489 15489 I CMSystemServer: Attempting to start service org.cyanogenmod.platform.internal.CMHardwareService
01-19 14:01:09.237 15489 15489 I CMSystemServer: Starting service org.cyanogenmod.platform.internal.CMHardwareService
01-19 14:01:09.237 15489 15489 I SystemServiceManager: Starting org.cyanogenmod.platform.internal.CMHardwareService
01-19 14:01:09.241  3015  3015 E ServiceManager: add_service('cmhardware',6f) uid=1000 - ALREADY REGISTERED, OVERRIDE
01-19 14:01:09.241  3015  3015 I ServiceManager: service 'cmhardware' died
01-19 14:01:09.242 15489 15489 I CMSystemServer: Attempting to start service org.cyanogenmod.platform.internal.PerformanceManagerService
01-19 14:01:09.250 15489 15657 I ServiceThread: Enabled StrictMode logging for PerformanceManager looper.
01-19 14:01:09.251 15489 15489 I CMSystemServer: Starting service org.cyanogenmod.platform.internal.PerformanceManagerService
01-19 14:01:09.251 15489 15489 I SystemServiceManager: Starting org.cyanogenmod.platform.internal.PerformanceManagerService
01-19 14:01:09.254 15489 15658 I ServiceThread: Enabled StrictMode logging for PerformanceManager looper.
01-19 14:01:09.254 15489 15489 I CMSystemServer: Attempting to start service org.cyanogenmod.platform.internal.WeatherManagerServiceBroker
01-19 14:01:09.258 15489 15489 I CMSystemServer: Starting service org.cyanogenmod.platform.internal.WeatherManagerServiceBroker
01-19 14:01:09.258 15489 15489 I SystemServiceManager: Starting org.cyanogenmod.platform.internal.WeatherManagerServiceBroker
01-19 14:01:09.260 15489 15489 I CMSystemServer: Attempting to start service org.cyanogenmod.platform.internal.display.LiveDisplayService
01-19 14:01:09.270 15489 15659 I ServiceThread: Enabled StrictMode logging for LiveDisplay looper.
01-19 14:01:09.275 15489 15489 I CMSystemServer: Starting service org.cyanogenmod.platform.internal.display.LiveDisplayService
01-19 14:01:09.276 15489 15489 I SystemServiceManager: Starting org.cyanogenmod.platform.internal.display.LiveDisplayService
01-19 14:01:09.278 15489 15660 I ServiceThread: Enabled StrictMode logging for LiveDisplay looper.
01-19 14:01:09.281 15489 15489 I CMSystemServer: Attempting to start service org.cyanogenmod.platform.internal.CMAudioServiceBroker
01-19 14:01:09.285 15489 15489 I CMSystemServer: Starting service org.cyanogenmod.platform.internal.CMAudioServiceBroker
01-19 14:01:09.285 15489 15489 I SystemServiceManager: Starting org.cyanogenmod.platform.internal.CMAudioServiceBroker
01-19 14:01:09.317 15489 15489 E LockSettingsStorage: Cannot read file java.io.FileNotFoundException: /data/system/gatekeeper.password.key: open failed: ENOENT (No such file or directory)
01-19 14:01:09.318 15489 15489 E LockSettingsStorage: Cannot read file java.io.FileNotFoundException: /data/system/password.key: open failed: ENOENT (No such file or directory)
01-19 14:01:09.319 15489 15489 E LockSettingsStorage: Cannot read file java.io.FileNotFoundException: /data/system/gatekeeper.pattern.key: open failed: ENOENT (No such file or directory)
01-19 14:01:09.320 15489 15489 E LockSettingsStorage: Cannot read file java.io.FileNotFoundException: /data/system/gatekeeper.gesture.key: open failed: ENOENT (No such file or directory)
01-19 14:01:09.321 15489 15489 E LockSettingsStorage: Cannot read file java.io.FileNotFoundException: /data/system/gesture.key: open failed: ENOENT (No such file or directory)
01-19 14:01:09.321 15489 15489 I SystemServiceManager: Starting phase 480
01-19 14:01:09.325 15489 15489 W DevicePolicyManagerService: Trying to set ro.device_owner, but it has already been set?
01-19 14:01:09.329 15489 15489 I SystemServiceManager: Starting phase 500
01-19 14:01:09.338 15489 15489 D ConnectivityMetricsLoggerService: onBootPhase: PHASE_SYSTEM_SERVICES_READY
01-19 14:01:09.349 15489 15489 I WifiService: WifiService starting up with Wi-Fi enabled
01-19 14:01:09.354 15489 15489 D WifiService: setWifiEnabled: true pid=15489, uid=1000
01-19 14:01:09.354 15489 15489 I WifiScanningService: Starting wifiscanner
01-19 14:01:09.358 15489 15621 D WifiController: WifiController msg { when=-2ms what=155656 target=com.android.internal.util.StateMachine$SmHandler } deferred for 500ms
01-19 14:01:09.379 15489 15489 I RttService: Registering rttmanager
01-19 14:01:09.381 15489 15489 I EthernetServiceImpl: Starting Ethernet service
01-19 14:01:09.384 15489 15489 D Ethernet: Registering NetworkFactory
01-19 14:01:09.384 15489 15627 D ConnectivityService: Got NetworkFactory Messenger for Ethernet
01-19 14:01:09.385 15489 15662 D Ethernet: got request NetworkRequest [ REQUEST id=1, [ Capabilities: INTERNET&NOT_RESTRICTED&TRUSTED&NOT_VPN] ] with score 0
01-19 14:01:09.398 15489 15489 D ZenLog  : config: cleanUpZenRules,ZenModeConfig[user=0,allowCalls=true,allowRepeatCallers=false,allowMessages=false,allowCallsFrom=contacts,allowMessagesFrom=contacts,allowReminders=true,allowEvents=true,allowWhenScreenOff=true,allowWhenScreenOn=true,automaticRules={ef47cc757fd44472b892444cbf32df00=ZenRule[enabled=false,snoozing=false,name=Event,zenMode=ZEN_MODE_ALARMS,conditionId=condition://android/event?userId=-10000&calendar=&reply=1,condition=Condition[id=condition://android/event?userId=-10000&calendar=&reply=1,summary=...,line1=...,line2=...,icon=0,state=STATE_FALSE,flags=2],component=ComponentInfo{android/com.android.server.notification.EventConditionProvider},id=ef47cc757fd44472b892444cbf32df00,creationTime=1452428313209,enabler=null], df8365469dca4d8aa9aa01a37f484e10=ZenRule[enabled=false,snoozing=false,name=Weekend,zenMode=ZEN_MODE_ALARMS,conditionId=condition://android/schedule?days=6.7&start=23.30&end=10.0&exitAtAlarm=false,condition=Condition[id=condition://android/schedule?days=6.7&start=23.30&end=10.0&exitAtAlarm=false,summary=...,line1=...,line2=...,icon=0,state=STATE_FALSE,flags=2],component=ComponentInfo{android/com.android.server.notification.ScheduleConditionProvider},id=df8365469dca4d8aa9aa01a37f484e10,creationTime=1452428313208,enabler=null], bdaffc8901b7469a80d9760cd3bc016b=ZenRule[enabled=false,snoozing=false,name=Weeknight,zenMode=ZEN_MODE_ALARMS,conditionId=condition://android/schedule?days=1.2.3.4.5&start=22.0&end=7.0&exitAtAlarm=false,condition=Condition[id=condition://android/schedule?days=1.2.3.4.5&start=22.0&end=7.0&exitAtAlarm=false,summary=...,line1=...,line2=...,icon=0,state=STATE_FALSE,flags=2],component=ComponentInfo{android/com.android.server.notification.ScheduleConditionProvider},id=bdaffc8901b7469a80d9760cd3bc016b,creationTime=1452428313208,enabler=null]},manualRule=null],Diff[]
01-19 14:01:09.399 15489 15489 D ZenLog  : set_zen_mode: off,onSystemReady
01-19 14:01:09.402 15271 15486 D PermissionCache: checking android.permission.CAPTURE_AUDIO_HOTWORD for uid=1000 => granted (278 us)
01-19 14:01:09.402 15489 15489 W SoundTriggerHelper: listModules status=0, # of modules=0
01-19 14:01:09.402 15489 15489 D ContextHubSystemService: onBootPhase: PHASE_SYSTEM_SERVICES_READY
01-19 14:01:09.409 15489 15489 E PerformanceManager: System is not ready, dropping profile request
01-19 14:01:09.435 15489 15489 I ActivityManager: Config changes=20 {1.0 ?mcc?mnc [en_US] ldltr sw411dp w411dp h707dp 560dpi nrml long port finger -keyb/v/h -nav/h s.6}
01-19 14:01:09.485 15489 15489 V UserManagerService: Found /data/user_de/0 with serial number 0
01-19 14:01:09.485 15489 15489 V UserManagerService: Found /data/user/0 with serial number 0
01-19 14:01:09.485 15489 15489 V UserManagerService: Found /data/system_de/0 with serial number 0
01-19 14:01:09.485 15489 15489 V UserManagerService: Found /data/system_ce/0 with serial number 0
01-19 14:01:09.487 15489 15489 I ActivityManager: System now ready
01-19 14:01:09.497 15489 15489 I SystemServer: Making services ready
01-19 14:01:09.497 15489 15489 I SystemServiceManager: Starting phase 550
01-19 14:01:09.501 15489 15489 D BluetoothManagerService: Bluetooth boot completed
01-19 14:01:09.518 15489 15489 E InputMethodManagerService: Ignoring updateSystemUiLocked due to an invalid token. uid:1000 token:null
01-19 14:01:09.519 15489 15567 W KeyguardServiceDelegate: onScreenTurningOn(): no keyguard service!
01-19 14:01:09.532 15489 15565 W LocalDisplayAdapter: Unable to find color mode 0, ignoring request.
01-19 14:01:09.551 15489 15489 I Zygote  : Process: zygote socket opened, supported ABIS: arm64-v8a
01-19 14:01:09.565 15489 15489 I ActivityManager: Start proc 15675:com.android.inputmethod.latin/u0a62 for service com.android.inputmethod.latin/.LatinIME
01-19 14:01:09.565 15489 15489 V InputMethodManagerService: Adding window token: android.os.Binder@a674617
01-19 14:01:09.565 15489 15608 D MountService: Thinking about init, mSystemReady=true, mDaemonConnected=true
01-19 14:01:09.566 15489 15608 D MountService: Setting up emulation state, initlocked=false
01-19 14:01:09.566 15489 15608 D CryptdConnector: SND -> {2 cryptfs unlock_user_key 0 0 ! !}
01-19 14:01:09.567 15489 15489 E BitmapFactory: Unable to decode stream: java.io.FileNotFoundException: /data/system/users/0/wallpaper_orig (No such file or directory)
01-19 14:01:09.567 15489 15489 E WallpaperManagerService: Invalid wallpaper data
01-19 14:01:09.567 15489 15489 E WallpaperManagerService: Unable to apply new wallpaper
01-19 14:01:09.568  2945  3000 D vold    : e4crypt_unlock_user_key 0 serial=0 token_present=0
01-19 14:01:09.569 15489 15611 D CryptdConnector: RCV <- {200 2 Command succeeded}
01-19 14:01:09.570 15489 15608 D MountService: Thinking about reset, mSystemReady=true, mDaemonConnected=true
01-19 14:01:09.571 15489 15608 D VoldConnector: SND -> {3 volume reset}
01-19 14:01:09.577 15489 15610 D VoldConnector: RCV <- {651 emulated 5}
01-19 14:01:09.587 15489 15489 I ActivityManager: Start proc 15689:com.android.systemui/u0a33 for service com.android.systemui/.ImageWallpaper
01-19 14:01:09.590 15489 15557 I ActivityManager: Force stopping com.android.providers.media appid=10009 user=-1: vold reset
01-19 14:01:09.600 15489 15489 D UsbAlsaManager: Adding ALSA device AlsaDevice: [card: 0, device: 9, type: 1]
01-19 14:01:09.600 15489 15489 D UsbAlsaManager: Adding ALSA device AlsaDevice: [card: 0, device: 8, type: 1]
01-19 14:01:09.601 15489 15489 D UsbAlsaManager: Adding ALSA device AlsaDevice: [card: 0, device: 7, type: 1]
01-19 14:01:09.601 15489 15489 D UsbAlsaManager: Adding ALSA device AlsaDevice: [card: 0, device: 6, type: 1]
01-19 14:01:09.601 15489 15489 D UsbAlsaManager: Adding ALSA device AlsaDevice: [card: 0, device: 3, type: 1]
01-19 14:01:09.601 15489 15489 D UsbAlsaManager: Adding ALSA device AlsaDevice: [card: 0, device: 2, type: 1]
01-19 14:01:09.601 15489 15489 D UsbAlsaManager: Adding ALSA device AlsaDevice: [card: 0, device: 1, type: 1]
01-19 14:01:09.601 15489 15489 D UsbAlsaManager: Adding ALSA device AlsaDevice: [card: 0, device: 2, type: 2]
01-19 14:01:09.601 15489 15489 D UsbAlsaManager: Adding ALSA device AlsaDevice: [card: 0, device: 0, type: 1]
01-19 14:01:09.601 15489 15489 D UsbAlsaManager: Adding ALSA device AlsaDevice: [card: 0, device: 1, type: 2]
01-19 14:01:09.601 15489 15489 D UsbAlsaManager: Adding ALSA device AlsaDevice: [card: 0, device: 0, type: 2]
01-19 14:01:09.604 15489 15634 D BluetoothManagerService: Trying to bind to profile: 1, while Bluetooth was disabled
01-19 14:01:09.607 15489 15489 W MountService: No primary storage defined yet; hacking together a stub
01-19 14:01:09.622 15489 15489 I SystemServer: WebViewFactory preparation
01-19 14:01:09.630 15271 15636 I AudioFlinger: systemReady
01-19 14:01:09.635 15689 15689 W System  : ClassLoader referenced unknown path: /system/priv-app/SystemUI/lib/arm64
01-19 14:01:09.638 15489 15489 D WebViewFactory: Setting new address space to 147551200
01-19 14:01:09.658 15489 15489 I Zygote  : Process: zygote socket opened, supported ABIS: armeabi-v7a,armeabi
01-19 14:01:09.665 15675 15675 I LatinIME: Hardware accelerated drawing: true
01-19 14:01:09.667 15489 15709 E WVMExtractor: Failed to open libwvm.so: dlopen failed: library "libwvm.so" not found
01-19 14:01:09.669 15489 15489 I ActivityManager: Start proc 15713:WebViewLoader-armeabi-v7a/1037 [android.webkit.WebViewFactory$RelroFileCreator] for 
01-19 14:01:09.677 15270 15304 I MediaPlayerService: MediaPlayerService::getOMX
01-19 14:01:09.680 15270 15304 I EXYNOS_COMP_REGS: Loading the library: libOMX.Exynos.AVC.Decoder.so
01-19 14:01:09.685 15489 15489 I ActivityManager: Start proc 15727:WebViewLoader-arm64-v8a/1037 [android.webkit.WebViewFactory$RelroFileCreator] for 
01-19 14:01:09.686 15713 15713 V WebViewFactory: RelroFileCreator (64bit = false),  32-bit lib: /system/app/webview/webview.apk!/lib/armeabi-v7a/libwebviewchromium.so, 64-bit lib: /system/app/webview/webview.apk!/lib/arm64-v8a/libwebviewchromium.so
01-19 14:01:09.690 15489 15489 D NetworkManagement: enabling bandwidth control
01-19 14:01:09.698 15270 15304 I EXYNOS_COMP_REGS: Loading the library: libOMX.Exynos.AVC.Encoder.so
01-19 14:01:09.702 15689 15689 V SystemUIService: Starting SystemUI services for user 0.
01-19 14:01:09.708 15270 15304 I EXYNOS_COMP_REGS: Loading the library: libOMX.Exynos.HEVC.Decoder.so
01-19 14:01:09.717 15270 15304 I EXYNOS_COMP_REGS: Loading the library: libOMX.Exynos.HEVC.Encoder.so
01-19 14:01:09.728 15270 15304 I EXYNOS_COMP_REGS: Loading the library: libOMX.Exynos.MPEG4.Decoder.so
01-19 14:01:09.735 15675 15675 W InputAttributes: No editor info for this field. Bug?
01-19 14:01:09.736 15270 15304 I EXYNOS_COMP_REGS: Loading the library: libOMX.Exynos.MPEG4.Encoder.so
01-19 14:01:09.736 15689 15689 V MediaRouter: Adding route: RouteInfo{ name=Phone, description=null, status=null, category=RouteCategory{ name=null types=ROUTE_TYPE_LIVE_AUDIO ROUTE_TYPE_LIVE_VIDEO  groupable=false }, supportedTypes=ROUTE_TYPE_LIVE_AUDIO ROUTE_TYPE_LIVE_VIDEO , presentationDisplay=null }
01-19 14:01:09.741 15270 15304 I EXYNOS_COMP_REGS: Loading the library: libOMX.Exynos.VP8.Decoder.so
01-19 14:01:09.745 15727 15727 V WebViewFactory: RelroFileCreator (64bit = true),  32-bit lib: /system/app/webview/webview.apk!/lib/armeabi-v7a/libwebviewchromium.so, 64-bit lib: /system/app/webview/webview.apk!/lib/arm64-v8a/libwebviewchromium.so
01-19 14:01:09.745 15689 15689 V MediaRouter: Updating audio routes: AudioRoutesInfo{ type=SPEAKER }
01-19 14:01:09.746 15270 15304 I EXYNOS_COMP_REGS: Loading the library: libOMX.Exynos.VP8.Encoder.so
01-19 14:01:09.747 15689 15689 V MediaRouter: Selecting route: RouteInfo{ name=Phone, description=null, status=null, category=RouteCategory{ name=null types=ROUTE_TYPE_LIVE_AUDIO ROUTE_TYPE_LIVE_VIDEO  groupable=false }, supportedTypes=ROUTE_TYPE_LIVE_AUDIO ROUTE_TYPE_LIVE_VIDEO , presentationDisplay=null }
01-19 14:01:09.748 15713 15713 I art     : System.exit called, status: 0
01-19 14:01:09.748 15713 15713 I AndroidRuntime: VM exiting with result code 0, cleanup skipped.
01-19 14:01:09.748 15675 15748 I LatinIME:LogUtils: Dictionary info: dictionary = userunigram.en_US ; version = 1453251669 ; date = ?
01-19 14:01:09.750 15675 15748 E ActivityThread: Failed to find provider info for user_dictionary
01-19 14:01:09.750 15675 15748 I LatinIME:LogUtils: Dictionary info: dictionary = UserHistoryDictionary.en_US ; version = 1453251669 ; date = ?
01-19 14:01:09.752 15270 15304 I EXYNOS_COMP_REGS: Loading the library: libOMX.Exynos.VP9.Decoder.so
01-19 14:01:09.757 15270 15304 I EXYNOS_COMP_REGS: Loading the library: libOMX.Exynos.VP9.Encoder.so
01-19 14:01:09.763 15270 15304 I EXYNOS_COMP_REGS: Loading the library: libOMX.Exynos.WMV.Decoder.so
01-19 14:01:09.777 15270 15304 I OMXClient: MuxOMX ctor
01-19 14:01:09.778 15270 15304 I MediaPlayerService: MediaPlayerService::getOMX
01-19 14:01:09.779 15270 15304 I OMXClient: MuxOMX ctor
01-19 14:01:09.779  3035  3780 I OMXMaster: makeComponentInstance(OMX.Exynos.MPEG4.Decoder) in mediacodec process
01-19 14:01:09.781  3035  3780 D libexynosv4l2: try node: /dev/video6
01-19 14:01:09.782  3035  3780 I libexynosv4l2: node found for device s5p-mfc-dec: /dev/video6
01-19 14:01:09.785  3035  3780 I libexynosv4l2: open video device /dev/video6
01-19 14:01:09.787 15727 15727 I art     : System.exit called, status: 0
01-19 14:01:09.787 15727 15727 I AndroidRuntime: VM exiting with result code 0, cleanup skipped.
01-19 14:01:09.798 15675 15748 I LatinIME:LogUtils: Dictionary info: dictionary = main:en ; version = 54 ; date = 1414726273
01-19 14:01:09.800  3035  3780 E OMXNodeInstance: getExtensionIndex(bdb0085:Exynos.MPEG4.Decoder, OMX.google.android.index.configureVideoTunnelMode) ERROR: BadParameter(0x80001005)
01-19 14:01:09.802 15270 15304 I MediaPlayerService: MediaPlayerService::getOMX
01-19 14:01:09.802 15270 15304 I OMXClient: MuxOMX ctor
01-19 14:01:09.802  3035  3780 I OMXMaster: makeComponentInstance(OMX.Exynos.H263.Decoder) in mediacodec process
01-19 14:01:09.804  3035  3780 D libexynosv4l2: try node: /dev/video6
01-19 14:01:09.805  3035  3780 I libexynosv4l2: node found for device s5p-mfc-dec: /dev/video6
01-19 14:01:09.808  3035  3780 I libexynosv4l2: open video device /dev/video6
01-19 14:01:09.811 15689 15764 E WVMExtractor: Failed to open libwvm.so: dlopen failed: library "libwvm.so" not found
01-19 14:01:09.816 15489 15489 W NetworkManagement: setDataSaverMode(): already false
01-19 14:01:09.817  3035  3780 E OMXNodeInstance: getExtensionIndex(bdb0086:Exynos.H263.Decoder, OMX.google.android.index.configureVideoTunnelMode) ERROR: BadParameter(0x80001005)
01-19 14:01:09.819 15270 15304 I MediaPlayerService: MediaPlayerService::getOMX
01-19 14:01:09.819 15270 15304 I OMXClient: MuxOMX ctor
01-19 14:01:09.820  3035  3780 I OMXMaster: makeComponentInstance(OMX.Exynos.AVC.Decoder) in mediacodec process
01-19 14:01:09.823  3035  3780 D libexynosv4l2: try node: /dev/video6
01-19 14:01:09.824  3035  3780 I libexynosv4l2: node found for device s5p-mfc-dec: /dev/video6
01-19 14:01:09.828  3035  3780 I libexynosv4l2: open video device /dev/video6
01-19 14:01:09.833 15489 15489 W ConnectivityExtension: ConnectivityExt jar file not present
01-19 14:01:09.834 15270 15304 W ACodec  : [OMX.Exynos.AVC.Decoder] stopping checking profiles after 32: 2/8000
01-19 14:01:09.836  3035  3780 E OMXNodeInstance: getExtensionIndex(bdb0087:Exynos.AVC.Decoder, OMX.google.android.index.configureVideoTunnelMode) ERROR: BadParameter(0x80001005)
01-19 14:01:09.838 15270 15304 I MediaPlayerService: MediaPlayerService::getOMX
01-19 14:01:09.838 15270 15304 I OMXClient: MuxOMX ctor
01-19 14:01:09.839  3035  3780 I OMXMaster: makeComponentInstance(OMX.Exynos.avc.dec.secure) in mediacodec process
01-19 14:01:09.842  3035  3780 D libexynosv4l2: try node: /dev/video6
01-19 14:01:09.843  3035  3780 I libexynosv4l2: node found for device s5p-mfc-dec: /dev/video6
01-19 14:01:09.847  3035  3780 I libexynosv4l2: open video device /dev/video6
01-19 14:01:09.847  3035  3780 I EXYNOS_VIDEO_OSAL: [Exynos_OSAL_OMX2VideoFormat] color format(0x7f000012)/plane type(0x11) is not supported
01-19 14:01:09.847  3035  3780 I EXYNOS_VIDEO_OSAL: [Exynos_OSAL_OMX2VideoFormat] color format(0x7f000011)/plane type(0x11) is not supported
01-19 14:01:09.854 15270 15304 W ACodec  : [OMX.Exynos.avc.dec.secure] stopping checking profiles after 32: 2/8000
01-19 14:01:09.855  3035  3094 W Exynos_OSAL_Android: [0xf530ae00][Exynos_OSAL_GetParameter] requested on secure codec
01-19 14:01:09.857  3035  3035 W Exynos_OSAL_Android: [0xf530ae00][Exynos_OSAL_GetParameter] requested on secure codec
01-19 14:01:09.859  3035  3781 E OMXNodeInstance: getExtensionIndex(bdb0088:Exynos.avc.dec.secure, OMX.google.android.index.configureVideoTunnelMode) ERROR: BadParameter(0x80001005)
01-19 14:01:09.862 15270 15304 I MediaPlayerService: MediaPlayerService::getOMX
01-19 14:01:09.862 15270 15304 I OMXClient: MuxOMX ctor
01-19 14:01:09.863  3035  3781 I OMXMaster: makeComponentInstance(OMX.Exynos.VP8.Decoder) in mediacodec process
01-19 14:01:09.864 15489 15621 D WifiController: DEFERRED_TOGGLE handled
01-19 14:01:09.865 15489 15622 E WifiMonitor: killSupplicant p2ptrue init.svc.wpa_supplicant=unknown init.svc.p2p_supplicant=unknown
01-19 14:01:09.865  3035  3781 D libexynosv4l2: try node: /dev/video6
01-19 14:01:09.866  3035  3781 I libexynosv4l2: node found for device s5p-mfc-dec: /dev/video6
01-19 14:01:09.869  3035  3781 I libexynosv4l2: open video device /dev/video6
01-19 14:01:09.877  3035  3780 E OMXNodeInstance: getExtensionIndex(bdb0089:Exynos.VP8.Decoder, OMX.google.android.index.configureVideoTunnelMode) ERROR: BadParameter(0x80001005)
01-19 14:01:09.879 15270 15304 I MediaPlayerService: MediaPlayerService::getOMX
01-19 14:01:09.880 15270 15304 I OMXClient: MuxOMX ctor
01-19 14:01:09.880  3035  3780 I OMXMaster: makeComponentInstance(OMX.Exynos.HEVC.Decoder) in mediacodec process
01-19 14:01:09.882  3035  3780 D libexynosv4l2: try node: /dev/video6
01-19 14:01:09.883  3035  3780 I libexynosv4l2: node found for device s5p-mfc-dec: /dev/video6
01-19 14:01:09.886  3035  3780 I libexynosv4l2: open video device /dev/video6
01-19 14:01:09.893 15489 15703 I ActivityManager: user 0 is still locked. Cannot load recents
01-19 14:01:09.894  3035  3035 E OMXNodeInstance: getExtensionIndex(bdb008a:Exynos.HEVC.Decoder, OMX.google.android.index.configureVideoTunnelMode) ERROR: BadParameter(0x80001005)
01-19 14:01:09.897 15270 15304 I MediaPlayerService: MediaPlayerService::getOMX
01-19 14:01:09.897 15270 15304 I OMXClient: MuxOMX ctor
01-19 14:01:09.897  3035  3035 I OMXMaster: makeComponentInstance(OMX.Exynos.VP9.Decoder) in mediacodec process
01-19 14:01:09.899 15489 15489 D NetworkPolicy: setRestrictBackgroundUL(): false
01-19 14:01:09.900 15489 15489 W NetworkManagement: setDataSaverMode(): already false
01-19 14:01:09.900  3035  3035 D libexynosv4l2: try node: /dev/video6
01-19 14:01:09.900  3035  3035 I libexynosv4l2: node found for device s5p-mfc-dec: /dev/video6
01-19 14:01:09.904  3035  3035 I libexynosv4l2: open video device /dev/video6
01-19 14:01:09.910  3035  3781 E EXYNOS_VP9_DEC: [0xf530a380][GetIndexToProfileLevel] supported profile(1), level(1)
01-19 14:01:09.910  3035  3780 E EXYNOS_VP9_DEC: [0xf530a380][GetIndexToProfileLevel] supported profile(1), level(2)
01-19 14:01:09.911  3035  3094 E EXYNOS_VP9_DEC: [0xf530a380][GetIndexToProfileLevel] supported profile(1), level(4)
01-19 14:01:09.911  3035  3781 E EXYNOS_VP9_DEC: [0xf530a380][GetIndexToProfileLevel] supported profile(1), level(8)
01-19 14:01:09.911  3035  3035 E EXYNOS_VP9_DEC: [0xf530a380][GetIndexToProfileLevel] supported profile(1), level(10)
01-19 14:01:09.912  3035  3780 E EXYNOS_VP9_DEC: [0xf530a380][GetIndexToProfileLevel] supported profile(1), level(20)
01-19 14:01:09.912  3035  3094 E EXYNOS_VP9_DEC: [0xf530a380][GetIndexToProfileLevel] supported profile(1), level(40)
01-19 14:01:09.912  3035  3781 E EXYNOS_VP9_DEC: [0xf530a380][GetIndexToProfileLevel] supported profile(1), level(80)
01-19 14:01:09.914  3035  3094 E OMXNodeInstance: getExtensionIndex(bdb008b:Exynos.VP9.Decoder, OMX.google.android.index.configureVideoTunnelMode) ERROR: BadParameter(0x80001005)
01-19 14:01:09.914 15689 15689 I vol.Events: writeEvent collection_started
01-19 14:01:09.916 15270 15304 I MediaPlayerService: MediaPlayerService::getOMX
01-19 14:01:09.917 15270 15304 I OMXClient: MuxOMX ctor
01-19 14:01:09.918  3035  3094 I OMXMaster: makeComponentInstance(OMX.Exynos.AVC.Encoder) in mediacodec process
01-19 14:01:09.920  3035  3094 D libexynosv4l2: try node: /dev/video6
01-19 14:01:09.921  3035  3094 D libexynosv4l2: try node: /dev/video7
01-19 14:01:09.921  3035  3094 I libexynosv4l2: node found for device s5p-mfc-enc: /dev/video7
01-19 14:01:09.922 15689 15788 I vol.Events: writeEvent external_ringer_mode_changed normal
01-19 14:01:09.922 15689 15788 I vol.Events: writeEvent internal_ringer_mode_changed normal
01-19 14:01:09.928  3035  3094 I libexynosv4l2: open video device /dev/video7
01-19 14:01:09.931 15270 15304 W ACodec  : [OMX.Exynos.AVC.Encoder] stopping checking profiles after 32: 2/8000
01-19 14:01:09.932 15270 15304 W ACodec  : do not know color format 0x7f000011 = 2130706449
01-19 14:01:09.933 15270 15304 W ACodec  : do not know color format 0x10 = 16
01-19 14:01:09.933 15270 15304 W ACodec  : do not know color format 0x7f00a000 = 2130747392
01-19 14:01:09.933 15270 15304 W ACodec  : do not know color format 0x7f000789 = 2130708361
01-19 14:01:09.934 15270 15304 W ACodec  : do not know color format 0x7f000012 = 2130706450
01-19 14:01:09.934  3035  3781 E OMXNodeInstance: getConfig(bdb008c:Exynos.AVC.Encoder, ConfigAndroidIntraRefresh(0x6f60000a)) ERROR: UnsupportedIndex(0x8000101a)
01-19 14:01:09.937 15270 15304 I MediaPlayerService: MediaPlayerService::getOMX
01-19 14:01:09.937 15270 15304 I OMXClient: MuxOMX ctor
01-19 14:01:09.937  3035  3094 I OMXMaster: makeComponentInstance(OMX.Exynos.H263.Encoder) in mediacodec process
01-19 14:01:09.942  3035  3094 D libexynosv4l2: try node: /dev/video6
01-19 14:01:09.942  3035  3094 D libexynosv4l2: try node: /dev/video7
01-19 14:01:09.942  3035  3094 I libexynosv4l2: node found for device s5p-mfc-enc: /dev/video7
01-19 14:01:09.946  3035  3094 I libexynosv4l2: open video device /dev/video7
01-19 14:01:09.949 15270 15304 W ACodec  : do not know color format 0x7f000011 = 2130706449
01-19 14:01:09.949 15270 15304 W ACodec  : do not know color format 0x10 = 16
01-19 14:01:09.949 15270 15304 W ACodec  : do not know color format 0x7f00a000 = 2130747392
01-19 14:01:09.949 15270 15304 W ACodec  : do not know color format 0x7f000789 = 2130708361
01-19 14:01:09.950 15270 15304 W ACodec  : do not know color format 0x7f000012 = 2130706450
01-19 14:01:09.950  3035  3781 E OMXNodeInstance: getConfig(bdb008d:Exynos.H263.Encoder, ConfigAndroidIntraRefresh(0x6f60000a)) ERROR: UnsupportedIndex(0x8000101a)
01-19 14:01:09.952 15270 15304 I MediaPlayerService: MediaPlayerService::getOMX
01-19 14:01:09.952 15270 15304 I OMXClient: MuxOMX ctor
01-19 14:01:09.952  3035  3094 I OMXMaster: makeComponentInstance(OMX.Exynos.MPEG4.Encoder) in mediacodec process
01-19 14:01:09.954  3035  3094 D libexynosv4l2: try node: /dev/video6
01-19 14:01:09.955  3035  3094 D libexynosv4l2: try node: /dev/video7
01-19 14:01:09.955  3035  3094 I libexynosv4l2: node found for device s5p-mfc-enc: /dev/video7
01-19 14:01:09.961  3035  3094 I libexynosv4l2: open video device /dev/video7
01-19 14:01:09.964 15270 15304 W ACodec  : do not know color format 0x7f000011 = 2130706449
01-19 14:01:09.964 15270 15304 W ACodec  : do not know color format 0x10 = 16
01-19 14:01:09.964 15270 15304 W ACodec  : do not know color format 0x7f00a000 = 2130747392
01-19 14:01:09.965 15270 15304 W ACodec  : do not know color format 0x7f000789 = 2130708361
01-19 14:01:09.965 15270 15304 W ACodec  : do not know color format 0x7f000012 = 2130706450
01-19 14:01:09.965  3035  3781 E OMXNodeInstance: getConfig(bdb008e:Exynos.MPEG4.Encoder, ConfigAndroidIntraRefresh(0x6f60000a)) ERROR: UnsupportedIndex(0x8000101a)
01-19 14:01:09.967 15270 15304 I MediaPlayerService: MediaPlayerService::getOMX
01-19 14:01:09.968 15270 15304 I OMXClient: MuxOMX ctor
01-19 14:01:09.968  3035  3094 I OMXMaster: makeComponentInstance(OMX.Exynos.VP8.Encoder) in mediacodec process
01-19 14:01:09.969  3035  3094 D libexynosv4l2: try node: /dev/video6
01-19 14:01:09.970  3035  3094 D libexynosv4l2: try node: /dev/video7
01-19 14:01:09.970  3035  3094 I libexynosv4l2: node found for device s5p-mfc-enc: /dev/video7
01-19 14:01:09.974  3035  3094 I libexynosv4l2: open video device /dev/video7
01-19 14:01:09.977 15489 15610 D VoldConnector: RCV <- {651 emulated 0}
01-19 14:01:09.978 15489 15610 D VoldConnector: RCV <- {651 emulated 8}
01-19 14:01:09.978 15489 15610 D VoldConnector: RCV <- {659 emulated}
01-19 14:01:09.979 15489 15610 D VoldConnector: RCV <- {650 emulated 2 "" ""}
01-19 14:01:09.979 15489 15610 D VoldConnector: RCV <- {654 emulated emulated}
01-19 14:01:09.980 15489 15610 D VoldConnector: RCV <- {651 emulated 0}
01-19 14:01:09.980 15489 15610 D VoldConnector: RCV <- {200 3 Command succeeded}
01-19 14:01:09.981 15489 15608 D VoldConnector: SND -> {4 volume user_added 0 0}
01-19 14:01:09.981 15489 15563 V MountService: Found primary storage at VolumeInfo{emulated}:
01-19 14:01:09.981 15489 15563 V MountService:     type=EMULATED diskId=null partGuid=null mountFlags=0 mountUserId=-1 
01-19 14:01:09.981 15489 15563 V MountService:     state=UNMOUNTED 
01-19 14:01:09.981 15489 15563 V MountService:     fsType=null fsUuid=null fsLabel=null 
01-19 14:01:09.981 15489 15563 V MountService:     path=null internalPath=null 
01-19 14:01:09.981 15489 15610 D VoldConnector: RCV <- {200 4 Command succeeded}
01-19 14:01:09.983 15270 15304 W ACodec  : do not know color format 0x7f000011 = 2130706449
01-19 14:01:09.984 15270 15304 W ACodec  : do not know color format 0x10 = 16
01-19 14:01:09.984 15270 15304 W ACodec  : do not know color format 0x7f00a000 = 2130747392
01-19 14:01:09.987 15270 15304 W ACodec  : do not know color format 0x7f000789 = 2130708361
01-19 14:01:09.988 15489 15608 D VoldConnector: SND -> {5 volume mount emulated 3 -1}
01-19 14:01:09.992  2945  2999 V vold    : Waiting for FUSE to spin up...
01-19 14:01:09.992 15489 15610 D VoldConnector: RCV <- {651 emulated 1}
01-19 14:01:09.993 15489 15610 D VoldConnector: RCV <- {656 emulated /data/media}
01-19 14:01:09.994 15489 15610 D VoldConnector: RCV <- {655 emulated /storage/emulated}
01-19 14:01:09.996 15689 15788 I vol.Events: writeEvent level_changed STREAM_ALARM 6
01-19 14:01:09.997 15802 15802 W sdcard  : Device explicitly enabled sdcardfs
01-19 14:01:09.998 15689 15788 I vol.Events: writeEvent level_changed STREAM_BLUETOOTH_SCO 7
01-19 14:01:10.001 15689 15788 I vol.Events: writeEvent level_changed STREAM_MUSIC 11
01-19 14:01:10.003 15270 15304 W ACodec  : do not know color format 0x7f000012 = 2130706450
01-19 14:01:10.004  3035  3094 E OMXNodeInstance: getConfig(bdb008f:Exynos.VP8.Encoder, ConfigAndroidIntraRefresh(0x6f60000a)) ERROR: UnsupportedIndex(0x8000101a)
01-19 14:01:10.007 15270 15304 I MediaPlayerService: MediaPlayerService::getOMX
01-19 14:01:10.009 15270 15304 I OMXClient: MuxOMX ctor
01-19 14:01:10.009  3035  3781 I OMXMaster: makeComponentInstance(OMX.Exynos.HEVC.Encoder) in mediacodec process
01-19 14:01:10.012  3035  3781 D libexynosv4l2: try node: /dev/video6
01-19 14:01:10.012  3035  3781 D libexynosv4l2: try node: /dev/video7
01-19 14:01:10.012  3035  3781 I libexynosv4l2: node found for device s5p-mfc-enc: /dev/video7
01-19 14:01:10.015 15489 15489 I SystemServiceManager: Starting phase 600
01-19 14:01:10.017 15689 15788 I vol.Events: writeEvent level_changed STREAM_RING 5
01-19 14:01:10.017  3035  3781 I libexynosv4l2: open video device /dev/video7
01-19 14:01:10.022 15689 15788 I vol.Events: writeEvent level_changed STREAM_SYSTEM 5
01-19 14:01:10.029 15270 15304 W ACodec  : do not know color format 0x7f000011 = 2130706449
01-19 14:01:10.030 15270 15304 W ACodec  : do not know color format 0x10 = 16
01-19 14:01:10.032 15270 15304 W ACodec  : do not know color format 0x7f00a000 = 2130747392
01-19 14:01:10.034 15689 15788 I vol.Events: writeEvent level_changed STREAM_VOICE_CALL 4
01-19 14:01:10.035 15270 15304 W ACodec  : do not know color format 0x7f000789 = 2130708361
01-19 14:01:10.035 15270 15304 W ACodec  : do not know color format 0x7f000012 = 2130706450
01-19 14:01:10.036  3035  3035 E OMXNodeInstance: getConfig(bdb0090:Exynos.HEVC.Encoder, ConfigAndroidIntraRefresh(0x6f60000a)) ERROR: UnsupportedIndex(0x8000101a)
01-19 14:01:10.039 15270 15304 I MediaPlayerService: MediaPlayerService::getOMX
01-19 14:01:10.039 15270 15304 I OMXClient: MuxOMX ctor
01-19 14:01:10.040  3035  3094 I OMXMaster: makeComponentInstance(OMX.google.mpeg4.decoder) in mediacodec process
01-19 14:01:10.041 15489 15489 D GestureLauncherService: Gesture launcher mEmergencyNumber = 112 hits = 3
01-19 14:01:10.041 15489 15489 D SensorNotificationService: Cannot obtain dynamic meta sensor, not supported.
01-19 14:01:10.042 15489 15610 D VoldConnector: RCV <- {651 emulated 2}
01-19 14:01:10.043 15489 15610 D VoldConnector: RCV <- {200 5 Command succeeded}
01-19 14:01:10.045 15489 15489 D BrokerableCMSystemService: Third party apps ready
01-19 14:01:10.045 15489 15489 I BrokerableCMSystemService: Connecting to implementation
01-19 14:01:10.046 15489 15489 W ContextImpl: Calling a method in the system process without a qualified user: android.app.ContextImpl.bindService:1421 org.cyanogenmod.platform.internal.BrokerableCMSystemService.tryConnecting:199 org.cyanogenmod.platform.internal.BrokerableCMSystemService.onBootPhase:127 org.cyanogenmod.platform.internal.CMAudioServiceBroker.onBootPhase:58 com.android.server.SystemServiceManager.startBootPhase:143 
01-19 14:01:10.048  3035  3094 E OMXNodeInstance: getExtensionIndex(bdb0091:google.mpeg4.decoder, OMX.google.android.index.configureVideoTunnelMode) ERROR: UnsupportedIndex(0x8000101a)
01-19 14:01:10.048  3035  3035 W OMXNodeInstance: [bdb0091:google.mpeg4.decoder] component does not support metadata mode; using fallback
01-19 14:01:10.050 15270 15304 I MediaPlayerService: MediaPlayerService::getOMX
01-19 14:01:10.051 15270 15304 I OMXClient: MuxOMX ctor
01-19 14:01:10.051  3035  3035 I OMXMaster: makeComponentInstance(OMX.google.h263.decoder) in mediacodec process
01-19 14:01:10.055  3035  3094 E OMXNodeInstance: getExtensionIndex(bdb0092:google.h263.decoder, OMX.google.android.index.configureVideoTunnelMode) ERROR: UnsupportedIndex(0x8000101a)
01-19 14:01:10.055  3035  3035 W OMXNodeInstance: [bdb0092:google.h263.decoder] component does not support metadata mode; using fallback
01-19 14:01:10.058 15270 15304 I MediaPlayerService: MediaPlayerService::getOMX
01-19 14:01:10.058 15489 15489 I ActivityManager: Start proc 15813:org.cyanogenmod.cmaudio.service/u0a2 for service org.cyanogenmod.cmaudio.service/.CMAudioService
01-19 14:01:10.064 15270 15304 I OMXClient: MuxOMX ctor
01-19 14:01:10.065  3035  3035 I OMXMaster: makeComponentInstance(OMX.google.h264.decoder) in mediacodec process
01-19 14:01:10.065  3040 15653 I chatty  : uid=1000(system) POSIX timer 2 expire 20 lines
01-19 14:01:10.067 15489 15489 I GnssLocationProvider: WakeLock acquired by sendMessage(13, 0, null)
01-19 14:01:10.071 15489 15556 D libgps  : SendGpsExtensionMessage: Waiting for IPC connection...
01-19 14:01:10.073 15489 15489 W ServiceWatcher: com.google.android.gms not found
01-19 14:01:10.073 15489 15489 W ServiceWatcher: com.google.android.gms not found
01-19 14:01:10.074 15489 15489 W LocationManagerService: no network location provider found
01-19 14:01:10.074 15489 15489 W ServiceWatcher: com.google.android.gms not found
01-19 14:01:10.076 15489 15489 W ServiceWatcher: com.google.android.gms not found
01-19 14:01:10.076 15489 15489 E LocationManagerService: no geocoder provider found
01-19 14:01:10.077 15489 15489 E FlpHardwareProvider: Error hw_get_module 'flp': -2
01-19 14:01:10.077 15489 15489 D LocationManagerService: FLP HAL not supported
01-19 14:01:10.077 15489 15489 W ServiceWatcher: com.google.android.gms not found
01-19 14:01:10.079 15489 15489 D LocationManagerService: Unable to bind FLP Geofence proxy.
01-19 14:01:10.079 15489 15489 E ActivityRecognitionHardware: Error hw_get_module: -2
01-19 14:01:10.079 15489 15489 D LocationManagerService: Hardware Activity-Recognition not supported.
01-19 14:01:10.080 15489 15489 W ServiceWatcher: com.google.android.gms not found
01-19 14:01:10.080 15489 15489 E ActivityRecognitionProxy: ServiceWatcher could not start.
01-19 14:01:10.080 15489 15489 D LocationManagerService: Unable to bind ActivityRecognitionProxy.
01-19 14:01:10.081 15689 15689 D StorageNotification: Notifying about private volume: VolumeInfo{private}:
01-19 14:01:10.081 15689 15689 D StorageNotification:     type=PRIVATE diskId=null partGuid=null mountFlags=0 mountUserId=-1 
01-19 14:01:10.081 15689 15689 D StorageNotification:     state=MOUNTED 
01-19 14:01:10.081 15689 15689 D StorageNotification:     fsType=null fsUuid=null fsLabel=null 
01-19 14:01:10.081 15689 15689 D StorageNotification:     path=/data internalPath=null 
01-19 14:01:10.084 15489 15489 I CommonTimeManagementService: No common time service detected on this platform.  Common time services will be unavailable.
01-19 14:01:10.085 15813 15813 I art     : Starting a blocking GC AddRemoveAppImageSpace
01-19 14:01:10.085 15489 15606 I InputReader: Reconfiguring input devices.  changes=0x00000020
01-19 14:01:10.086 15489 15489 I MmsServiceBroker: Delay connecting to MmsService until an API is called
01-19 14:01:10.092 15489 15489 W VoiceInteractionManagerService: no available voice interaction services found for user 0
01-19 14:01:10.092 15489 15489 W VoiceInteractionManagerService: no available voice recognition services found for user 0
01-19 14:01:10.095 15489 15606 I InputReader: Reconfiguring input devices.  changes=0x00000010
01-19 14:01:10.100 15270 15304 W ACodec  : [OMX.google.h264.decoder] stopping checking profiles after 32: 2/8000
01-19 14:01:10.101  3035  3094 E OMXNodeInstance: getExtensionIndex(bdb0093:google.h264.decoder, OMX.google.android.index.configureVideoTunnelMode) ERROR: UnsupportedIndex(0x8000101a)
01-19 14:01:10.101  3035  3035 W OMXNodeInstance: [bdb0093:google.h264.decoder] component does not support metadata mode; using fallback
01-19 14:01:10.103 15270 15304 I MediaPlayerService: MediaPlayerService::getOMX
01-19 14:01:10.104 15270 15304 I OMXClient: MuxOMX ctor
01-19 14:01:10.104  3035  3035 I OMXMaster: makeComponentInstance(OMX.google.hevc.decoder) in mediacodec process
01-19 14:01:10.106 15489 15489 I ActivityManager: Start proc 15832:com.android.phone/1001 for added application com.android.phone
01-19 14:01:10.107 15489 15489 I ActivityManager: START u0 {act=android.intent.action.MAIN cat=[android.intent.category.HOME] flg=0x10000100 cmp=com.android.settings/.FallbackHome} from uid 0 on display 0
01-19 14:01:10.110 15489 15489 W System  : ClassLoader referenced unknown path: 
01-19 14:01:10.110 15489 15489 W System  : ClassLoader referenced unknown path: /system/priv-app/Settings/lib/arm64
01-19 14:01:10.111 15489 15489 D ApplicationLoaders: ignored Vulkan layer search path /system/priv-app/Settings/lib/arm64:/system/priv-app/Settings/Settings.apk!/lib/arm64-v8a:/system/lib64:/vendor/lib64 for namespace 0x7fb68901d0
01-19 14:01:10.111  3035  3035 E OMXNodeInstance: getExtensionIndex(bdb0094:google.hevc.decoder, OMX.google.android.index.configureVideoTunnelMode) ERROR: UnsupportedIndex(0x8000101a)
01-19 14:01:10.112  3035  3780 W OMXNodeInstance: [bdb0094:google.hevc.decoder] component does not support metadata mode; using fallback
01-19 14:01:10.113 15270 15304 I MediaPlayerService: MediaPlayerService::getOMX
01-19 14:01:10.114 15270 15304 I OMXClient: MuxOMX ctor
01-19 14:01:10.114  3035  3780 I OMXMaster: makeComponentInstance(OMX.google.vp8.decoder) in mediacodec process
01-19 14:01:10.116 15489 15489 I ActivityManager: Loaded persisted task ids for user 0
01-19 14:01:10.117  3035  3035 E OMXNodeInstance: getExtensionIndex(bdb0095:google.vp8.decoder, OMX.google.android.index.configureVideoTunnelMode) ERROR: UnsupportedIndex(0x8000101a)
01-19 14:01:10.118  3035  3780 W OMXNodeInstance: [bdb0095:google.vp8.decoder] component does not support metadata mode; using fallback
01-19 14:01:10.119 15270 15304 I MediaPlayerService: MediaPlayerService::getOMX
01-19 14:01:10.120 15270 15304 I OMXClient: MuxOMX ctor
01-19 14:01:10.121  3035  3780 I OMXMaster: makeComponentInstance(OMX.google.vp9.decoder) in mediacodec process
01-19 14:01:10.125  3035  3780 E OMXNodeInstance: getExtensionIndex(bdb0096:google.vp9.decoder, OMX.google.android.index.configureVideoTunnelMode) ERROR: UnsupportedIndex(0x8000101a)
01-19 14:01:10.125  3035  3781 W OMXNodeInstance: [bdb0096:google.vp9.decoder] component does not support metadata mode; using fallback
01-19 14:01:10.127 15270 15304 I MediaPlayerService: MediaPlayerService::getOMX
01-19 14:01:10.128 15270 15304 I OMXClient: MuxOMX ctor
01-19 14:01:10.128  3035  3781 I OMXMaster: makeComponentInstance(OMX.google.h263.encoder) in mediacodec process
01-19 14:01:10.130  3035  3781 I SoftMPEG4Encoder: Construct SoftMPEG4Encoder
01-19 14:01:10.131 15270 15304 W ACodec  : do not know color format 0x7f000789 = 2130708361
01-19 14:01:10.132  3035  3035 E OMXNodeInstance: getConfig(bdb0097:google.h263.encoder, ConfigAndroidIntraRefresh(0x6f60000a)) ERROR: Undefined(0x80001001)
01-19 14:01:10.133 15489 15489 I ActivityManager: Start proc 15854:com.android.settings/1000 for activity com.android.settings/.FallbackHome
01-19 14:01:10.133 15270 15304 I MediaPlayerService: MediaPlayerService::getOMX
01-19 14:01:10.134 15270 15304 I OMXClient: MuxOMX ctor
01-19 14:01:10.135 15489 15489 I SystemServer: Enabled StrictMode for system server main thread.
01-19 14:01:10.135  3035  3094 I OMXMaster: makeComponentInstance(OMX.google.h264.encoder) in mediacodec process
01-19 14:01:10.145 15489 15489 D ConditionProviders.SCP: onConnected
01-19 14:01:10.146 15489 15489 D ZenLog  : set_zen_mode: off,readXml
01-19 14:01:10.149 15489 15489 D ConditionProviders: Subscribing to condition://android/event?userId=-10000&calendar=&reply=1 with ComponentInfo{android/com.android.server.notification.EventConditionProvider}
01-19 14:01:10.149 15489 15489 D ZenLog  : subscribe: condition://android/event?userId=-10000&calendar=&reply=1,ok
01-19 14:01:10.149 15489 15489 D ConditionProviders: Subscribing to condition://android/schedule?days=6.7&start=23.30&end=10.0&exitAtAlarm=false with ComponentInfo{android/com.android.server.notification.ScheduleConditionProvider}
01-19 14:01:10.149 15489 15489 D ZenLog  : subscribe: condition://android/schedule?days=6.7&start=23.30&end=10.0&exitAtAlarm=false,ok
01-19 14:01:10.149 15489 15489 D ConditionProviders: Subscribing to condition://android/schedule?days=1.2.3.4.5&start=22.0&end=7.0&exitAtAlarm=false with ComponentInfo{android/com.android.server.notification.ScheduleConditionProvider}
01-19 14:01:10.149 15489 15489 D ZenLog  : subscribe: condition://android/schedule?days=1.2.3.4.5&start=22.0&end=7.0&exitAtAlarm=false,ok
01-19 14:01:10.165 15832 15832 W System  : ClassLoader referenced unknown path: /system/priv-app/TeleService/lib/arm64
01-19 14:01:10.167 15270 15304 W ACodec  : do not know color format 0x7f000789 = 2130708361
01-19 14:01:10.168 15268 15552 D SoftapController: Softap fwReload - Ok
01-19 14:01:10.174 15268 15552 D CommandListener: Setting iface cfg
01-19 14:01:10.175 15270 15304 I MediaPlayerService: MediaPlayerService::getOMX
01-19 14:01:10.176 15268 15552 D CommandListener: Trying to bring down wlan0
01-19 14:01:10.177 15489 15489 W ContextImpl: Calling a method in the system process without a qualified user: android.app.ContextImpl.startService:1357 com.android.server.content.SyncManager$13.run:658 android.os.Handler.handleCallback:751 android.os.Handler.dispatchMessage:95 android.os.Looper.loop:154 
01-19 14:01:10.178 15270 15304 I OMXClient: MuxOMX ctor
01-19 14:01:10.179  3035  3781 I OMXMaster: makeComponentInstance(OMX.google.mpeg4.encoder) in mediacodec process
01-19 14:01:10.182  3035  3781 I SoftMPEG4Encoder: Construct SoftMPEG4Encoder
01-19 14:01:10.182 15832 15832 W System  : ClassLoader referenced unknown path: /system/priv-app/TelephonyProvider/lib/arm64
01-19 14:01:10.183 15832 15832 D ApplicationLoaders: ignored Vulkan layer search path /system/priv-app/TelephonyProvider/lib/arm64:/system/lib64:/vendor/lib64 for namespace 0x7fb6a560f0
01-19 14:01:10.183 15489 15489 D RttService: SCAN_AVAILABLE : 1
01-19 14:01:10.183 15489 15625 I WifiScanningService: wifi driver unloaded
01-19 14:01:10.183 15489 15489 D ZenLog  : set_zen_mode: off,cleanUpZenRules
01-19 14:01:10.183 15489 15626 D RttService: DefaultState got{ when=0 what=160513 target=com.android.internal.util.StateMachine$SmHandler }
01-19 14:01:10.188 15854 15854 W System  : ClassLoader referenced unknown path: /system/priv-app/Settings/lib/arm64
01-19 14:01:10.190 15270 15304 W ACodec  : do not know color format 0x7f000789 = 2130708361
01-19 14:01:10.193  3035  3094 E OMXNodeInstance: getConfig(bdb0099:google.mpeg4.encoder, ConfigAndroidIntraRefresh(0x6f60000a)) ERROR: Undefined(0x80001001)
01-19 14:01:10.197 15270 15304 I MediaPlayerService: MediaPlayerService::getOMX
01-19 14:01:10.199 15270 15304 I OMXClient: MuxOMX ctor
01-19 14:01:10.200  3035  3780 I OMXMaster: makeComponentInstance(OMX.google.vp8.encoder) in mediacodec process
01-19 14:01:10.204 15832 15832 D TelephonyProvider: dbh.onOpen: ok, queried table=siminfo
01-19 14:01:10.204 15832 15832 D TelephonyProvider: dbh.onOpen: ok, queried table=carriers
01-19 14:01:10.211 15270 15304 W ACodec  : do not know color format 0x7f000789 = 2130708361
01-19 14:01:10.212  3035  3094 E OMXNodeInstance: getConfig(bdb009a:google.vp8.encoder, ConfigAndroidIntraRefresh(0x6f60000a)) ERROR: Undefined(0x80001001)
01-19 14:01:10.213 15489 15489 W System  : ClassLoader referenced unknown path: /system/priv-app/Telecom/lib/arm64
01-19 14:01:10.222 15489 15489 D ApplicationLoaders: ignored Vulkan layer search path /system/priv-app/Telecom/lib/arm64:/system/priv-app/Telecom/Telecom.apk!/lib/arm64-v8a:/system/lib64:/vendor/lib64 for namespace 0x7fb6890240
01-19 14:01:10.227 15832 15832 W System  : ClassLoader referenced unknown path: /system/framework/qti-telephony-common.jar
01-19 14:01:10.228 15832 15832 W System.err: java.lang.ClassNotFoundException: com.qualcomm.qti.internal.telephony.QtiTelephonyComponentFactory
01-19 14:01:10.228 15832 15832 W System.err: 	at java.lang.Class.classForName(Native Method)
01-19 14:01:10.228 15832 15832 W System.err: 	at java.lang.Class.forName(Class.java:400)
01-19 14:01:10.228 15832 15832 W System.err: 	at com.android.internal.telephony.TelephonyComponentFactory.getInstance(TelephonyComponentFactory.java:71)
01-19 14:01:10.228 15832 15832 W System.err: 	at com.android.internal.telephony.PhoneFactory.makeDefaultPhone(PhoneFactory.java:133)
01-19 14:01:10.228 15832 15832 W System.err: 	at com.android.internal.telephony.PhoneFactory.makeDefaultPhones(PhoneFactory.java:91)
01-19 14:01:10.228 15832 15832 W System.err: 	at com.android.phone.PhoneGlobals.onCreate(PhoneGlobals.java:282)
01-19 14:01:10.228 15832 15832 W System.err: 	at com.android.phone.PhoneApp.onCreate(PhoneApp.java:41)
01-19 14:01:10.228 15832 15832 W System.err: 	at android.app.Instrumentation.callApplicationOnCreate(Instrumentation.java:1025)
01-19 14:01:10.228 15832 15832 W System.err: 	at android.app.ActivityThread.handleBindApplication(ActivityThread.java:5448)
