01-19 12:23:59.217  3381  3534 W NativeCrashListener: Couldn't find ProcessRecord for pid 8112
01-19 12:23:59.220  3381  3400 I BootReceiver: Copying /data/tombstones/tombstone_00 to DropBox (SYSTEM_TOMBSTONE)
01-19 12:24:04.434  3381  3534 W NativeCrashListener: Couldn't find ProcessRecord for pid 8119
01-19 12:24:04.437  3381  3400 I BootReceiver: Copying /data/tombstones/tombstone_01 to DropBox (SYSTEM_TOMBSTONE)
01-19 12:24:09.632  3381  3534 W NativeCrashListener: Couldn't find ProcessRecord for pid 8125
01-19 12:24:09.635  3381  3400 I BootReceiver: Copying /data/tombstones/tombstone_06 to DropBox (SYSTEM_TOMBSTONE)
01-19 12:24:13.841  3381  3534 W NativeCrashListener: Couldn't find ProcessRecord for pid 8131
01-19 12:24:13.845  3381  3400 I BootReceiver: Copying /data/tombstones/tombstone_07 to DropBox (SYSTEM_TOMBSTONE)
01-19 12:24:19.051  3381  3534 W NativeCrashListener: Couldn't find ProcessRecord for pid 8137
01-19 12:24:19.055  3381  3400 I BootReceiver: Copying /data/tombstones/tombstone_08 to DropBox (SYSTEM_TOMBSTONE)
01-19 12:24:24.267  3381  3534 W NativeCrashListener: Couldn't find ProcessRecord for pid 8143
01-19 12:24:24.270  3381  3400 I BootReceiver: Copying /data/tombstones/tombstone_03 to DropBox (SYSTEM_TOMBSTONE)
01-19 12:24:29.471  3381  3534 W NativeCrashListener: Couldn't find ProcessRecord for pid 8149
01-19 12:24:29.475  3381  3400 I BootReceiver: Copying /data/tombstones/tombstone_09 to DropBox (SYSTEM_TOMBSTONE)
01-19 12:24:34.678  3381  3534 W NativeCrashListener: Couldn't find ProcessRecord for pid 8156
01-19 12:24:34.681  3381  3400 I BootReceiver: Copying /data/tombstones/tombstone_04 to DropBox (SYSTEM_TOMBSTONE)
01-19 12:24:38.881  3381  3534 W NativeCrashListener: Couldn't find ProcessRecord for pid 8162
01-19 12:24:38.884  3381  3400 I BootReceiver: Copying /data/tombstones/tombstone_05 to DropBox (SYSTEM_TOMBSTONE)
01-19 12:24:44.082  3381  3534 W NativeCrashListener: Couldn't find ProcessRecord for pid 8168
01-19 12:24:44.086  3381  3400 I BootReceiver: Copying /data/tombstones/tombstone_02 to DropBox (SYSTEM_TOMBSTONE)
01-19 12:24:49.284  3381  3534 W NativeCrashListener: Couldn't find ProcessRecord for pid 8174
01-19 12:24:49.288  3381  3400 I BootReceiver: Copying /data/tombstones/tombstone_00 to DropBox (SYSTEM_TOMBSTONE)
01-19 12:24:54.491  3381  3534 W NativeCrashListener: Couldn't find ProcessRecord for pid 8180
01-19 12:24:54.495  3381  3400 I BootReceiver: Copying /data/tombstones/tombstone_01 to DropBox (SYSTEM_TOMBSTONE)
01-19 12:24:59.704  3381  3534 W NativeCrashListener: Couldn't find ProcessRecord for pid 8186
01-19 12:24:59.709  3381  3400 I BootReceiver: Copying /data/tombstones/tombstone_06 to DropBox (SYSTEM_TOMBSTONE)
01-19 12:25:03.914  3381  3534 W NativeCrashListener: Couldn't find ProcessRecord for pid 8193
01-19 12:25:03.918  3381  3400 I BootReceiver: Copying /data/tombstones/tombstone_07 to DropBox (SYSTEM_TOMBSTONE)
01-19 12:25:09.125  3381  3534 W NativeCrashListener: Couldn't find ProcessRecord for pid 8199
01-19 12:25:09.130  3381  3400 I BootReceiver: Copying /data/tombstones/tombstone_08 to DropBox (SYSTEM_TOMBSTONE)
01-19 12:25:14.334  3381  3534 W NativeCrashListener: Couldn't find ProcessRecord for pid 8205
01-19 12:25:14.337  3381  3400 I BootReceiver: Copying /data/tombstones/tombstone_03 to DropBox (SYSTEM_TOMBSTONE)
01-19 12:25:19.532  3381  3534 W NativeCrashListener: Couldn't find ProcessRecord for pid 8211
01-19 12:25:19.536  3381  3400 I BootReceiver: Copying /data/tombstones/tombstone_09 to DropBox (SYSTEM_TOMBSTONE)
01-19 12:25:24.731  3381  3534 W NativeCrashListener: Couldn't find ProcessRecord for pid 8217
01-19 12:25:24.735  3381  3400 I BootReceiver: Copying /data/tombstones/tombstone_04 to DropBox (SYSTEM_TOMBSTONE)
01-19 12:25:28.942  3381  3534 W NativeCrashListener: Couldn't find ProcessRecord for pid 8223
01-19 12:25:28.946  3381  3400 I BootReceiver: Copying /data/tombstones/tombstone_05 to DropBox (SYSTEM_TOMBSTONE)
01-19 12:25:34.521  3381  3534 W NativeCrashListener: Couldn't find ProcessRecord for pid 8238
01-19 12:25:34.524  3381  3400 I BootReceiver: Copying /data/tombstones/tombstone_02 to DropBox (SYSTEM_TOMBSTONE)
01-19 12:25:39.730  3381  3534 W NativeCrashListener: Couldn't find ProcessRecord for pid 8246
01-19 12:25:39.734  3381  3400 I BootReceiver: Copying /data/tombstones/tombstone_00 to DropBox (SYSTEM_TOMBSTONE)
01-19 12:25:43.946  3381  3534 W NativeCrashListener: Couldn't find ProcessRecord for pid 8252
01-19 12:25:43.953  3381  3400 I BootReceiver: Copying /data/tombstones/tombstone_01 to DropBox (SYSTEM_TOMBSTONE)
01-19 12:25:49.153  3381  3534 W NativeCrashListener: Couldn't find ProcessRecord for pid 8258
01-19 12:25:49.157  3381  3400 I BootReceiver: Copying /data/tombstones/tombstone_06 to DropBox (SYSTEM_TOMBSTONE)
01-19 12:25:54.358  3381  3534 W NativeCrashListener: Couldn't find ProcessRecord for pid 8264
01-19 12:25:54.361  3381  3400 I BootReceiver: Copying /data/tombstones/tombstone_07 to DropBox (SYSTEM_TOMBSTONE)
01-19 12:25:59.563  3381  3534 W NativeCrashListener: Couldn't find ProcessRecord for pid 8270
01-19 12:25:59.567  3381  3400 I BootReceiver: Copying /data/tombstones/tombstone_08 to DropBox (SYSTEM_TOMBSTONE)
01-19 12:26:03.762  3381  3534 W NativeCrashListener: Couldn't find ProcessRecord for pid 8277
01-19 12:26:03.765  3381  3400 I BootReceiver: Copying /data/tombstones/tombstone_03 to DropBox (SYSTEM_TOMBSTONE)
01-19 12:26:08.974  3381  3534 W NativeCrashListener: Couldn't find ProcessRecord for pid 8283
01-19 12:26:08.981  3381  3400 I BootReceiver: Copying /data/tombstones/tombstone_09 to DropBox (SYSTEM_TOMBSTONE)
01-19 12:26:14.182  3381  3534 W NativeCrashListener: Couldn't find ProcessRecord for pid 8289
01-19 12:26:14.186  3381  3400 I BootReceiver: Copying /data/tombstones/tombstone_04 to DropBox (SYSTEM_TOMBSTONE)
01-19 12:26:19.383  3381  3534 W NativeCrashListener: Couldn't find ProcessRecord for pid 8295
01-19 12:26:19.387  3381  3400 I BootReceiver: Copying /data/tombstones/tombstone_05 to DropBox (SYSTEM_TOMBSTONE)
01-19 12:26:24.582  3381  3534 W NativeCrashListener: Couldn't find ProcessRecord for pid 8302
01-19 12:26:24.586  3381  3400 I BootReceiver: Copying /data/tombstones/tombstone_02 to DropBox (SYSTEM_TOMBSTONE)
01-19 12:26:28.791  3381  3534 W NativeCrashListener: Couldn't find ProcessRecord for pid 8308
01-19 12:26:28.795  3381  3400 I BootReceiver: Copying /data/tombstones/tombstone_00 to DropBox (SYSTEM_TOMBSTONE)
01-19 12:26:33.998  3381  3534 W NativeCrashListener: Couldn't find ProcessRecord for pid 8315
01-19 12:26:34.001  3381  3400 I BootReceiver: Copying /data/tombstones/tombstone_01 to DropBox (SYSTEM_TOMBSTONE)
01-19 12:26:39.201  3381  3534 W NativeCrashListener: Couldn't find ProcessRecord for pid 8321
01-19 12:26:39.205  3381  3400 I BootReceiver: Copying /data/tombstones/tombstone_06 to DropBox (SYSTEM_TOMBSTONE)
01-19 12:26:44.408  3381  3534 W NativeCrashListener: Couldn't find ProcessRecord for pid 8327
01-19 12:26:44.412  3381  3400 I BootReceiver: Copying /data/tombstones/tombstone_07 to DropBox (SYSTEM_TOMBSTONE)
01-19 12:26:49.612  3381  3534 W NativeCrashListener: Couldn't find ProcessRecord for pid 8333
01-19 12:26:49.616  3381  3400 I BootReceiver: Copying /data/tombstones/tombstone_08 to DropBox (SYSTEM_TOMBSTONE)
01-19 12:26:53.821  3381  3534 W NativeCrashListener: Couldn't find ProcessRecord for pid 8339
01-19 12:26:53.824  3381  3400 I BootReceiver: Copying /data/tombstones/tombstone_03 to DropBox (SYSTEM_TOMBSTONE)
01-19 12:26:59.018  3381  3534 W NativeCrashListener: Couldn't find ProcessRecord for pid 8345
01-19 12:26:59.021  3381  3400 I BootReceiver: Copying /data/tombstones/tombstone_09 to DropBox (SYSTEM_TOMBSTONE)
01-19 12:27:04.223  3381  3534 W NativeCrashListener: Couldn't find ProcessRecord for pid 8353
01-19 12:27:04.227  3381  3400 I BootReceiver: Copying /data/tombstones/tombstone_04 to DropBox (SYSTEM_TOMBSTONE)
01-19 12:27:09.432  3381  3534 W NativeCrashListener: Couldn't find ProcessRecord for pid 8359
01-19 12:27:09.436  3381  3400 I BootReceiver: Copying /data/tombstones/tombstone_05 to DropBox (SYSTEM_TOMBSTONE)
01-19 12:27:14.640  3381  3534 W NativeCrashListener: Couldn't find ProcessRecord for pid 8365
01-19 12:27:14.644  3381  3400 I BootReceiver: Copying /data/tombstones/tombstone_02 to DropBox (SYSTEM_TOMBSTONE)
01-19 12:27:18.844  3381  3534 W NativeCrashListener: Couldn't find ProcessRecord for pid 8371
01-19 12:27:18.848  3381  3400 I BootReceiver: Copying /data/tombstones/tombstone_00 to DropBox (SYSTEM_TOMBSTONE)
01-19 12:27:24.053  3381  3534 W NativeCrashListener: Couldn't find ProcessRecord for pid 8377
01-19 12:27:24.057  3381  3400 I BootReceiver: Copying /data/tombstones/tombstone_01 to DropBox (SYSTEM_TOMBSTONE)
01-19 12:27:29.253  3381  3534 W NativeCrashListener: Couldn't find ProcessRecord for pid 8383
01-19 12:27:29.257  3381  3400 I BootReceiver: Copying /data/tombstones/tombstone_06 to DropBox (SYSTEM_TOMBSTONE)
01-19 12:27:34.461  3381  3534 W NativeCrashListener: Couldn't find ProcessRecord for pid 8390
01-19 12:27:34.465  3381  3400 I BootReceiver: Copying /data/tombstones/tombstone_07 to DropBox (SYSTEM_TOMBSTONE)
01-19 12:27:39.670  3381  3534 W NativeCrashListener: Couldn't find ProcessRecord for pid 8396
01-19 12:27:39.674  3381  3400 I BootReceiver: Copying /data/tombstones/tombstone_08 to DropBox (SYSTEM_TOMBSTONE)
01-19 12:27:43.871  3381  3534 W NativeCrashListener: Couldn't find ProcessRecord for pid 8402
01-19 12:27:43.875  3381  3400 I BootReceiver: Copying /data/tombstones/tombstone_03 to DropBox (SYSTEM_TOMBSTONE)
01-19 12:27:49.083  3381  3534 W NativeCrashListener: Couldn't find ProcessRecord for pid 8408
01-19 12:27:49.086  3381  3400 I BootReceiver: Copying /data/tombstones/tombstone_09 to DropBox (SYSTEM_TOMBSTONE)
01-19 12:27:54.293  3381  3534 W NativeCrashListener: Couldn't find ProcessRecord for pid 8414
01-19 12:27:54.297  3381  3400 I BootReceiver: Copying /data/tombstones/tombstone_04 to DropBox (SYSTEM_TOMBSTONE)
01-19 12:27:59.503  3381  3534 W NativeCrashListener: Couldn't find ProcessRecord for pid 8420
01-19 12:27:59.507  3381  3400 I BootReceiver: Copying /data/tombstones/tombstone_05 to DropBox (SYSTEM_TOMBSTONE)
01-19 12:28:04.716  3381  3534 W NativeCrashListener: Couldn't find ProcessRecord for pid 8427
01-19 12:28:04.720  3381  3400 I BootReceiver: Copying /data/tombstones/tombstone_02 to DropBox (SYSTEM_TOMBSTONE)
01-19 12:28:08.926  3381  3534 W NativeCrashListener: Couldn't find ProcessRecord for pid 8433
01-19 12:28:08.930  3381  3400 I BootReceiver: Copying /data/tombstones/tombstone_00 to DropBox (SYSTEM_TOMBSTONE)
01-19 12:28:14.132  3381  3534 W NativeCrashListener: Couldn't find ProcessRecord for pid 8439
01-19 12:28:14.136  3381  3400 I BootReceiver: Copying /data/tombstones/tombstone_01 to DropBox (SYSTEM_TOMBSTONE)
01-19 12:28:19.343  3381  3534 W NativeCrashListener: Couldn't find ProcessRecord for pid 8445
01-19 12:28:19.347  3381  3400 I BootReceiver: Copying /data/tombstones/tombstone_06 to DropBox (SYSTEM_TOMBSTONE)
01-19 12:28:24.555  3381  3534 W NativeCrashListener: Couldn't find ProcessRecord for pid 8451
01-19 12:28:24.561  3381  3400 I BootReceiver: Copying /data/tombstones/tombstone_07 to DropBox (SYSTEM_TOMBSTONE)
01-19 12:28:28.765  3381  3534 W NativeCrashListener: Couldn't find ProcessRecord for pid 8457
01-19 12:28:28.769  3381  3400 I BootReceiver: Copying /data/tombstones/tombstone_08 to DropBox (SYSTEM_TOMBSTONE)
01-19 12:28:33.963  3381  3534 W NativeCrashListener: Couldn't find ProcessRecord for pid 8464
01-19 12:28:33.967  3381  3400 I BootReceiver: Copying /data/tombstones/tombstone_03 to DropBox (SYSTEM_TOMBSTONE)
01-19 12:28:39.532  3381  3534 W NativeCrashListener: Couldn't find ProcessRecord for pid 8477
01-19 12:28:39.536  3381  3400 I BootReceiver: Copying /data/tombstones/tombstone_09 to DropBox (SYSTEM_TOMBSTONE)
01-19 12:28:44.743  3381  3534 W NativeCrashListener: Couldn't find ProcessRecord for pid 8483
01-19 12:28:44.747  3381  3400 I BootReceiver: Copying /data/tombstones/tombstone_04 to DropBox (SYSTEM_TOMBSTONE)
01-19 12:28:48.943  3381  3534 W NativeCrashListener: Couldn't find ProcessRecord for pid 8489
01-19 12:28:48.947  3381  3400 I BootReceiver: Copying /data/tombstones/tombstone_05 to DropBox (SYSTEM_TOMBSTONE)
01-19 12:28:54.153  3381  3534 W NativeCrashListener: Couldn't find ProcessRecord for pid 8495
01-19 12:28:54.157  3381  3400 I BootReceiver: Copying /data/tombstones/tombstone_02 to DropBox (SYSTEM_TOMBSTONE)
01-19 12:28:59.366  3381  3534 W NativeCrashListener: Couldn't find ProcessRecord for pid 8501
01-19 12:28:59.370  3381  3400 I BootReceiver: Copying /data/tombstones/tombstone_00 to DropBox (SYSTEM_TOMBSTONE)
01-19 12:29:04.574  3381  3534 W NativeCrashListener: Couldn't find ProcessRecord for pid 8508
01-19 12:29:04.578  3381  3400 I BootReceiver: Copying /data/tombstones/tombstone_01 to DropBox (SYSTEM_TOMBSTONE)
01-19 12:29:08.775  3381  3534 W NativeCrashListener: Couldn't find ProcessRecord for pid 8514
01-19 12:29:08.779  3381  3400 I BootReceiver: Copying /data/tombstones/tombstone_06 to DropBox (SYSTEM_TOMBSTONE)
01-19 12:29:13.975  3381  3534 W NativeCrashListener: Couldn't find ProcessRecord for pid 8520
01-19 12:29:13.979  3381  3400 I BootReceiver: Copying /data/tombstones/tombstone_07 to DropBox (SYSTEM_TOMBSTONE)
01-19 12:29:19.175  3381  3534 W NativeCrashListener: Couldn't find ProcessRecord for pid 8526
01-19 12:29:19.179  3381  3400 I BootReceiver: Copying /data/tombstones/tombstone_08 to DropBox (SYSTEM_TOMBSTONE)
01-19 12:29:24.375  3381  3534 W NativeCrashListener: Couldn't find ProcessRecord for pid 8532
01-19 12:29:24.379  3381  3400 I BootReceiver: Copying /data/tombstones/tombstone_03 to DropBox (SYSTEM_TOMBSTONE)
01-19 12:29:29.575  3381  3534 W NativeCrashListener: Couldn't find ProcessRecord for pid 8538
01-19 12:29:29.579  3381  3400 I BootReceiver: Copying /data/tombstones/tombstone_09 to DropBox (SYSTEM_TOMBSTONE)
01-19 12:29:33.769  3381  3534 W NativeCrashListener: Couldn't find ProcessRecord for pid 8544
01-19 12:29:33.772  3381  3400 I BootReceiver: Copying /data/tombstones/tombstone_04 to DropBox (SYSTEM_TOMBSTONE)
01-19 12:29:38.984  3381  3534 W NativeCrashListener: Couldn't find ProcessRecord for pid 8551
01-19 12:29:38.988  3381  3400 I BootReceiver: Copying /data/tombstones/tombstone_05 to DropBox (SYSTEM_TOMBSTONE)
01-19 12:29:44.184  3381  3534 W NativeCrashListener: Couldn't find ProcessRecord for pid 8557
01-19 12:29:44.188  3381  3400 I BootReceiver: Copying /data/tombstones/tombstone_02 to DropBox (SYSTEM_TOMBSTONE)
01-19 12:29:49.375  3381  3534 W NativeCrashListener: Couldn't find ProcessRecord for pid 8563
01-19 12:29:49.378  3381  3400 I BootReceiver: Copying /data/tombstones/tombstone_00 to DropBox (SYSTEM_TOMBSTONE)
01-19 12:29:54.573  3381  3534 W NativeCrashListener: Couldn't find ProcessRecord for pid 8569
01-19 12:29:54.577  3381  3400 I BootReceiver: Copying /data/tombstones/tombstone_01 to DropBox (SYSTEM_TOMBSTONE)
01-19 12:29:58.788  3381  3534 W NativeCrashListener: Couldn't find ProcessRecord for pid 8575
01-19 12:29:58.791  3381  3400 I BootReceiver: Copying /data/tombstones/tombstone_06 to DropBox (SYSTEM_TOMBSTONE)
01-19 12:30:03.884  3381  3399 E BatteryStatsService: no controller energy info supplied
01-19 12:30:03.978  3381  3534 W NativeCrashListener: Couldn't find ProcessRecord for pid 8581
01-19 12:30:03.981  3381  3400 I BootReceiver: Copying /data/tombstones/tombstone_07 to DropBox (SYSTEM_TOMBSTONE)
01-19 12:30:05.885  3381  3399 W BatteryStatsService: Timeout reading modem stats
01-19 12:30:09.184  3381  3534 W NativeCrashListener: Couldn't find ProcessRecord for pid 8588
01-19 12:30:09.188  3381  3400 I BootReceiver: Copying /data/tombstones/tombstone_08 to DropBox (SYSTEM_TOMBSTONE)
01-19 12:30:14.385  3381  3534 W NativeCrashListener: Couldn't find ProcessRecord for pid 8594
01-19 12:30:14.389  3381  3400 I BootReceiver: Copying /data/tombstones/tombstone_03 to DropBox (SYSTEM_TOMBSTONE)
01-19 12:30:19.584  3381  3534 W NativeCrashListener: Couldn't find ProcessRecord for pid 8601
01-19 12:30:19.588  3381  3400 I BootReceiver: Copying /data/tombstones/tombstone_09 to DropBox (SYSTEM_TOMBSTONE)
01-19 12:30:23.330  3381  3441 I PowerManagerService: Going to sleep due to power button (uid 1000)...
01-19 12:30:23.333  3381  3405 I DreamManagerService: Entering dreamland.
01-19 12:30:23.334  3381  3405 I PowerManagerService: Dozing...
01-19 12:30:23.335  3381  3401 I DreamController: Starting dream: name=ComponentInfo{com.android.systemui/com.android.systemui.doze.DozeService}, isTest=false, canDoze=true, userId=0
01-19 12:30:23.413  3381  3396 I VrManagerService: VR mode is disallowed
01-19 12:30:23.437  3381  3403 I DisplayManagerService: Display device changed state: "Built-in Screen", OFF
01-19 12:30:23.440  3381  3403 W LocalDisplayAdapter: Unable to find color mode 0, ignoring request.
01-19 12:30:23.631  3381  3531 I ActivityManager: Setting hasTopUi=true for pid=3516
01-19 12:30:23.802  3381  3397 I WindowManager: OverscanTimeout run
01-19 12:30:23.813  3381  3534 W NativeCrashListener: Couldn't find ProcessRecord for pid 8622
01-19 12:30:23.817  3381  3400 I BootReceiver: Copying /data/tombstones/tombstone_04 to DropBox (SYSTEM_TOMBSTONE)
01-19 12:30:23.829  3381  3403 W LocalDisplayAdapter: Unable to find color mode 0, ignoring request.
01-19 12:30:23.831  3381  3403 W LocalDisplayAdapter: Unable to find color mode 0, ignoring request.
01-19 12:30:29.010  3381  3534 W NativeCrashListener: Couldn't find ProcessRecord for pid 8632
01-19 12:30:29.013  3381  3400 I BootReceiver: Copying /data/tombstones/tombstone_05 to DropBox (SYSTEM_TOMBSTONE)
01-19 12:30:34.225  3381  3534 W NativeCrashListener: Couldn't find ProcessRecord for pid 8640
01-19 12:30:34.230  3381  3400 I BootReceiver: Copying /data/tombstones/tombstone_02 to DropBox (SYSTEM_TOMBSTONE)
01-19 12:30:39.431  3381  3534 W NativeCrashListener: Couldn't find ProcessRecord for pid 8646
01-19 12:30:39.434  3381  3400 I BootReceiver: Copying /data/tombstones/tombstone_00 to DropBox (SYSTEM_TOMBSTONE)
01-19 12:30:44.640  3381  3534 W NativeCrashListener: Couldn't find ProcessRecord for pid 8653
01-19 12:30:44.643  3381  3400 I BootReceiver: Copying /data/tombstones/tombstone_01 to DropBox (SYSTEM_TOMBSTONE)
01-19 12:30:48.842  3381  3534 W NativeCrashListener: Couldn't find ProcessRecord for pid 8660
01-19 12:30:48.845  3381  3400 I BootReceiver: Copying /data/tombstones/tombstone_06 to DropBox (SYSTEM_TOMBSTONE)
01-19 12:30:54.050  3381  3534 W NativeCrashListener: Couldn't find ProcessRecord for pid 8666
01-19 12:30:54.054  3381  3400 I BootReceiver: Copying /data/tombstones/tombstone_07 to DropBox (SYSTEM_TOMBSTONE)
01-19 12:30:59.264  3381  3534 W NativeCrashListener: Couldn't find ProcessRecord for pid 8672
01-19 12:30:59.267  3381  3400 I BootReceiver: Copying /data/tombstones/tombstone_08 to DropBox (SYSTEM_TOMBSTONE)
01-19 12:31:04.471  3381  3534 W NativeCrashListener: Couldn't find ProcessRecord for pid 8679
01-19 12:31:04.474  3381  3400 I BootReceiver: Copying /data/tombstones/tombstone_03 to DropBox (SYSTEM_TOMBSTONE)
01-19 12:31:09.681  3381  3534 W NativeCrashListener: Couldn't find ProcessRecord for pid 8685
01-19 12:31:09.684  3381  3400 I BootReceiver: Copying /data/tombstones/tombstone_09 to DropBox (SYSTEM_TOMBSTONE)
01-19 12:31:13.882  3381  3534 W NativeCrashListener: Couldn't find ProcessRecord for pid 8691
01-19 12:31:13.886  3381  3400 I BootReceiver: Copying /data/tombstones/tombstone_04 to DropBox (SYSTEM_TOMBSTONE)
01-19 12:31:19.091  3381  3534 W NativeCrashListener: Couldn't find ProcessRecord for pid 8697
01-19 12:31:19.094  3381  3400 I BootReceiver: Copying /data/tombstones/tombstone_05 to DropBox (SYSTEM_TOMBSTONE)
01-19 12:40:45.301  3381  3534 W NativeCrashListener: Couldn't find ProcessRecord for pid 8711
01-19 12:40:45.304  3381  3400 I BootReceiver: Copying /data/tombstones/tombstone_02 to DropBox (SYSTEM_TOMBSTONE)
01-19 12:59:36.817  3381  3441 I PowerManagerService: Waking up from dozing (uid 1000)...
01-19 12:59:36.851  3381  3405 I DisplayPowerController: Blocking screen on until initial contents have been drawn.
01-19 12:59:36.924  3381  3403 I DisplayManagerService: Display device changed state: "Built-in Screen", ON
01-19 12:59:36.925  3381  3403 W LocalDisplayAdapter: Unable to find color mode 0, ignoring request.
01-19 12:59:36.970  3381  3405 I DisplayPowerController: Unblocked screen on after 119 ms
01-19 12:59:36.971  3381  3405 I DreamManagerService: Gently waking up from dream.
01-19 12:59:36.979  3381  3766 I DreamManagerService: Leaving dreamland.
01-19 12:59:36.980  3381  3401 I DreamController: Stopping dream: name=ComponentInfo{com.android.systemui/com.android.systemui.doze.DozeService}, isTest=false, canDoze=true, userId=0
01-19 12:59:37.736  3381  3534 W NativeCrashListener: Couldn't find ProcessRecord for pid 8747
01-19 12:59:37.741  3381  3400 I BootReceiver: Copying /data/tombstones/tombstone_00 to DropBox (SYSTEM_TOMBSTONE)
01-19 12:59:40.659  3381  3381 I EntropyMixer: Writing entropy...
01-19 12:59:40.695  3381  3399 E BatteryStatsService: no controller energy info supplied
01-19 12:59:42.076  8974  8974 I chatty  : uid=1000 system_server expire 343 lines
01-19 12:59:43.460  8974  9083 I chatty  : uid=1000 system_server expire 22 lines
01-19 12:59:43.461  8974  9084 I chatty  : uid=1000 system_server expire 3 lines
01-19 12:59:43.566  8974  9091 I chatty  : uid=1000 system_server expire 23 lines
01-19 12:59:43.575  8974  9093 I chatty  : uid=1000 system_server expire 6 lines
01-19 12:59:43.607  8974  9086 I chatty  : uid=1000 system_server expire 15 lines
01-19 12:59:43.816  8974  9099 I chatty  : uid=1000 system_server expire 2 lines
01-19 12:59:43.819  8974  9102 I chatty  : uid=1000 system_server expire 4 lines
01-19 12:59:43.820  8974  9100 I chatty  : uid=1000 system_server expire 9 lines
01-19 12:59:43.927  8974  9104 I chatty  : uid=1000 system_server expire 6 lines
01-19 12:59:43.938  8974  9101 I chatty  : uid=1000 system_server expire 5 lines
01-19 12:59:44.910  8974  9113 I chatty  : uid=1000 system_server expire 1 line
01-19 12:59:45.334  8974  9082 I chatty  : uid=1000 system_server expire 3 lines
01-19 12:59:45.337  8974  9131 I chatty  : uid=1000 system_server expire 43 lines
01-19 12:59:45.340  8974  9133 I chatty  : uid=1000 system_server expire 5 lines
01-19 12:59:45.343  8974  9132 I chatty  : uid=1000 system_server expire 17 lines
01-19 12:59:45.432  8974  9134 I chatty  : uid=1000 system_server expire 1 line
01-19 12:59:46.741  8974  9129 I chatty  : uid=1000 system_server expire 1 line
01-19 12:59:47.172  8974  9185 I chatty  : uid=1000 system_server expire 1 line
01-19 12:59:47.175  8974  9186 I chatty  : uid=1000 system_server expire 1 line
01-19 12:59:47.189  8974  9188 I chatty  : uid=1000 system_server expire 1 line
01-19 12:59:47.196  8974  9190 I chatty  : uid=1000 system_server expire 2 lines
01-19 12:59:47.273  8974  9144 I chatty  : uid=1000 system_server expire 5 lines
01-19 12:59:47.494  2945  3000 D vold    : e4crypt_unlock_user_key 0 serial=0 token_present=0
01-19 12:59:47.536  8974  9151 I chatty  : uid=1000 system_server expire 1 line
01-19 12:59:47.761  9205  9296 E ActivityThread: Failed to find provider info for user_dictionary
01-19 12:59:47.785  8974  9089 I chatty  : uid=1000 system_server expire 2 lines
01-19 12:59:47.791  2945  2999 V vold    : Waiting for FUSE to spin up...
01-19 12:59:47.852  8974  9237 I chatty  : uid=1000 system_server expire 7 lines
01-19 12:59:48.348  8974  9478 I chatty  : uid=1000 system_server expire 1 line
01-19 12:59:48.348  8974  9474 I chatty  : uid=1000 system_server expire 1 line
01-19 12:59:48.371  8974  9482 I chatty  : uid=1000 system_server expire 1 line
01-19 12:59:48.438  8974  9080 I chatty  : uid=1000 system_server expire 4 lines
01-19 12:59:48.448  2945  3000 D VoldCryptCmdListener: cryptfs getpw
01-19 12:59:48.455  2945  3000 D VoldCryptCmdListener: cryptfs clearpw
01-19 12:59:48.564  8974  9150 I chatty  : uid=1000 system_server expire 2 lines
01-19 12:59:48.740  8974  9140 I chatty  : uid=1000 system_server expire 1 line
01-19 12:59:48.774  9385  9597 E ActivityThread: Failed to find provider info for com.android.contacts
01-19 12:59:48.821  8974  9155 I chatty  : uid=1000 system_server expire 2 lines
01-19 12:59:48.947  9219  9625 E ActivityThread: Failed to find provider info for com.android.contacts
01-19 12:59:48.957  9219  9219 I StatusBar: isKeyguardShowing() called before startKeyguard(), returning true
01-19 12:59:48.957  9219  9219 W StatusBar: isKeyguardSecure() called before startKeyguard(), returning false
01-19 12:59:48.957  9219  9219 W StatusBar: java.lang.Throwable
01-19 12:59:48.957  9219  9219 W StatusBar: 	at com.android.systemui.statusbar.BaseStatusBar.isKeyguardSecure(BaseStatusBar.java:2694)
01-19 12:59:48.957  9219  9219 W StatusBar: 	at com.android.systemui.statusbar.BaseStatusBar.isCameraAllowedByAdmin(BaseStatusBar.java:2717)
01-19 12:59:48.957  9219  9219 W StatusBar: 	at com.android.systemui.statusbar.phone.KeyguardBottomAreaView.updateCameraVisibility(KeyguardBottomAreaView.java:386)
01-19 12:59:48.957  9219  9219 W StatusBar: 	at com.android.systemui.statusbar.phone.KeyguardBottomAreaView.setUserSetupComplete(KeyguardBottomAreaView.java:334)
01-19 12:59:48.957  9219  9219 W StatusBar: 	at com.android.systemui.statusbar.phone.PhoneStatusBar$2.onChange(PhoneStatusBar.java:557)
01-19 12:59:48.957  9219  9219 W StatusBar: 	at com.android.systemui.statusbar.phone.PhoneStatusBar.resetUserSetupObserver(PhoneStatusBar.java:4033)
01-19 12:59:48.957  9219  9219 W StatusBar: 	at com.android.systemui.statusbar.phone.PhoneStatusBar.makeStatusBarView(PhoneStatusBar.java:1171)
01-19 12:59:48.957  9219  9219 W StatusBar: 	at com.android.systemui.statusbar.phone.PhoneStatusBar.addStatusBarWindow(PhoneStatusBar.java:3770)
01-19 12:59:48.957  9219  9219 W StatusBar: 	at com.android.systemui.statusbar.phone.PhoneStatusBar.createAndAddWindows(PhoneStatusBar.java:3766)
01-19 12:59:48.957  9219  9219 W StatusBar: 	at com.android.systemui.statusbar.BaseStatusBar.start(BaseStatusBar.java:774)
01-19 12:59:48.957  9219  9219 W StatusBar: 	at com.android.systemui.statusbar.phone.PhoneStatusBar.start(PhoneStatusBar.java:806)
01-19 12:59:48.957  9219  9219 W StatusBar: 	at com.android.systemui.statusbar.SystemBars.createStatusBarFromConfig(SystemBars.java:106)
01-19 12:59:48.957  9219  9219 W StatusBar: 	at com.android.systemui.statusbar.SystemBars.onNoService(SystemBars.java:58)
01-19 12:59:48.957  9219  9219 W StatusBar: 	at com.android.systemui.statusbar.ServiceMonitor.startService(ServiceMonitor.java:230)
01-19 12:59:48.957  9219  9219 W StatusBar: 	at com.android.systemui.statusbar.ServiceMonitor.-wrap5(ServiceMonitor.java)
01-19 12:59:48.957  9219  9219 W StatusBar: 	at com.android.systemui.statusbar.ServiceMonitor$1.handleMessage(ServiceMonitor.java:73)
01-19 12:59:48.957  9219  9219 W StatusBar: 	at android.os.Handler.dispatchMessage(Handler.java:102)
01-19 12:59:48.957  9219  9219 W StatusBar: 	at android.os.Looper.loop(Looper.java:154)
01-19 12:59:48.957  9219  9219 W StatusBar: 	at android.app.ActivityThread.main(ActivityThread.java:6186)
01-19 12:59:48.957  9219  9219 W StatusBar: 	at java.lang.reflect.Method.invoke(Native Method)
01-19 12:59:48.957  9219  9219 W StatusBar: 	at com.android.internal.os.ZygoteInit$MethodAndArgsCaller.run(ZygoteInit.java:889)
01-19 12:59:48.957  9219  9219 W StatusBar: 	at com.android.internal.os.ZygoteInit.main(ZygoteInit.java:779)
01-19 12:59:48.959  9219  9219 I StatusBar: isKeyguardShowing() called before startKeyguard(), returning true
01-19 12:59:48.959  9219  9219 W StatusBar: isKeyguardSecure() called before startKeyguard(), returning false
01-19 12:59:48.959  9219  9219 W StatusBar: java.lang.Throwable
01-19 12:59:48.959  9219  9219 W StatusBar: 	at com.android.systemui.statusbar.BaseStatusBar.isKeyguardSecure(BaseStatusBar.java:2694)
01-19 12:59:48.959  9219  9219 W StatusBar: 	at com.android.systemui.statusbar.BaseStatusBar.isCameraAllowedByAdmin(BaseStatusBar.java:2717)
01-19 12:59:48.959  9219  9219 W StatusBar: 	at com.android.systemui.statusbar.phone.KeyguardBottomAreaView.updateCameraVisibility(KeyguardBottomAreaView.java:386)
01-19 12:59:48.959  9219  9219 W StatusBar: 	at com.android.systemui.statusbar.phone.KeyguardBottomAreaView.updateRightAffordanceIcon(KeyguardBottomAreaView.java:264)
01-19 12:59:48.959  9219  9219 W StatusBar: 	at com.android.systemui.statusbar.phone.KeyguardBottomAreaView.setUserSetupComplete(KeyguardBottomAreaView.java:335)
01-19 12:59:48.959  9219  9219 W StatusBar: 	at com.android.systemui.statusbar.phone.PhoneStatusBar$2.onChange(PhoneStatusBar.java:557)
01-19 12:59:48.959  9219  9219 W StatusBar: 	at com.android.systemui.statusbar.phone.PhoneStatusBar.resetUserSetupObserver(PhoneStatusBar.java:4033)
01-19 12:59:48.959  9219  9219 W StatusBar: 	at com.android.systemui.statusbar.phone.PhoneStatusBar.makeStatusBarView(PhoneStatusBar.java:1171)
01-19 12:59:48.959  9219  9219 W StatusBar: 	at com.android.systemui.statusbar.phone.PhoneStatusBar.addStatusBarWindow(PhoneStatusBar.java:3770)
01-19 12:59:48.959  9219  9219 W StatusBar: 	at com.android.systemui.statusbar.phone.PhoneStatusBar.createAndAddWindows(PhoneStatusBar.java:3766)
01-19 12:59:48.959  9219  9219 W StatusBar: 	at com.android.systemui.statusbar.BaseStatusBar.start(BaseStatusBar.java:774)
01-19 12:59:48.959  9219  9219 W StatusBar: 	at com.android.systemui.statusbar.phone.PhoneStatusBar.start(PhoneStatusBar.java:806)
01-19 12:59:48.959  9219  9219 W StatusBar: 	at com.android.systemui.statusbar.SystemBars.createStatusBarFromConfig(SystemBars.java:106)
01-19 12:59:48.959  9219  9219 W StatusBar: 	at com.android.systemui.statusbar.SystemBars.onNoService(SystemBars.java:58)
01-19 12:59:48.959  9219  9219 W StatusBar: 	at com.android.systemui.statusbar.ServiceMonitor.startService(ServiceMonitor.java:230)
01-19 12:59:48.959  9219  9219 W StatusBar: 	at com.android.systemui.statusbar.ServiceMonitor.-wrap5(ServiceMonitor.java)
01-19 12:59:48.959  9219  9219 W StatusBar: 	at com.android.systemui.statusbar.ServiceMonitor$1.handleMessage(ServiceMonitor.java:73)
01-19 12:59:48.959  9219  9219 W StatusBar: 	at android.os.Handler.dispatchMessage(Handler.java:102)
01-19 12:59:48.959  9219  9219 W StatusBar: 	at android.os.Looper.loop(Looper.java:154)
01-19 12:59:48.959  9219  9219 W StatusBar: 	at android.app.ActivityThread.main(ActivityThread.java:6186)
01-19 12:59:48.959  9219  9219 W StatusBar: 	at java.lang.reflect.Method.invoke(Native Method)
01-19 12:59:48.959  9219  9219 W StatusBar: 	at com.android.internal.os.ZygoteInit$MethodAndArgsCaller.run(ZygoteInit.java:889)
01-19 12:59:48.959  9219  9219 W StatusBar: 	at com.android.internal.os.ZygoteInit.main(ZygoteInit.java:779)
01-19 12:59:49.191  8974  9384 I chatty  : uid=1000 system_server expire 5 lines
01-19 12:59:49.526  8974  9618 I chatty  : uid=1000 system_server expire 4 lines
01-19 12:59:49.810  8974  9139 I chatty  : uid=1000 system_server expire 1 line
01-19 12:59:52.179  8974  9234 I chatty  : uid=1000 system_server expire 219 lines
01-19 12:59:56.724  2945  3000 D vold    : e4crypt_prepare_user_storage for volume null, user 0, serial 0, flags 2
01-19 12:59:56.724  2945  3000 D vold    : Preparing: /data/system_ce/0
01-19 12:59:56.724  2945  3000 D vold    : Preparing: /data/misc_ce/0
01-19 12:59:56.725  2945  3000 D vold    : Preparing: /data/media/0
01-19 12:59:56.725  2945  3000 D vold    : Preparing: /data/data
01-19 12:59:57.099  8974  9090 I chatty  : uid=1000 system_server expire 1 line
01-19 12:59:57.100  2945  2999 D vold    : Linking /storage/emulated/0 to /mnt/user/0/primary
01-19 12:59:57.200  8974  9713 I chatty  : uid=1000 system_server expire 3 lines
01-19 12:59:57.332  8974  9477 I chatty  : uid=1000 system_server expire 1 line
01-19 12:59:57.369  8974  9081 I chatty  : uid=1000 system_server expire 2 lines
01-19 12:59:57.405  8974  9840 I chatty  : uid=1000 system_server expire 2 lines
01-19 12:59:57.562  8974  9836 I chatty  : uid=1000 system_server expire 3 lines
--------- beginning of main
01-19 12:59:57.612  9895  9895 W System  : ClassLoader referenced unknown path: /system/priv-app/MediaProvider/lib/arm64
01-19 12:59:57.613  9895  9895 D ApplicationLoaders: ignored Vulkan layer search path /system/priv-app/MediaProvider/lib/arm64:/system/priv-app/MediaProvider/MediaProvider.apk!/lib/arm64-v8a:/system/lib64:/vendor/lib64 for namespace 0x7f83c790f0
01-19 12:59:57.662  9869  9894 W Launcher: setApplicationContext called twice! old=android.app.Application@8acd94e new=android.app.Application@8acd94e
01-19 12:59:57.710  9869  9919 I OpenGLRenderer: Initialized EGL, version 1.4
01-19 12:59:57.710  9869  9919 D OpenGLRenderer: Swap behavior 1
01-19 12:59:57.713  9869  9919 D mali_winsys: EGLint new_window_surface(egl_winsys_display*, void*, EGLSurface, EGLConfig, egl_winsys_surface**, egl_color_buffer_format*, EGLBoolean) returns 0x3000,  [1440x2560]-format:1
01-19 12:59:57.716  9895  9895 D MediaScannerReceiver: action: android.intent.action.MEDIA_MOUNTED path: /storage/emulated/0
01-19 12:59:57.733  9936  9936 I chatty  : uid=1021(gps) /system/bin/lhd expire 4 lines
01-19 12:59:57.748  9771  9953 I chatty  : uid=1027(nfc) com.android.nfc expire 29 lines
01-19 12:59:57.748  9771  9954 I chatty  : uid=1027(nfc) com.android.nfc expire 550 lines
01-19 12:59:57.755  8974  9091 I ActivityManager: Displayed com.cyanogenmod.trebuchet/com.android.launcher3.Launcher: +293ms (total +338ms)
01-19 12:59:57.764  9937  9937 I art     : Starting a blocking GC AddRemoveAppImageSpace
01-19 12:59:57.880  9958  9958 I art     : Starting a blocking GC AddRemoveAppImageSpace
01-19 12:59:57.881  9958  9958 W System  : ClassLoader referenced unknown path: /system/app/LockClock/lib/arm64
01-19 12:59:57.883  2944  2944 I chatty  : uid=0(root) /system/bin/debuggerd64 expire 30 lines
01-19 12:59:57.915  9895  9944 V MediaProvider: pruneThumbnails 
01-19 12:59:57.922  9895  9944 V MediaProvider: /pruneDeadThumbnailFiles... 
01-19 12:59:58.013  9982  9982 I art     : Starting a blocking GC AddRemoveAppImageSpace
01-19 12:59:58.015  9982  9982 W System  : ClassLoader referenced unknown path: /system/priv-app/CMParts/lib/arm64
01-19 12:59:58.145  8974 10008 I RecoverySystem: No recovery log file
01-19 12:59:58.152  8974 10008 I chatty  : uid=1000 system_server expire 4 lines
01-19 12:59:58.210 10009 10009 W System  : ClassLoader referenced unknown path: /system/priv-app/Dialer/lib/arm64
01-19 12:59:58.252 10009 10009 D BlockedNumbersAuto: Not attempting auto-migrate: already checked once.
01-19 12:59:58.281  9385  9385 D CarrierConfigLoader: mHandler: 13 phoneId: 0
01-19 12:59:58.282  9385  9385 D CarrierConfigLoader: mHandler: 7 phoneId: 0
01-19 12:59:58.282  9385  9385 E CarrierConfigLoader: Cannot restore config with null packageName or iccid.
01-19 12:59:58.283  9385  9385 D CarrierConfigLoader: Binding to com.android.carrierconfig for phone 0
01-19 12:59:58.285 10009 10031 W CountryDetector: No location permissions, not registering for location updates.
01-19 12:59:58.310  8974  9823 I chatty  : uid=1000 system_server expire 2 lines
01-19 12:59:58.342 10046 10046 I art     : Starting a blocking GC AddRemoveAppImageSpace
01-19 12:59:58.343 10046 10046 W System  : ClassLoader referenced unknown path: /system/priv-app/CarrierConfig/lib/arm64
01-19 12:59:58.343 10032 10032 I art     : Starting a blocking GC AddRemoveAppImageSpace
01-19 12:59:58.344 10032 10032 W System  : ClassLoader referenced unknown path: /system/app/Calendar/lib/arm64
01-19 12:59:58.361 10046 10046 D DefaultCarrierConfigService: Service created
01-19 12:59:58.362 10059 10059 I art     : Starting a blocking GC AddRemoveAppImageSpace
01-19 12:59:58.364 10059 10059 W System  : ClassLoader referenced unknown path: /system/priv-app/ContactsProvider/lib/arm64
01-19 12:59:58.364  9385  9385 D CarrierConfigLoader: Connected to config app: com.android.carrierconfig/com.android.carrierconfig.DefaultCarrierConfigService
01-19 12:59:58.364  9385  9385 D CarrierConfigLoader: mHandler: 3 phoneId: 0
01-19 12:59:58.366 10046 10064 D DefaultCarrierConfigService: Config being fetched
01-19 12:59:58.367 10046 10064 D DefaultCarrierConfigService: java.io.FileNotFoundException: carrier_config_.xml
01-19 12:59:58.367  9385  9385 E CarrierConfigLoader: Cannot save config with null packageName or iccid.
01-19 12:59:58.370  9385  9385 D CarrierConfigLoader: mHandler: 5 phoneId: 0
01-19 12:59:58.371  9385  9385 E PhoneInterfaceManager: [PhoneIntfMgr] getCarrierPackageNamesForIntent: No UICC
01-19 12:59:58.424 10032 10032 D ExtensionsFactory: No custom extensions.
01-19 12:59:58.440 10032 10032 D AlertReceiver: onReceive: a=android.intent.action.BOOT_COMPLETED Intent { act=android.intent.action.BOOT_COMPLETED flg=0x9000010 cmp=com.android.calendar/.alerts.AlertReceiver (has extras) }
01-19 12:59:58.441 10059 10059 I ContactsPerf: VoicemailContentProvider.onCreate start
01-19 12:59:58.442 10059 10059 I ContactsPerf: VoicemailContentProvider.onCreate finish
01-19 12:59:58.459 10059 10059 W System  : ClassLoader referenced unknown path: /system/priv-app/BlockedNumberProvider/lib/arm64
01-19 12:59:58.460 10059 10059 D ApplicationLoaders: ignored Vulkan layer search path /system/priv-app/BlockedNumberProvider/lib/arm64:/system/lib64:/vendor/lib64 for namespace 0x7f83ab30f0
01-19 12:59:58.461  9708  9708 I AlarmClock: AlarmInitReceiver android.intent.action.BOOT_COMPLETED
01-19 12:59:58.482 10059 10059 W System  : ClassLoader referenced unknown path: /system/app/UserDictionaryProvider/lib/arm64
01-19 12:59:58.483 10059 10059 D ApplicationLoaders: ignored Vulkan layer search path /system/app/UserDictionaryProvider/lib/arm64:/system/lib64:/vendor/lib64 for namespace 0x7f83ab3160
01-19 12:59:58.492 10032 10088 D AlertService: 0 Action = android.intent.action.BOOT_COMPLETED
01-19 12:59:58.497 10032 10088 D AlertService: Scheduling next alarm with AlarmScheduler. sEventReminderReceived: null
01-19 12:59:58.535  9708  9893 V AlarmClock: AlarmInitReceiver finished
01-19 12:59:58.540 10059 10081 I ContactLocale: AddressBook Labels [[en_US]]: [, A, B, C, D, E, F, G, H, I, J, K, L, M, N, O, P, Q, R, S, T, U, V, W, X, Y, Z, , , , , , , , , , , , , , , , , , , , , , , , , , , , , , , , , , , , , , , , , , , , , , , , , , , , , , , , , , , , , , , , , , , , , , , , , , , , , , , , , , , , , , , , , , , , , , , , , , , , , , , , , , , , , , , , , , , , , , , , , , , , , , , , , , , , , , , , , , , , , , , , , , , , , , , , , , , , , , , , , , , , , , , , , , , , , , , , , , , , , , , , , , , #, ]
01-19 12:59:58.589 10092 10092 I art     : Starting a blocking GC AddRemoveAppImageSpace
01-19 12:59:58.590 10092 10092 W System  : ClassLoader referenced unknown path: /system/priv-app/CalendarProvider/lib/arm64
01-19 12:59:58.653 10106 10106 I art     : Starting a blocking GC AddRemoveAppImageSpace
01-19 12:59:58.654 10106 10106 W System  : ClassLoader referenced unknown path: /system/app/Email/lib/arm64
01-19 12:59:58.685 10092 10092 I CalendarProvider2: Created com.android.providers.calendar.CalendarAlarmManager@9a31438(com.android.providers.calendar.CalendarProvider2@5e8dc11)
01-19 12:59:58.709 10032 10088 D AlarmScheduler: No events found starting within 1 week.
01-19 12:59:58.734  9958  9958 D WeatherUpdateService: onCreate
01-19 12:59:58.738  9958  9958 D WeatherUpdateService: Service started, but shouldn't update ... stopping
01-19 12:59:58.741  9958  9958 D WeatherUpdateService: onDestroy
01-19 12:59:58.872 10106 10139 D ActivityThread: Loading provider com.android.email.provider;com.android.email.notifier: com.android.email.provider.EmailProvider
01-19 12:59:58.902 10127 10127 I art     : Starting a blocking GC AddRemoveAppImageSpace
01-19 12:59:58.903 10127 10127 W System  : ClassLoader referenced unknown path: /system/app/Exchange2/lib/arm64
01-19 12:59:58.969 10106 10106 D BluetoothEmailBroadcastReceiver: Received android.intent.action.BOOT_COMPLETED
01-19 12:59:58.976  9205  9205 I SystemBroadcastReceiver: Boot has been completed
01-19 12:59:58.976  9205  9205 I SystemBroadcastReceiver: toggleAppIcon() : FLAG_SYSTEM = true
01-19 12:59:58.980  8974  9839 I chatty  : uid=1000 system_server expire 1 line
01-19 12:59:59.005  8974  9837 I chatty  : uid=1000 system_server expire 1 line
01-19 12:59:59.012 10106 10151 I Email   : Observing account changes for notifications
01-19 12:59:59.023 10127 10127 I Exchange: EasService.onCreate
01-19 12:59:59.040 10127 10167 I Exchange: RestartPingTask
01-19 12:59:59.056 10152 10152 I art     : Starting a blocking GC AddRemoveAppImageSpace
01-19 12:59:59.058 10152 10152 W System  : ClassLoader referenced unknown path: /system/priv-app/ManagedProvisioning/lib/arm64
01-19 12:59:59.070 10127 10127 I Exchange: RestartPingsTask did not start any pings.
01-19 12:59:59.071 10127 10127 I Exchange: PSS stopIfIdle
01-19 12:59:59.071 10127 10127 I Exchange: PSS has no active accounts; stopping service.
01-19 12:59:59.085 10106 10106 E ActivityThread: Service com.android.email.service.EmailBroadcastProcessorService has leaked ServiceConnection com.android.emailcommon.service.ServiceProxy$ProxyConnection@3ac0875 that was originally bound here
01-19 12:59:59.085 10106 10106 E ActivityThread: android.app.ServiceConnectionLeaked: Service com.android.email.service.EmailBroadcastProcessorService has leaked ServiceConnection com.android.emailcommon.service.ServiceProxy$ProxyConnection@3ac0875 that was originally bound here
01-19 12:59:59.085 10106 10106 E ActivityThread: 	at android.app.LoadedApk$ServiceDispatcher.<init>(LoadedApk.java:1336)
01-19 12:59:59.085 10106 10106 E ActivityThread: 	at android.app.LoadedApk.getServiceDispatcher(LoadedApk.java:1231)
01-19 12:59:59.085 10106 10106 E ActivityThread: 	at android.app.ContextImpl.bindServiceCommon(ContextImpl.java:1450)
01-19 12:59:59.085 10106 10106 E ActivityThread: 	at android.app.ContextImpl.bindService(ContextImpl.java:1422)
01-19 12:59:59.085 10106 10106 E ActivityThread: 	at android.content.ContextWrapper.bindService(ContextWrapper.java:636)
01-19 12:59:59.085 10106 10106 E ActivityThread: 	at com.android.emailcommon.service.ServiceProxy.setTask(ServiceProxy.java:238)
01-19 12:59:59.085 10106 10106 E ActivityThread: 	at com.android.emailcommon.service.ServiceProxy.test(ServiceProxy.java:283)
01-19 12:59:59.085 10106 10106 E ActivityThread: 	at com.android.email.service.EmailServiceUtils.isServiceAvailable(EmailServiceUtils.java:160)
01-19 12:59:59.085 10106 10106 E ActivityThread: 	at com.android.email.provider.AccountReconciler.reconcileAccountsInternal(AccountReconciler.java:171)
01-19 12:59:59.085 10106 10106 E ActivityThread: 	at com.android.email.provider.AccountReconciler.reconcileAccounts(AccountReconciler.java:115)
01-19 12:59:59.085 10106 10106 E ActivityThread: 	at com.android.email.service.EmailBroadcastProcessorService.reconcileAndStartServices(EmailBroadcastProcessorService.java:309)
01-19 12:59:59.085 10106 10106 E ActivityThread: 	at com.android.email.service.EmailBroadcastProcessorService.onBootCompleted(EmailBroadcastProcessorService.java:295)
01-19 12:59:59.085 10106 10106 E ActivityThread: 	at com.android.email.service.EmailBroadcastProcessorService.onHandleIntent(EmailBroadcastProcessorService.java:130)
01-19 12:59:59.085 10106 10106 E ActivityThread: 	at android.app.IntentService$ServiceHandler.handleMessage(IntentService.java:68)
01-19 12:59:59.085 10106 10106 E ActivityThread: 	at android.os.Handler.dispatchMessage(Handler.java:102)
01-19 12:59:59.085 10106 10106 E ActivityThread: 	at android.os.Looper.loop(Looper.java:154)
01-19 12:59:59.085 10106 10106 E ActivityThread: 	at android.os.HandlerThread.run(HandlerThread.java:61)
01-19 12:59:59.088 10106 10106 E ActivityThread: Service com.android.email.service.EmailBroadcastProcessorService has leaked ServiceConnection com.android.emailcommon.service.ServiceProxy$ProxyConnection@704cf80 that was originally bound here
01-19 12:59:59.088 10106 10106 E ActivityThread: android.app.ServiceConnectionLeaked: Service com.android.email.service.EmailBroadcastProcessorService has leaked ServiceConnection com.android.emailcommon.service.ServiceProxy$ProxyConnection@704cf80 that was originally bound here
01-19 12:59:59.088 10106 10106 E ActivityThread: 	at android.app.LoadedApk$ServiceDispatcher.<init>(LoadedApk.java:1336)
01-19 12:59:59.088 10106 10106 E ActivityThread: 	at android.app.LoadedApk.getServiceDispatcher(LoadedApk.java:1231)
01-19 12:59:59.088 10106 10106 E ActivityThread: 	at android.app.ContextImpl.bindServiceCommon(ContextImpl.java:1450)
01-19 12:59:59.088 10106 10106 E ActivityThread: 	at android.app.ContextImpl.bindService(ContextImpl.java:1422)
01-19 12:59:59.088 10106 10106 E ActivityThread: 	at android.content.ContextWrapper.bindService(ContextWrapper.java:636)
01-19 12:59:59.088 10106 10106 E ActivityThread: 	at com.android.emailcommon.service.ServiceProxy.setTask(ServiceProxy.java:238)
01-19 12:59:59.088 10106 10106 E ActivityThread: 	at com.android.emailcommon.service.ServiceProxy.test(ServiceProxy.java:283)
01-19 12:59:59.088 10106 10106 E ActivityThread: 	at com.android.email.service.EmailServiceUtils.isServiceAvailable(EmailServiceUtils.java:160)
01-19 12:59:59.088 10106 10106 E ActivityThread: 	at com.android.email.provider.AccountReconciler.reconcileAccountsInternal(AccountReconciler.java:171)
01-19 12:59:59.088 10106 10106 E ActivityThread: 	at com.android.email.provider.AccountReconciler.reconcileAccounts(AccountReconciler.java:115)
01-19 12:59:59.088 10106 10106 E ActivityThread: 	at com.android.email.service.EmailBroadcastProcessorService.reconcileAndStartServices(EmailBroadcastProcessorService.java:309)
01-19 12:59:59.088 10106 10106 E ActivityThread: 	at com.android.email.service.EmailBroadcastProcessorService.onBootCompleted(EmailBroadcastProcessorService.java:295)
01-19 12:59:59.088 10106 10106 E ActivityThread: 	at com.android.email.service.EmailBroadcastProcessorService.onHandleIntent(EmailBroadcastProcessorService.java:130)
01-19 12:59:59.088 10106 10106 E ActivityThread: 	at android.app.IntentService$ServiceHandler.handleMessage(IntentService.java:68)
01-19 12:59:59.088 10106 10106 E ActivityThread: 	at android.os.Handler.dispatchMessage(Handler.java:102)
01-19 12:59:59.088 10106 10106 E ActivityThread: 	at android.os.Looper.loop(Looper.java:154)
01-19 12:59:59.088 10106 10106 E ActivityThread: 	at android.os.HandlerThread.run(HandlerThread.java:61)
01-19 12:59:59.093 10106 10145 E EmailServiceProxy: RuntimeException when trying to unbind from service
01-19 12:59:59.093 10106 10145 E EmailServiceProxy: java.lang.IllegalArgumentException: Service not registered: com.android.emailcommon.service.ServiceProxy$ProxyConnection@704cf80
01-19 12:59:59.093 10106 10145 E EmailServiceProxy: 	at android.app.LoadedApk.forgetServiceDispatcher(LoadedApk.java:1289)
01-19 12:59:59.093 10106 10145 E EmailServiceProxy: 	at android.app.ContextImpl.unbindService(ContextImpl.java:1483)
01-19 12:59:59.093 10106 10145 E EmailServiceProxy: 	at android.content.ContextWrapper.unbindService(ContextWrapper.java:648)
01-19 12:59:59.093 10106 10145 E EmailServiceProxy: 	at com.android.emailcommon.service.ServiceProxy$ProxyConnection$1.doInBackground(ServiceProxy.java:175)
01-19 12:59:59.093 10106 10145 E EmailServiceProxy: 	at com.android.emailcommon.service.ServiceProxy$ProxyConnection$1.doInBackground(ServiceProxy.java:162)
01-19 12:59:59.093 10106 10145 E EmailServiceProxy: 	at android.os.AsyncTask$2.call(AsyncTask.java:305)
01-19 12:59:59.093 10106 10145 E EmailServiceProxy: 	at java.util.concurrent.FutureTask.run(FutureTask.java:237)
01-19 12:59:59.093 10106 10145 E EmailServiceProxy: 	at android.os.AsyncTask$SerialExecutor$1.run(AsyncTask.java:243)
01-19 12:59:59.093 10106 10145 E EmailServiceProxy: 	at java.util.concurrent.ThreadPoolExecutor.runWorker(ThreadPoolExecutor.java:1133)
01-19 12:59:59.093 10106 10145 E EmailServiceProxy: 	at java.util.concurrent.ThreadPoolExecutor$Worker.run(ThreadPoolExecutor.java:607)
01-19 12:59:59.093 10106 10145 E EmailServiceProxy: 	at java.lang.Thread.run(Thread.java:761)
01-19 12:59:59.096 10106 10145 E EmailServiceProxy: RuntimeException when trying to unbind from service
01-19 12:59:59.096 10106 10145 E EmailServiceProxy: java.lang.IllegalArgumentException: Service not registered: com.android.emailcommon.service.ServiceProxy$ProxyConnection@3ac0875
01-19 12:59:59.096 10106 10145 E EmailServiceProxy: 	at android.app.LoadedApk.forgetServiceDispatcher(LoadedApk.java:1289)
01-19 12:59:59.096 10106 10145 E EmailServiceProxy: 	at android.app.ContextImpl.unbindService(ContextImpl.java:1483)
01-19 12:59:59.096 10106 10145 E EmailServiceProxy: 	at android.content.ContextWrapper.unbindService(ContextWrapper.java:648)
01-19 12:59:59.096 10106 10145 E EmailServiceProxy: 	at com.android.emailcommon.service.ServiceProxy$ProxyConnection$1.doInBackground(ServiceProxy.java:175)
01-19 12:59:59.096 10106 10145 E EmailServiceProxy: 	at com.android.emailcommon.service.ServiceProxy$ProxyConnection$1.doInBackground(ServiceProxy.java:162)
01-19 12:59:59.096 10106 10145 E EmailServiceProxy: 	at android.os.AsyncTask$2.call(AsyncTask.java:305)
01-19 12:59:59.096 10106 10145 E EmailServiceProxy: 	at java.util.concurrent.FutureTask.run(FutureTask.java:237)
01-19 12:59:59.096 10106 10145 E EmailServiceProxy: 	at android.os.AsyncTask$SerialExecutor$1.run(AsyncTask.java:243)
01-19 12:59:59.096 10106 10145 E EmailServiceProxy: 	at java.util.concurrent.ThreadPoolExecutor.runWorker(ThreadPoolExecutor.java:1133)
