01-19 13:38:31.413 13391 13391 I chatty  : uid=1021(gps) /system/bin/lhd expire 4 lines
01-19 13:38:31.578  8974  9234 W NativeCrashListener: Couldn't find ProcessRecord for pid 13391
01-19 13:38:31.581  8974  9088 I BootReceiver: Copying /data/tombstones/tombstone_00 to DropBox (SYSTEM_TOMBSTONE)
01-19 13:38:36.633 13397 13397 I chatty  : uid=1021(gps) /system/bin/lhd expire 4 lines
01-19 13:38:36.798  8974  9234 W NativeCrashListener: Couldn't find ProcessRecord for pid 13397
01-19 13:38:36.802  8974  9088 I BootReceiver: Copying /data/tombstones/tombstone_01 to DropBox (SYSTEM_TOMBSTONE)
01-19 13:38:40.853 13403 13403 I chatty  : uid=1021(gps) /system/bin/lhd expire 4 lines
01-19 13:38:41.009  8974  9234 W NativeCrashListener: Couldn't find ProcessRecord for pid 13403
01-19 13:38:41.012  8974  9088 I BootReceiver: Copying /data/tombstones/tombstone_06 to DropBox (SYSTEM_TOMBSTONE)
01-19 13:38:46.063 13410 13410 I chatty  : uid=1021(gps) /system/bin/lhd expire 4 lines
01-19 13:38:46.233  8974  9234 W NativeCrashListener: Couldn't find ProcessRecord for pid 13410
01-19 13:38:46.237  8974  9088 I BootReceiver: Copying /data/tombstones/tombstone_07 to DropBox (SYSTEM_TOMBSTONE)
01-19 13:38:51.283 13416 13416 I chatty  : uid=1021(gps) /system/bin/lhd expire 4 lines
01-19 13:38:51.448  8974  9234 W NativeCrashListener: Couldn't find ProcessRecord for pid 13416
01-19 13:38:51.451  8974  9088 I BootReceiver: Copying /data/tombstones/tombstone_08 to DropBox (SYSTEM_TOMBSTONE)
01-19 13:38:56.503 13422 13422 I chatty  : uid=1021(gps) /system/bin/lhd expire 4 lines
01-19 13:38:56.672  8974  9234 W NativeCrashListener: Couldn't find ProcessRecord for pid 13422
01-19 13:38:56.676  8974  9088 I BootReceiver: Copying /data/tombstones/tombstone_03 to DropBox (SYSTEM_TOMBSTONE)
01-19 13:39:01.723 13428 13428 I chatty  : uid=1021(gps) /system/bin/lhd expire 4 lines
01-19 13:39:01.888  8974  9234 W NativeCrashListener: Couldn't find ProcessRecord for pid 13428
01-19 13:39:01.891  8974  9088 I BootReceiver: Copying /data/tombstones/tombstone_09 to DropBox (SYSTEM_TOMBSTONE)
01-19 13:39:05.943 13434 13434 I chatty  : uid=1021(gps) /system/bin/lhd expire 4 lines
01-19 13:39:06.105  8974  9234 W NativeCrashListener: Couldn't find ProcessRecord for pid 13434
01-19 13:39:06.108  8974  9088 I BootReceiver: Copying /data/tombstones/tombstone_04 to DropBox (SYSTEM_TOMBSTONE)
01-19 13:39:11.163 13440 13440 I chatty  : uid=1021(gps) /system/bin/lhd expire 4 lines
01-19 13:39:11.325  8974  9234 W NativeCrashListener: Couldn't find ProcessRecord for pid 13440
01-19 13:39:11.328  8974  9088 I BootReceiver: Copying /data/tombstones/tombstone_05 to DropBox (SYSTEM_TOMBSTONE)
01-19 13:39:16.383 13447 13447 I chatty  : uid=1021(gps) /system/bin/lhd expire 4 lines
01-19 13:39:16.533  8974  9234 W NativeCrashListener: Couldn't find ProcessRecord for pid 13447
01-19 13:39:16.536  8974  9088 I BootReceiver: Copying /data/tombstones/tombstone_02 to DropBox (SYSTEM_TOMBSTONE)
01-19 13:39:21.583 13453 13453 I chatty  : uid=1021(gps) /system/bin/lhd expire 4 lines
01-19 13:39:21.748  8974  9234 W NativeCrashListener: Couldn't find ProcessRecord for pid 13453
01-19 13:39:21.751  8974  9088 I BootReceiver: Copying /data/tombstones/tombstone_00 to DropBox (SYSTEM_TOMBSTONE)
01-19 13:39:26.573 13466 13466 I chatty  : uid=1021(gps) /system/bin/lhd expire 4 lines
01-19 13:39:26.740  8974  9234 W NativeCrashListener: Couldn't find ProcessRecord for pid 13466
01-19 13:39:26.743  8974  9088 I BootReceiver: Copying /data/tombstones/tombstone_01 to DropBox (SYSTEM_TOMBSTONE)
01-19 13:39:31.793 13472 13472 I chatty  : uid=1021(gps) /system/bin/lhd expire 4 lines
01-19 13:39:31.950  8974  9234 W NativeCrashListener: Couldn't find ProcessRecord for pid 13472
01-19 13:39:31.953  8974  9088 I BootReceiver: Copying /data/tombstones/tombstone_06 to DropBox (SYSTEM_TOMBSTONE)
01-19 13:39:36.003 13478 13478 I chatty  : uid=1021(gps) /system/bin/lhd expire 4 lines
01-19 13:39:36.159  8974  9234 W NativeCrashListener: Couldn't find ProcessRecord for pid 13478
01-19 13:39:36.162  8974  9088 I BootReceiver: Copying /data/tombstones/tombstone_07 to DropBox (SYSTEM_TOMBSTONE)
01-19 13:39:41.213 13484 13484 I chatty  : uid=1021(gps) /system/bin/lhd expire 4 lines
01-19 13:39:41.380  8974  9234 W NativeCrashListener: Couldn't find ProcessRecord for pid 13484
01-19 13:39:41.383  8974  9088 I BootReceiver: Copying /data/tombstones/tombstone_08 to DropBox (SYSTEM_TOMBSTONE)
01-19 13:39:46.433 13491 13491 I chatty  : uid=1021(gps) /system/bin/lhd expire 4 lines
01-19 13:39:46.593  8974  9234 W NativeCrashListener: Couldn't find ProcessRecord for pid 13491
01-19 13:39:46.596  8974  9088 I BootReceiver: Copying /data/tombstones/tombstone_03 to DropBox (SYSTEM_TOMBSTONE)
01-19 13:39:51.643 13497 13497 I chatty  : uid=1021(gps) /system/bin/lhd expire 4 lines
01-19 13:39:51.810  8974  9234 W NativeCrashListener: Couldn't find ProcessRecord for pid 13497
01-19 13:39:51.813  8974  9088 I BootReceiver: Copying /data/tombstones/tombstone_09 to DropBox (SYSTEM_TOMBSTONE)
01-19 13:39:55.863 13503 13503 I chatty  : uid=1021(gps) /system/bin/lhd expire 4 lines
01-19 13:39:56.019  8974  9234 W NativeCrashListener: Couldn't find ProcessRecord for pid 13503
01-19 13:39:56.021  8974  9088 I BootReceiver: Copying /data/tombstones/tombstone_04 to DropBox (SYSTEM_TOMBSTONE)
01-19 13:40:01.073 13509 13509 I chatty  : uid=1021(gps) /system/bin/lhd expire 4 lines
01-19 13:40:01.233  8974  9234 W NativeCrashListener: Couldn't find ProcessRecord for pid 13509
01-19 13:40:01.236  8974  9088 I BootReceiver: Copying /data/tombstones/tombstone_05 to DropBox (SYSTEM_TOMBSTONE)
01-19 13:40:06.283 13515 13515 I chatty  : uid=1021(gps) /system/bin/lhd expire 4 lines
01-19 13:40:06.454  8974  9234 W NativeCrashListener: Couldn't find ProcessRecord for pid 13515
01-19 13:40:06.458  8974  9088 I BootReceiver: Copying /data/tombstones/tombstone_02 to DropBox (SYSTEM_TOMBSTONE)
01-19 13:40:11.513 13521 13521 I chatty  : uid=1021(gps) /system/bin/lhd expire 4 lines
01-19 13:40:11.682  8974  9234 W NativeCrashListener: Couldn't find ProcessRecord for pid 13521
01-19 13:40:11.685  8974  9088 I BootReceiver: Copying /data/tombstones/tombstone_00 to DropBox (SYSTEM_TOMBSTONE)
01-19 13:40:16.743 13529 13529 I chatty  : uid=1021(gps) /system/bin/lhd expire 4 lines
01-19 13:40:16.903  8974  9234 W NativeCrashListener: Couldn't find ProcessRecord for pid 13529
01-19 13:40:16.905  8974  9088 I BootReceiver: Copying /data/tombstones/tombstone_01 to DropBox (SYSTEM_TOMBSTONE)
01-19 13:40:20.953 13535 13535 I chatty  : uid=1021(gps) /system/bin/lhd expire 4 lines
01-19 13:40:21.103  8974  9234 W NativeCrashListener: Couldn't find ProcessRecord for pid 13535
01-19 13:40:21.106  8974  9088 I BootReceiver: Copying /data/tombstones/tombstone_06 to DropBox (SYSTEM_TOMBSTONE)
01-19 13:40:26.153 13541 13541 I chatty  : uid=1021(gps) /system/bin/lhd expire 4 lines
01-19 13:40:26.319  8974  9234 W NativeCrashListener: Couldn't find ProcessRecord for pid 13541
01-19 13:40:26.323  8974  9088 I BootReceiver: Copying /data/tombstones/tombstone_07 to DropBox (SYSTEM_TOMBSTONE)
01-19 13:40:31.373 13548 13548 I chatty  : uid=1021(gps) /system/bin/lhd expire 4 lines
01-19 13:40:31.539  8974  9234 W NativeCrashListener: Couldn't find ProcessRecord for pid 13548
01-19 13:40:31.542  8974  9088 I BootReceiver: Copying /data/tombstones/tombstone_08 to DropBox (SYSTEM_TOMBSTONE)
01-19 13:40:36.593 13554 13554 I chatty  : uid=1021(gps) /system/bin/lhd expire 4 lines
01-19 13:40:36.748  8974  9234 W NativeCrashListener: Couldn't find ProcessRecord for pid 13554
01-19 13:40:36.751  8974  9088 I BootReceiver: Copying /data/tombstones/tombstone_03 to DropBox (SYSTEM_TOMBSTONE)
01-19 13:40:41.803 13560 13560 I chatty  : uid=1021(gps) /system/bin/lhd expire 4 lines
01-19 13:40:41.966  8974  9234 W NativeCrashListener: Couldn't find ProcessRecord for pid 13560
01-19 13:40:41.969  8974  9088 I BootReceiver: Copying /data/tombstones/tombstone_09 to DropBox (SYSTEM_TOMBSTONE)
01-19 13:40:46.013 13566 13566 I chatty  : uid=1021(gps) /system/bin/lhd expire 4 lines
01-19 13:40:46.184  8974  9234 W NativeCrashListener: Couldn't find ProcessRecord for pid 13566
01-19 13:40:46.188  8974  9088 I BootReceiver: Copying /data/tombstones/tombstone_04 to DropBox (SYSTEM_TOMBSTONE)
01-19 13:40:51.243 13573 13573 I chatty  : uid=1021(gps) /system/bin/lhd expire 4 lines
01-19 13:40:51.397  8974  9234 W NativeCrashListener: Couldn't find ProcessRecord for pid 13573
01-19 13:40:51.400  8974  9088 I BootReceiver: Copying /data/tombstones/tombstone_05 to DropBox (SYSTEM_TOMBSTONE)
01-19 13:40:56.453 13579 13579 I chatty  : uid=1021(gps) /system/bin/lhd expire 4 lines
01-19 13:40:56.626  8974  9234 W NativeCrashListener: Couldn't find ProcessRecord for pid 13579
01-19 13:40:56.629  8974  9088 I BootReceiver: Copying /data/tombstones/tombstone_02 to DropBox (SYSTEM_TOMBSTONE)
01-19 13:41:01.683 13585 13585 I chatty  : uid=1021(gps) /system/bin/lhd expire 4 lines
01-19 13:41:01.836  8974  9234 W NativeCrashListener: Couldn't find ProcessRecord for pid 13585
01-19 13:41:01.839  8974  9088 I BootReceiver: Copying /data/tombstones/tombstone_00 to DropBox (SYSTEM_TOMBSTONE)
01-19 13:41:05.893 13591 13591 I chatty  : uid=1021(gps) /system/bin/lhd expire 4 lines
01-19 13:41:06.047  8974  9234 W NativeCrashListener: Couldn't find ProcessRecord for pid 13591
01-19 13:41:06.050  8974  9088 I BootReceiver: Copying /data/tombstones/tombstone_01 to DropBox (SYSTEM_TOMBSTONE)
01-19 13:41:11.103 13597 13597 I chatty  : uid=1021(gps) /system/bin/lhd expire 4 lines
01-19 13:41:11.273  8974  9234 W NativeCrashListener: Couldn't find ProcessRecord for pid 13597
01-19 13:41:11.276  8974  9088 I BootReceiver: Copying /data/tombstones/tombstone_06 to DropBox (SYSTEM_TOMBSTONE)
01-19 13:41:16.333 13604 13604 I chatty  : uid=1021(gps) /system/bin/lhd expire 4 lines
01-19 13:41:16.488  8974  9234 W NativeCrashListener: Couldn't find ProcessRecord for pid 13604
01-19 13:41:16.491  8974  9088 I BootReceiver: Copying /data/tombstones/tombstone_07 to DropBox (SYSTEM_TOMBSTONE)
01-19 13:41:21.543 13610 13610 I chatty  : uid=1021(gps) /system/bin/lhd expire 4 lines
01-19 13:41:21.713  8974  9234 W NativeCrashListener: Couldn't find ProcessRecord for pid 13610
01-19 13:41:21.717  8974  9088 I BootReceiver: Copying /data/tombstones/tombstone_08 to DropBox (SYSTEM_TOMBSTONE)
01-19 13:41:26.763 13616 13616 I chatty  : uid=1021(gps) /system/bin/lhd expire 4 lines
01-19 13:41:26.929  8974  9234 W NativeCrashListener: Couldn't find ProcessRecord for pid 13616
01-19 13:41:26.932  8974  9088 I BootReceiver: Copying /data/tombstones/tombstone_03 to DropBox (SYSTEM_TOMBSTONE)
01-19 13:41:30.983 13623 13623 I chatty  : uid=1021(gps) /system/bin/lhd expire 4 lines
01-19 13:41:31.154  8974  9234 W NativeCrashListener: Couldn't find ProcessRecord for pid 13623
01-19 13:41:31.157  8974  9088 I BootReceiver: Copying /data/tombstones/tombstone_09 to DropBox (SYSTEM_TOMBSTONE)
01-19 13:41:36.203 13629 13629 I chatty  : uid=1021(gps) /system/bin/lhd expire 4 lines
01-19 13:41:36.375  8974  9234 W NativeCrashListener: Couldn't find ProcessRecord for pid 13629
01-19 13:41:36.379  8974  9088 I BootReceiver: Copying /data/tombstones/tombstone_04 to DropBox (SYSTEM_TOMBSTONE)
01-19 13:41:41.433 13635 13635 I chatty  : uid=1021(gps) /system/bin/lhd expire 4 lines
01-19 13:41:41.593  8974  9234 W NativeCrashListener: Couldn't find ProcessRecord for pid 13635
01-19 13:41:41.596  8974  9088 I BootReceiver: Copying /data/tombstones/tombstone_05 to DropBox (SYSTEM_TOMBSTONE)
01-19 13:41:46.643 13643 13643 I chatty  : uid=1021(gps) /system/bin/lhd expire 4 lines
01-19 13:41:46.804  8974  9234 W NativeCrashListener: Couldn't find ProcessRecord for pid 13643
01-19 13:41:46.807  8974  9088 I BootReceiver: Copying /data/tombstones/tombstone_02 to DropBox (SYSTEM_TOMBSTONE)
01-19 13:41:50.853 13649 13649 I chatty  : uid=1021(gps) /system/bin/lhd expire 4 lines
01-19 13:41:51.002  8974  9234 W NativeCrashListener: Couldn't find ProcessRecord for pid 13649
01-19 13:41:51.005  8974  9088 I BootReceiver: Copying /data/tombstones/tombstone_00 to DropBox (SYSTEM_TOMBSTONE)
01-19 13:41:56.053 13655 13655 I chatty  : uid=1021(gps) /system/bin/lhd expire 4 lines
01-19 13:41:56.218  8974  9234 W NativeCrashListener: Couldn't find ProcessRecord for pid 13655
01-19 13:41:56.221  8974  9088 I BootReceiver: Copying /data/tombstones/tombstone_01 to DropBox (SYSTEM_TOMBSTONE)
01-19 13:42:01.273 13661 13661 I chatty  : uid=1021(gps) /system/bin/lhd expire 4 lines
01-19 13:42:01.428  8974  9234 W NativeCrashListener: Couldn't find ProcessRecord for pid 13661
01-19 13:42:01.431  8974  9088 I BootReceiver: Copying /data/tombstones/tombstone_06 to DropBox (SYSTEM_TOMBSTONE)
01-19 13:42:06.483 13667 13667 I chatty  : uid=1021(gps) /system/bin/lhd expire 4 lines
01-19 13:42:06.654  8974  9234 W NativeCrashListener: Couldn't find ProcessRecord for pid 13667
01-19 13:42:06.657  8974  9088 I BootReceiver: Copying /data/tombstones/tombstone_07 to DropBox (SYSTEM_TOMBSTONE)
01-19 13:42:11.703 13678 13678 I chatty  : uid=1021(gps) /system/bin/lhd expire 4 lines
01-19 13:42:11.851  8974  9234 W NativeCrashListener: Couldn't find ProcessRecord for pid 13678
01-19 13:42:11.854  8974  9088 I BootReceiver: Copying /data/tombstones/tombstone_08 to DropBox (SYSTEM_TOMBSTONE)
01-19 13:42:15.903 13685 13685 I chatty  : uid=1021(gps) /system/bin/lhd expire 4 lines
01-19 13:42:16.060  8974  9234 W NativeCrashListener: Couldn't find ProcessRecord for pid 13685
01-19 13:42:16.063  8974  9088 I BootReceiver: Copying /data/tombstones/tombstone_03 to DropBox (SYSTEM_TOMBSTONE)
01-19 13:42:21.113 13694 13694 I chatty  : uid=1021(gps) /system/bin/lhd expire 4 lines
01-19 13:42:21.267  8974  9234 W NativeCrashListener: Couldn't find ProcessRecord for pid 13694
01-19 13:42:21.271  8974  9088 I BootReceiver: Copying /data/tombstones/tombstone_09 to DropBox (SYSTEM_TOMBSTONE)
01-19 13:42:26.343 13707 13707 I chatty  : uid=1021(gps) /system/bin/lhd expire 4 lines
01-19 13:42:26.496  8974  9234 W NativeCrashListener: Couldn't find ProcessRecord for pid 13707
01-19 13:42:26.499  8974  9088 I BootReceiver: Copying /data/tombstones/tombstone_04 to DropBox (SYSTEM_TOMBSTONE)
01-19 13:42:31.553 13713 13713 I chatty  : uid=1021(gps) /system/bin/lhd expire 4 lines
01-19 13:42:31.713  8974  9234 W NativeCrashListener: Couldn't find ProcessRecord for pid 13713
01-19 13:42:31.716  8974  9088 I BootReceiver: Copying /data/tombstones/tombstone_05 to DropBox (SYSTEM_TOMBSTONE)
01-19 13:42:36.763 13719 13719 I chatty  : uid=1021(gps) /system/bin/lhd expire 4 lines
01-19 13:42:36.930  8974  9234 W NativeCrashListener: Couldn't find ProcessRecord for pid 13719
01-19 13:42:36.933  8974  9088 I BootReceiver: Copying /data/tombstones/tombstone_02 to DropBox (SYSTEM_TOMBSTONE)
01-19 13:42:40.983 13725 13725 I chatty  : uid=1021(gps) /system/bin/lhd expire 4 lines
01-19 13:42:41.150  8974  9234 W NativeCrashListener: Couldn't find ProcessRecord for pid 13725
01-19 13:42:41.153  8974  9088 I BootReceiver: Copying /data/tombstones/tombstone_00 to DropBox (SYSTEM_TOMBSTONE)
01-19 13:42:46.203 13731 13731 I chatty  : uid=1021(gps) /system/bin/lhd expire 4 lines
01-19 13:42:46.365  8974  9234 W NativeCrashListener: Couldn't find ProcessRecord for pid 13731
01-19 13:42:46.368  8974  9088 I BootReceiver: Copying /data/tombstones/tombstone_01 to DropBox (SYSTEM_TOMBSTONE)
01-19 13:42:51.423 13738 13738 I chatty  : uid=1021(gps) /system/bin/lhd expire 4 lines
01-19 13:42:51.589  8974  9234 W NativeCrashListener: Couldn't find ProcessRecord for pid 13738
01-19 13:42:51.592  8974  9088 I BootReceiver: Copying /data/tombstones/tombstone_06 to DropBox (SYSTEM_TOMBSTONE)
01-19 13:42:56.643 13744 13744 I chatty  : uid=1021(gps) /system/bin/lhd expire 4 lines
01-19 13:42:56.814  8974  9234 W NativeCrashListener: Couldn't find ProcessRecord for pid 13744
01-19 13:42:56.818  8974  9088 I BootReceiver: Copying /data/tombstones/tombstone_07 to DropBox (SYSTEM_TOMBSTONE)
01-19 13:43:00.863 13750 13750 I chatty  : uid=1021(gps) /system/bin/lhd expire 4 lines
01-19 13:43:01.023  8974  9234 W NativeCrashListener: Couldn't find ProcessRecord for pid 13750
01-19 13:43:01.026  8974  9088 I BootReceiver: Copying /data/tombstones/tombstone_08 to DropBox (SYSTEM_TOMBSTONE)
01-19 13:43:06.073 13756 13756 I chatty  : uid=1021(gps) /system/bin/lhd expire 4 lines
01-19 13:43:06.246  8974  9234 W NativeCrashListener: Couldn't find ProcessRecord for pid 13756
01-19 13:43:06.249  8974  9088 I BootReceiver: Copying /data/tombstones/tombstone_03 to DropBox (SYSTEM_TOMBSTONE)
01-19 13:43:11.303 13762 13762 I chatty  : uid=1021(gps) /system/bin/lhd expire 4 lines
01-19 13:43:11.460  8974  9234 W NativeCrashListener: Couldn't find ProcessRecord for pid 13762
01-19 13:43:11.464  8974  9088 I BootReceiver: Copying /data/tombstones/tombstone_09 to DropBox (SYSTEM_TOMBSTONE)
01-19 13:43:16.513 13769 13769 I chatty  : uid=1021(gps) /system/bin/lhd expire 4 lines
01-19 13:43:16.680  8974  9234 W NativeCrashListener: Couldn't find ProcessRecord for pid 13769
01-19 13:43:16.683  8974  9088 I BootReceiver: Copying /data/tombstones/tombstone_04 to DropBox (SYSTEM_TOMBSTONE)
01-19 13:43:21.733 13775 13775 I chatty  : uid=1021(gps) /system/bin/lhd expire 4 lines
01-19 13:43:21.904  8974  9234 W NativeCrashListener: Couldn't find ProcessRecord for pid 13775
01-19 13:43:21.909  8974  9088 I BootReceiver: Copying /data/tombstones/tombstone_05 to DropBox (SYSTEM_TOMBSTONE)
01-19 13:43:25.953 13781 13781 I chatty  : uid=1021(gps) /system/bin/lhd expire 4 lines
01-19 13:43:26.115  8974  9234 W NativeCrashListener: Couldn't find ProcessRecord for pid 13781
01-19 13:43:26.118  8974  9088 I BootReceiver: Copying /data/tombstones/tombstone_02 to DropBox (SYSTEM_TOMBSTONE)
01-19 13:43:31.173 13787 13787 I chatty  : uid=1021(gps) /system/bin/lhd expire 4 lines
01-19 13:43:31.329  8974  9234 W NativeCrashListener: Couldn't find ProcessRecord for pid 13787
01-19 13:43:31.332  8974  9088 I BootReceiver: Copying /data/tombstones/tombstone_00 to DropBox (SYSTEM_TOMBSTONE)
01-19 13:43:36.383 13793 13793 I chatty  : uid=1021(gps) /system/bin/lhd expire 4 lines
01-19 13:43:36.550  8974  9234 W NativeCrashListener: Couldn't find ProcessRecord for pid 13793
01-19 13:43:36.553  8974  9088 I BootReceiver: Copying /data/tombstones/tombstone_01 to DropBox (SYSTEM_TOMBSTONE)
01-19 13:43:41.603 13799 13799 I chatty  : uid=1021(gps) /system/bin/lhd expire 4 lines
01-19 13:43:41.765  8974  9234 W NativeCrashListener: Couldn't find ProcessRecord for pid 13799
01-19 13:43:41.768  8974  9088 I BootReceiver: Copying /data/tombstones/tombstone_06 to DropBox (SYSTEM_TOMBSTONE)
01-19 13:43:45.823 13805 13805 I chatty  : uid=1021(gps) /system/bin/lhd expire 4 lines
01-19 13:43:45.981  8974  9234 W NativeCrashListener: Couldn't find ProcessRecord for pid 13805
01-19 13:43:45.984  8974  9088 I BootReceiver: Copying /data/tombstones/tombstone_07 to DropBox (SYSTEM_TOMBSTONE)
01-19 13:43:51.033 13813 13813 I chatty  : uid=1021(gps) /system/bin/lhd expire 4 lines
01-19 13:43:51.205  8974  9234 W NativeCrashListener: Couldn't find ProcessRecord for pid 13813
01-19 13:43:51.208  8974  9088 I BootReceiver: Copying /data/tombstones/tombstone_08 to DropBox (SYSTEM_TOMBSTONE)
01-19 13:43:56.263 13819 13819 I chatty  : uid=1021(gps) /system/bin/lhd expire 4 lines
01-19 13:43:56.418  8974  9234 W NativeCrashListener: Couldn't find ProcessRecord for pid 13819
01-19 13:43:56.421  8974  9088 I BootReceiver: Copying /data/tombstones/tombstone_03 to DropBox (SYSTEM_TOMBSTONE)
01-19 13:44:01.473 13825 13825 I chatty  : uid=1021(gps) /system/bin/lhd expire 4 lines
01-19 13:44:01.640  8974  9234 W NativeCrashListener: Couldn't find ProcessRecord for pid 13825
01-19 13:44:01.643  8974  9088 I BootReceiver: Copying /data/tombstones/tombstone_09 to DropBox (SYSTEM_TOMBSTONE)
01-19 13:44:06.693 13831 13831 I chatty  : uid=1021(gps) /system/bin/lhd expire 4 lines
01-19 13:44:06.847  8974  9234 W NativeCrashListener: Couldn't find ProcessRecord for pid 13831
01-19 13:44:06.850  8974  9088 I BootReceiver: Copying /data/tombstones/tombstone_04 to DropBox (SYSTEM_TOMBSTONE)
01-19 13:44:10.903 13837 13837 I chatty  : uid=1021(gps) /system/bin/lhd expire 4 lines
01-19 13:44:11.049  8974  9234 W NativeCrashListener: Couldn't find ProcessRecord for pid 13837
01-19 13:44:11.052  8974  9088 I BootReceiver: Copying /data/tombstones/tombstone_05 to DropBox (SYSTEM_TOMBSTONE)
01-19 13:44:16.103 13843 13843 I chatty  : uid=1021(gps) /system/bin/lhd expire 4 lines
01-19 13:44:16.264  8974  9234 W NativeCrashListener: Couldn't find ProcessRecord for pid 13843
01-19 13:44:16.267  8974  9088 I BootReceiver: Copying /data/tombstones/tombstone_02 to DropBox (SYSTEM_TOMBSTONE)
01-19 13:44:21.313 13850 13850 I chatty  : uid=1021(gps) /system/bin/lhd expire 4 lines
01-19 13:44:21.476  8974  9234 W NativeCrashListener: Couldn't find ProcessRecord for pid 13850
01-19 13:44:21.479  8974  9088 I BootReceiver: Copying /data/tombstones/tombstone_00 to DropBox (SYSTEM_TOMBSTONE)
01-19 13:44:26.533 13856 13856 I chatty  : uid=1021(gps) /system/bin/lhd expire 4 lines
01-19 13:44:26.687  8974  9234 W NativeCrashListener: Couldn't find ProcessRecord for pid 13856
01-19 13:44:26.690  8974  9088 I BootReceiver: Copying /data/tombstones/tombstone_01 to DropBox (SYSTEM_TOMBSTONE)
01-19 13:44:31.743 13862 13862 I chatty  : uid=1021(gps) /system/bin/lhd expire 4 lines
01-19 13:44:31.902  8974  9234 W NativeCrashListener: Couldn't find ProcessRecord for pid 13862
01-19 13:44:31.905  8974  9088 I BootReceiver: Copying /data/tombstones/tombstone_06 to DropBox (SYSTEM_TOMBSTONE)
01-19 13:44:35.953 13868 13868 I chatty  : uid=1021(gps) /system/bin/lhd expire 4 lines
01-19 13:44:36.114  8974  9234 W NativeCrashListener: Couldn't find ProcessRecord for pid 13868
01-19 13:44:36.117  8974  9088 I BootReceiver: Copying /data/tombstones/tombstone_07 to DropBox (SYSTEM_TOMBSTONE)
01-19 13:44:41.173 13874 13874 I chatty  : uid=1021(gps) /system/bin/lhd expire 4 lines
01-19 13:44:41.341  8974  9234 W NativeCrashListener: Couldn't find ProcessRecord for pid 13874
01-19 13:44:41.344  8974  9088 I BootReceiver: Copying /data/tombstones/tombstone_08 to DropBox (SYSTEM_TOMBSTONE)
01-19 13:44:46.393 13880 13880 I chatty  : uid=1021(gps) /system/bin/lhd expire 4 lines
01-19 13:44:46.557  8974  9234 W NativeCrashListener: Couldn't find ProcessRecord for pid 13880
01-19 13:44:46.560  8974  9088 I BootReceiver: Copying /data/tombstones/tombstone_03 to DropBox (SYSTEM_TOMBSTONE)
01-19 13:44:51.613 13887 13887 I chatty  : uid=1021(gps) /system/bin/lhd expire 4 lines
01-19 13:44:51.773  8974  9234 W NativeCrashListener: Couldn't find ProcessRecord for pid 13887
01-19 13:44:51.776  8974  9088 I BootReceiver: Copying /data/tombstones/tombstone_09 to DropBox (SYSTEM_TOMBSTONE)
01-19 13:44:55.823 13893 13893 I chatty  : uid=1021(gps) /system/bin/lhd expire 4 lines
01-19 13:44:55.980  8974  9234 W NativeCrashListener: Couldn't find ProcessRecord for pid 13893
01-19 13:44:55.983  8974  9088 I BootReceiver: Copying /data/tombstones/tombstone_04 to DropBox (SYSTEM_TOMBSTONE)
01-19 13:45:01.033 13899 13899 I chatty  : uid=1021(gps) /system/bin/lhd expire 4 lines
01-19 13:45:01.202  8974  9234 W NativeCrashListener: Couldn't find ProcessRecord for pid 13899
01-19 13:45:01.205  8974  9088 I BootReceiver: Copying /data/tombstones/tombstone_05 to DropBox (SYSTEM_TOMBSTONE)
01-19 13:45:06.253 13905 13905 I chatty  : uid=1021(gps) /system/bin/lhd expire 4 lines
01-19 13:45:06.419  8974  9234 W NativeCrashListener: Couldn't find ProcessRecord for pid 13905
01-19 13:45:06.422  8974  9088 I BootReceiver: Copying /data/tombstones/tombstone_02 to DropBox (SYSTEM_TOMBSTONE)
01-19 13:45:11.473 13911 13911 I chatty  : uid=1021(gps) /system/bin/lhd expire 4 lines
01-19 13:45:11.641  8974  9234 W NativeCrashListener: Couldn't find ProcessRecord for pid 13911
01-19 13:45:11.644  8974  9088 I BootReceiver: Copying /data/tombstones/tombstone_00 to DropBox (SYSTEM_TOMBSTONE)
01-19 13:45:16.693 13918 13918 I chatty  : uid=1021(gps) /system/bin/lhd expire 4 lines
01-19 13:45:16.850  8974  9234 W NativeCrashListener: Couldn't find ProcessRecord for pid 13918
01-19 13:45:16.853  8974  9088 I BootReceiver: Copying /data/tombstones/tombstone_01 to DropBox (SYSTEM_TOMBSTONE)
01-19 13:45:20.903 13924 13924 I chatty  : uid=1021(gps) /system/bin/lhd expire 4 lines
01-19 13:45:21.058  8974  9234 W NativeCrashListener: Couldn't find ProcessRecord for pid 13924
01-19 13:45:21.060  8974  9088 I BootReceiver: Copying /data/tombstones/tombstone_06 to DropBox (SYSTEM_TOMBSTONE)
01-19 13:45:26.113 13931 13931 I chatty  : uid=1021(gps) /system/bin/lhd expire 4 lines
01-19 13:45:26.284  8974  9234 W NativeCrashListener: Couldn't find ProcessRecord for pid 13931
01-19 13:45:26.288  8974  9088 I BootReceiver: Copying /data/tombstones/tombstone_07 to DropBox (SYSTEM_TOMBSTONE)
01-19 13:45:31.163 13945 13945 I chatty  : uid=1021(gps) /system/bin/lhd expire 4 lines
01-19 13:45:31.330  8974  9234 W NativeCrashListener: Couldn't find ProcessRecord for pid 13945
01-19 13:45:31.333  8974  9088 I BootReceiver: Copying /data/tombstones/tombstone_08 to DropBox (SYSTEM_TOMBSTONE)
01-19 13:45:36.383 13951 13951 I chatty  : uid=1021(gps) /system/bin/lhd expire 4 lines
01-19 13:45:36.540  8974  9234 W NativeCrashListener: Couldn't find ProcessRecord for pid 13951
01-19 13:45:36.543  8974  9088 I BootReceiver: Copying /data/tombstones/tombstone_03 to DropBox (SYSTEM_TOMBSTONE)
01-19 13:45:41.593 13957 13957 I chatty  : uid=1021(gps) /system/bin/lhd expire 4 lines
01-19 13:45:41.755  8974  9234 W NativeCrashListener: Couldn't find ProcessRecord for pid 13957
01-19 13:45:41.757  8974  9088 I BootReceiver: Copying /data/tombstones/tombstone_09 to DropBox (SYSTEM_TOMBSTONE)
01-19 13:45:46.833 13964 13964 I chatty  : uid=1021(gps) /system/bin/lhd expire 4 lines
01-19 13:45:46.980  8974  9234 W NativeCrashListener: Couldn't find ProcessRecord for pid 13964
01-19 13:45:46.983  8974  9088 I BootReceiver: Copying /data/tombstones/tombstone_04 to DropBox (SYSTEM_TOMBSTONE)
01-19 13:45:51.033 13970 13970 I chatty  : uid=1021(gps) /system/bin/lhd expire 4 lines
01-19 13:45:51.204  8974  9234 W NativeCrashListener: Couldn't find ProcessRecord for pid 13970
01-19 13:45:51.208  8974  9088 I BootReceiver: Copying /data/tombstones/tombstone_05 to DropBox (SYSTEM_TOMBSTONE)
01-19 13:45:56.253 13976 13976 I chatty  : uid=1021(gps) /system/bin/lhd expire 4 lines
01-19 13:45:56.420  8974  9234 W NativeCrashListener: Couldn't find ProcessRecord for pid 13976
01-19 13:45:56.423  8974  9088 I BootReceiver: Copying /data/tombstones/tombstone_02 to DropBox (SYSTEM_TOMBSTONE)
01-19 13:46:01.473 13982 13982 I chatty  : uid=1021(gps) /system/bin/lhd expire 4 lines
01-19 13:46:01.643  8974  9234 W NativeCrashListener: Couldn't find ProcessRecord for pid 13982
01-19 13:46:01.647  8974  9088 I BootReceiver: Copying /data/tombstones/tombstone_00 to DropBox (SYSTEM_TOMBSTONE)
01-19 13:46:06.693 13988 13988 I chatty  : uid=1021(gps) /system/bin/lhd expire 4 lines
01-19 13:46:06.861  8974  9234 W NativeCrashListener: Couldn't find ProcessRecord for pid 13988
01-19 13:46:06.864  8974  9088 I BootReceiver: Copying /data/tombstones/tombstone_01 to DropBox (SYSTEM_TOMBSTONE)
01-19 13:46:10.913 13994 13994 I chatty  : uid=1021(gps) /system/bin/lhd expire 4 lines
01-19 13:46:11.072  8974  9234 W NativeCrashListener: Couldn't find ProcessRecord for pid 13994
01-19 13:46:11.075  8974  9088 I BootReceiver: Copying /data/tombstones/tombstone_06 to DropBox (SYSTEM_TOMBSTONE)
01-19 13:46:16.123 14000 14000 I chatty  : uid=1021(gps) /system/bin/lhd expire 4 lines
01-19 13:46:16.284  8974  9234 W NativeCrashListener: Couldn't find ProcessRecord for pid 14000
01-19 13:46:16.288  8974  9088 I BootReceiver: Copying /data/tombstones/tombstone_07 to DropBox (SYSTEM_TOMBSTONE)
01-19 13:46:21.333 14007 14007 I chatty  : uid=1021(gps) /system/bin/lhd expire 4 lines
01-19 13:46:21.500  8974  9234 W NativeCrashListener: Couldn't find ProcessRecord for pid 14007
01-19 13:46:21.504  8974  9088 I BootReceiver: Copying /data/tombstones/tombstone_08 to DropBox (SYSTEM_TOMBSTONE)
01-19 13:46:26.553 14013 14013 I chatty  : uid=1021(gps) /system/bin/lhd expire 4 lines
01-19 13:46:26.720  8974  9234 W NativeCrashListener: Couldn't find ProcessRecord for pid 14013
01-19 13:46:26.724  8974  9088 I BootReceiver: Copying /data/tombstones/tombstone_03 to DropBox (SYSTEM_TOMBSTONE)
01-19 13:46:31.773 14019 14019 I chatty  : uid=1021(gps) /system/bin/lhd expire 4 lines
01-19 13:46:31.945  8974  9234 W NativeCrashListener: Couldn't find ProcessRecord for pid 14019
01-19 13:46:31.948  8974  9088 I BootReceiver: Copying /data/tombstones/tombstone_09 to DropBox (SYSTEM_TOMBSTONE)
01-19 13:46:36.003 14025 14025 I chatty  : uid=1021(gps) /system/bin/lhd expire 4 lines
01-19 13:46:36.170  8974  9234 W NativeCrashListener: Couldn't find ProcessRecord for pid 14025
01-19 13:46:36.173  8974  9088 I BootReceiver: Copying /data/tombstones/tombstone_04 to DropBox (SYSTEM_TOMBSTONE)
01-19 13:46:41.223 14031 14031 I chatty  : uid=1021(gps) /system/bin/lhd expire 4 lines
01-19 13:46:41.393  8974  9234 W NativeCrashListener: Couldn't find ProcessRecord for pid 14031
01-19 13:46:41.397  8974  9088 I BootReceiver: Copying /data/tombstones/tombstone_05 to DropBox (SYSTEM_TOMBSTONE)
01-19 13:46:46.443 14037 14037 I chatty  : uid=1021(gps) /system/bin/lhd expire 4 lines
01-19 13:46:46.615  8974  9234 W NativeCrashListener: Couldn't find ProcessRecord for pid 14037
01-19 13:46:46.619  8974  9088 I BootReceiver: Copying /data/tombstones/tombstone_02 to DropBox (SYSTEM_TOMBSTONE)
01-19 13:46:51.673 14045 14045 I chatty  : uid=1021(gps) /system/bin/lhd expire 4 lines
01-19 13:46:51.840  8974  9234 W NativeCrashListener: Couldn't find ProcessRecord for pid 14045
01-19 13:46:51.843  8974  9088 I BootReceiver: Copying /data/tombstones/tombstone_00 to DropBox (SYSTEM_TOMBSTONE)
01-19 13:46:55.893 14051 14051 I chatty  : uid=1021(gps) /system/bin/lhd expire 4 lines
01-19 13:46:56.047  8974  9234 W NativeCrashListener: Couldn't find ProcessRecord for pid 14051
01-19 13:46:56.049  8974  9088 I BootReceiver: Copying /data/tombstones/tombstone_01 to DropBox (SYSTEM_TOMBSTONE)
01-19 13:47:01.103 14057 14057 I chatty  : uid=1021(gps) /system/bin/lhd expire 4 lines
01-19 13:47:01.273  8974  9234 W NativeCrashListener: Couldn't find ProcessRecord for pid 14057
01-19 13:47:01.277  8974  9088 I BootReceiver: Copying /data/tombstones/tombstone_06 to DropBox (SYSTEM_TOMBSTONE)
01-19 13:47:06.323 14063 14063 I chatty  : uid=1021(gps) /system/bin/lhd expire 4 lines
01-19 13:47:06.488  8974  9234 W NativeCrashListener: Couldn't find ProcessRecord for pid 14063
01-19 13:47:06.491  8974  9088 I BootReceiver: Copying /data/tombstones/tombstone_07 to DropBox (SYSTEM_TOMBSTONE)
01-19 13:47:11.543 14069 14069 I chatty  : uid=1021(gps) /system/bin/lhd expire 4 lines
01-19 13:47:11.714  8974  9234 W NativeCrashListener: Couldn't find ProcessRecord for pid 14069
01-19 13:47:11.718  8974  9088 I BootReceiver: Copying /data/tombstones/tombstone_08 to DropBox (SYSTEM_TOMBSTONE)
01-19 13:47:16.773 14075 14075 I chatty  : uid=1021(gps) /system/bin/lhd expire 4 lines
01-19 13:47:16.935  8974  9234 W NativeCrashListener: Couldn't find ProcessRecord for pid 14075
01-19 13:47:16.938  8974  9088 I BootReceiver: Copying /data/tombstones/tombstone_03 to DropBox (SYSTEM_TOMBSTONE)
01-19 13:47:20.983 14082 14082 I chatty  : uid=1021(gps) /system/bin/lhd expire 4 lines
01-19 13:47:21.138  8974  9234 W NativeCrashListener: Couldn't find ProcessRecord for pid 14082
01-19 13:47:21.141  8974  9088 I BootReceiver: Copying /data/tombstones/tombstone_09 to DropBox (SYSTEM_TOMBSTONE)
01-19 13:47:26.193 14088 14088 I chatty  : uid=1021(gps) /system/bin/lhd expire 4 lines
01-19 13:47:26.364  8974  9234 W NativeCrashListener: Couldn't find ProcessRecord for pid 14088
01-19 13:47:26.368  8974  9088 I BootReceiver: Copying /data/tombstones/tombstone_04 to DropBox (SYSTEM_TOMBSTONE)
01-19 13:47:31.423 14094 14094 I chatty  : uid=1021(gps) /system/bin/lhd expire 4 lines
01-19 13:47:31.578  8974  9234 W NativeCrashListener: Couldn't find ProcessRecord for pid 14094
01-19 13:47:31.581  8974  9088 I BootReceiver: Copying /data/tombstones/tombstone_05 to DropBox (SYSTEM_TOMBSTONE)
01-19 13:47:36.633 14100 14100 I chatty  : uid=1021(gps) /system/bin/lhd expire 4 lines
01-19 13:47:36.787  8974  9234 W NativeCrashListener: Couldn't find ProcessRecord for pid 14100
01-19 13:47:36.790  8974  9088 I BootReceiver: Copying /data/tombstones/tombstone_02 to DropBox (SYSTEM_TOMBSTONE)
01-19 13:47:40.843 14106 14106 I chatty  : uid=1021(gps) /system/bin/lhd expire 4 lines
01-19 13:47:41.000  8974  9234 W NativeCrashListener: Couldn't find ProcessRecord for pid 14106
01-19 13:47:41.003  8974  9088 I BootReceiver: Copying /data/tombstones/tombstone_00 to DropBox (SYSTEM_TOMBSTONE)
01-19 13:47:46.053 14112 14112 I chatty  : uid=1021(gps) /system/bin/lhd expire 4 lines
01-19 13:47:46.214  8974  9234 W NativeCrashListener: Couldn't find ProcessRecord for pid 14112
01-19 13:47:46.217  8974  9088 I BootReceiver: Copying /data/tombstones/tombstone_01 to DropBox (SYSTEM_TOMBSTONE)
01-19 13:47:51.263 14119 14119 I chatty  : uid=1021(gps) /system/bin/lhd expire 4 lines
01-19 13:47:51.430  8974  9234 W NativeCrashListener: Couldn't find ProcessRecord for pid 14119
01-19 13:47:51.433  8974  9088 I BootReceiver: Copying /data/tombstones/tombstone_06 to DropBox (SYSTEM_TOMBSTONE)
01-19 13:47:56.483 14125 14125 I chatty  : uid=1021(gps) /system/bin/lhd expire 4 lines
01-19 13:47:56.639  8974  9234 W NativeCrashListener: Couldn't find ProcessRecord for pid 14125
01-19 13:47:56.642  8974  9088 I BootReceiver: Copying /data/tombstones/tombstone_07 to DropBox (SYSTEM_TOMBSTONE)
01-19 13:48:01.693 14131 14131 I chatty  : uid=1021(gps) /system/bin/lhd expire 4 lines
01-19 13:48:01.862  8974  9234 W NativeCrashListener: Couldn't find ProcessRecord for pid 14131
01-19 13:48:01.865  8974  9088 I BootReceiver: Copying /data/tombstones/tombstone_08 to DropBox (SYSTEM_TOMBSTONE)
01-19 13:48:05.913 14137 14137 I chatty  : uid=1021(gps) /system/bin/lhd expire 4 lines
01-19 13:48:06.061  8974  9234 W NativeCrashListener: Couldn't find ProcessRecord for pid 14137
01-19 13:48:06.064  8974  9088 I BootReceiver: Copying /data/tombstones/tombstone_03 to DropBox (SYSTEM_TOMBSTONE)
01-19 13:48:11.113 14143 14143 I chatty  : uid=1021(gps) /system/bin/lhd expire 4 lines
01-19 13:48:11.269  8974  9234 W NativeCrashListener: Couldn't find ProcessRecord for pid 14143
01-19 13:48:11.271  8974  9088 I BootReceiver: Copying /data/tombstones/tombstone_09 to DropBox (SYSTEM_TOMBSTONE)
01-19 13:48:16.323 14149 14149 I chatty  : uid=1021(gps) /system/bin/lhd expire 4 lines
01-19 13:48:16.477  8974  9234 W NativeCrashListener: Couldn't find ProcessRecord for pid 14149
01-19 13:48:16.480  8974  9088 I BootReceiver: Copying /data/tombstones/tombstone_04 to DropBox (SYSTEM_TOMBSTONE)
01-19 13:48:21.533 14156 14156 I chatty  : uid=1021(gps) /system/bin/lhd expire 4 lines
01-19 13:48:21.691  8974  9234 W NativeCrashListener: Couldn't find ProcessRecord for pid 14156
01-19 13:48:21.694  8974  9088 I BootReceiver: Copying /data/tombstones/tombstone_05 to DropBox (SYSTEM_TOMBSTONE)
01-19 13:48:26.743 14162 14162 I chatty  : uid=1021(gps) /system/bin/lhd expire 4 lines
01-19 13:48:26.900  8974  9234 W NativeCrashListener: Couldn't find ProcessRecord for pid 14162
01-19 13:48:26.903  8974  9088 I BootReceiver: Copying /data/tombstones/tombstone_02 to DropBox (SYSTEM_TOMBSTONE)
01-19 13:48:30.863 14170 14170 I chatty  : uid=1021(gps) /system/bin/lhd expire 4 lines
01-19 13:48:30.987  8974  9234 W NativeCrashListener: Couldn't find ProcessRecord for pid 14170
01-19 13:48:30.989  8974  9088 I BootReceiver: Copying /data/tombstones/tombstone_00 to DropBox (SYSTEM_TOMBSTONE)
01-19 13:48:36.043 14182 14182 I chatty  : uid=1021(gps) /system/bin/lhd expire 4 lines
01-19 13:48:36.212  8974  9234 W NativeCrashListener: Couldn't find ProcessRecord for pid 14182
01-19 13:48:36.215  8974  9088 I BootReceiver: Copying /data/tombstones/tombstone_01 to DropBox (SYSTEM_TOMBSTONE)
01-19 13:48:41.263 14188 14188 I chatty  : uid=1021(gps) /system/bin/lhd expire 4 lines
01-19 13:48:41.423  8974  9234 W NativeCrashListener: Couldn't find ProcessRecord for pid 14188
01-19 13:48:41.426  8974  9088 I BootReceiver: Copying /data/tombstones/tombstone_06 to DropBox (SYSTEM_TOMBSTONE)
01-19 13:48:46.473 14194 14194 I chatty  : uid=1021(gps) /system/bin/lhd expire 4 lines
01-19 13:48:46.648  8974  9234 W NativeCrashListener: Couldn't find ProcessRecord for pid 14194
01-19 13:48:46.651  8974  9088 I BootReceiver: Copying /data/tombstones/tombstone_07 to DropBox (SYSTEM_TOMBSTONE)
01-19 13:48:51.703 14202 14202 I chatty  : uid=1021(gps) /system/bin/lhd expire 4 lines
01-19 13:48:51.873  8974  9234 W NativeCrashListener: Couldn't find ProcessRecord for pid 14202
01-19 13:48:51.877  8974  9088 I BootReceiver: Copying /data/tombstones/tombstone_08 to DropBox (SYSTEM_TOMBSTONE)
01-19 13:48:55.923 14208 14208 I chatty  : uid=1021(gps) /system/bin/lhd expire 4 lines
01-19 13:48:56.081  8974  9234 W NativeCrashListener: Couldn't find ProcessRecord for pid 14208
01-19 13:48:56.084  8974  9088 I BootReceiver: Copying /data/tombstones/tombstone_03 to DropBox (SYSTEM_TOMBSTONE)
01-19 13:49:01.133 14214 14214 I chatty  : uid=1021(gps) /system/bin/lhd expire 4 lines
01-19 13:49:01.300  8974  9234 W NativeCrashListener: Couldn't find ProcessRecord for pid 14214
01-19 13:49:01.304  8974  9088 I BootReceiver: Copying /data/tombstones/tombstone_09 to DropBox (SYSTEM_TOMBSTONE)
01-19 13:49:02.738  8974  9083 I ActivityManager: Killing 10191:com.android.onetimeinitializer/u0a17 (adj 904): empty for 2943s
01-19 13:49:02.740  8974  9083 I ActivityManager: Killing 10152:com.android.managedprovisioning/u0a16 (adj 904): empty for 2943s
01-19 13:49:02.741  8974  9083 I ActivityManager: Killing 9708:com.android.deskclock/u0a47 (adj 904): empty for 2944s
01-19 13:49:02.743  8974  9083 I ActivityManager: Killing 10046:com.android.carrierconfig/u0a4 (adj 906): empty for 2944s
01-19 13:49:02.745  8974  9083 I ActivityManager: Killing 10009:com.android.dialer/u0a18 (adj 906): empty for 2944s
01-19 13:49:02.746  8974  9083 I ActivityManager: Killing 9937:com.cyanogenmod.eleven/u0a15 (adj 906): empty for 2944s
01-19 13:49:02.781  8974  9618 I ActivityManager: Killing 10059:android.process.acore/u0a0 (adj 904): empty for 2943s
01-19 13:49:02.838  8974  9384 D ActivityManager: cleanUpApplicationRecord -- 9937
01-19 13:49:02.859  8974  9823 D ActivityManager: cleanUpApplicationRecord -- 10009
01-19 13:49:02.865  8974  9081 D ActivityManager: cleanUpApplicationRecord -- 10046
01-19 13:49:02.869  8974  9840 D ActivityManager: cleanUpApplicationRecord -- 9708
01-19 13:49:02.873  8974  9618 D ActivityManager: cleanUpApplicationRecord -- 10152
01-19 13:49:02.889  8974  9080 D ActivityManager: cleanUpApplicationRecord -- 10191
01-19 13:49:02.892  8974  9155 D ActivityManager: cleanUpApplicationRecord -- 10059
01-19 13:49:06.353 14227 14227 I chatty  : uid=1021(gps) /system/bin/lhd expire 4 lines
01-19 13:49:06.525  8974  9234 W NativeCrashListener: Couldn't find ProcessRecord for pid 14227
01-19 13:49:06.529  8974  9088 I BootReceiver: Copying /data/tombstones/tombstone_04 to DropBox (SYSTEM_TOMBSTONE)
01-19 13:49:11.583 14233 14233 I chatty  : uid=1021(gps) /system/bin/lhd expire 4 lines
01-19 13:49:11.740  8974  9234 W NativeCrashListener: Couldn't find ProcessRecord for pid 14233
01-19 13:49:11.743  8974  9088 I BootReceiver: Copying /data/tombstones/tombstone_05 to DropBox (SYSTEM_TOMBSTONE)
01-19 13:49:16.793 14239 14239 I chatty  : uid=1021(gps) /system/bin/lhd expire 4 lines
01-19 13:49:16.949  8974  9234 W NativeCrashListener: Couldn't find ProcessRecord for pid 14239
01-19 13:49:16.952  8974  9088 I BootReceiver: Copying /data/tombstones/tombstone_02 to DropBox (SYSTEM_TOMBSTONE)
01-19 13:49:21.003 14246 14246 I chatty  : uid=1021(gps) /system/bin/lhd expire 4 lines
01-19 13:49:21.158  8974  9234 W NativeCrashListener: Couldn't find ProcessRecord for pid 14246
01-19 13:49:21.161  8974  9088 I BootReceiver: Copying /data/tombstones/tombstone_00 to DropBox (SYSTEM_TOMBSTONE)
01-19 13:49:26.213 14252 14252 I chatty  : uid=1021(gps) /system/bin/lhd expire 4 lines
01-19 13:49:26.368  8974  9234 W NativeCrashListener: Couldn't find ProcessRecord for pid 14252
01-19 13:49:26.371  8974  9088 I BootReceiver: Copying /data/tombstones/tombstone_01 to DropBox (SYSTEM_TOMBSTONE)
01-19 13:49:31.423 14266 14266 I chatty  : uid=1021(gps) /system/bin/lhd expire 4 lines
01-19 13:49:31.544  8974  9234 W NativeCrashListener: Couldn't find ProcessRecord for pid 14266
01-19 13:49:31.546  8974  9088 I BootReceiver: Copying /data/tombstones/tombstone_06 to DropBox (SYSTEM_TOMBSTONE)
01-19 13:49:36.593 14272 14272 I chatty  : uid=1021(gps) /system/bin/lhd expire 4 lines
01-19 13:49:36.758  8974  9234 W NativeCrashListener: Couldn't find ProcessRecord for pid 14272
01-19 13:49:36.761  8974  9088 I BootReceiver: Copying /data/tombstones/tombstone_07 to DropBox (SYSTEM_TOMBSTONE)
01-19 13:49:41.813 14279 14279 I chatty  : uid=1021(gps) /system/bin/lhd expire 4 lines
01-19 13:49:41.970  8974  9234 W NativeCrashListener: Couldn't find ProcessRecord for pid 14279
01-19 13:49:41.973  8974  9088 I BootReceiver: Copying /data/tombstones/tombstone_08 to DropBox (SYSTEM_TOMBSTONE)
01-19 13:49:47.023 14285 14285 I chatty  : uid=1021(gps) /system/bin/lhd expire 4 lines
01-19 13:49:47.181  8974  9234 W NativeCrashListener: Couldn't find ProcessRecord for pid 14285
01-19 13:49:47.184  8974  9088 I BootReceiver: Copying /data/tombstones/tombstone_03 to DropBox (SYSTEM_TOMBSTONE)
01-19 13:49:52.233 14292 14292 I chatty  : uid=1021(gps) /system/bin/lhd expire 4 lines
01-19 13:49:52.392  8974  9234 W NativeCrashListener: Couldn't find ProcessRecord for pid 14292
01-19 13:49:52.395  8974  9088 I BootReceiver: Copying /data/tombstones/tombstone_09 to DropBox (SYSTEM_TOMBSTONE)
01-19 13:49:57.443 14298 14298 I chatty  : uid=1021(gps) /system/bin/lhd expire 4 lines
01-19 13:49:57.606  8974  9234 W NativeCrashListener: Couldn't find ProcessRecord for pid 14298
01-19 13:49:57.609  8974  9088 I BootReceiver: Copying /data/tombstones/tombstone_04 to DropBox (SYSTEM_TOMBSTONE)
01-19 13:50:02.663 14304 14304 I chatty  : uid=1021(gps) /system/bin/lhd expire 4 lines
01-19 13:50:02.822  8974  9234 W NativeCrashListener: Couldn't find ProcessRecord for pid 14304
01-19 13:50:02.825  8974  9088 I BootReceiver: Copying /data/tombstones/tombstone_05 to DropBox (SYSTEM_TOMBSTONE)
01-19 13:50:06.873 14310 14310 I chatty  : uid=1021(gps) /system/bin/lhd expire 4 lines
01-19 13:50:07.040  8974  9234 W NativeCrashListener: Couldn't find ProcessRecord for pid 14310
01-19 13:50:07.043  8974  9088 I BootReceiver: Copying /data/tombstones/tombstone_02 to DropBox (SYSTEM_TOMBSTONE)
01-19 13:50:12.093 14316 14316 I chatty  : uid=1021(gps) /system/bin/lhd expire 4 lines
01-19 13:50:12.249  8974  9234 W NativeCrashListener: Couldn't find ProcessRecord for pid 14316
01-19 13:50:12.252  8974  9088 I BootReceiver: Copying /data/tombstones/tombstone_00 to DropBox (SYSTEM_TOMBSTONE)
01-19 13:50:17.303 14323 14323 I chatty  : uid=1021(gps) /system/bin/lhd expire 4 lines
01-19 13:50:17.464  8974  9234 W NativeCrashListener: Couldn't find ProcessRecord for pid 14323
01-19 13:50:17.467  8974  9088 I BootReceiver: Copying /data/tombstones/tombstone_01 to DropBox (SYSTEM_TOMBSTONE)
01-19 13:50:22.513 14329 14329 I chatty  : uid=1021(gps) /system/bin/lhd expire 4 lines
01-19 13:50:22.682  8974  9234 W NativeCrashListener: Couldn't find ProcessRecord for pid 14329
01-19 13:50:22.685  8974  9088 I BootReceiver: Copying /data/tombstones/tombstone_06 to DropBox (SYSTEM_TOMBSTONE)
01-19 13:50:27.743 14336 14336 I chatty  : uid=1021(gps) /system/bin/lhd expire 4 lines
01-19 13:50:27.902  8974  9234 W NativeCrashListener: Couldn't find ProcessRecord for pid 14336
01-19 13:50:27.904  8974  9088 I BootReceiver: Copying /data/tombstones/tombstone_07 to DropBox (SYSTEM_TOMBSTONE)
01-19 13:50:31.953 14342 14342 I chatty  : uid=1021(gps) /system/bin/lhd expire 4 lines
01-19 13:50:32.110  8974  9234 W NativeCrashListener: Couldn't find ProcessRecord for pid 14342
01-19 13:50:32.113  8974  9088 I BootReceiver: Copying /data/tombstones/tombstone_08 to DropBox (SYSTEM_TOMBSTONE)
01-19 13:50:37.163 14348 14348 I chatty  : uid=1021(gps) /system/bin/lhd expire 4 lines
01-19 13:50:37.325  8974  9234 W NativeCrashListener: Couldn't find ProcessRecord for pid 14348
01-19 13:50:37.327  8974  9088 I BootReceiver: Copying /data/tombstones/tombstone_03 to DropBox (SYSTEM_TOMBSTONE)
01-19 13:50:42.383 14355 14355 I chatty  : uid=1021(gps) /system/bin/lhd expire 4 lines
01-19 13:50:42.538  8974  9234 W NativeCrashListener: Couldn't find ProcessRecord for pid 14355
01-19 13:50:42.541  8974  9088 I BootReceiver: Copying /data/tombstones/tombstone_09 to DropBox (SYSTEM_TOMBSTONE)
01-19 13:50:47.593 14362 14362 I chatty  : uid=1021(gps) /system/bin/lhd expire 4 lines
01-19 13:50:47.754  8974  9234 W NativeCrashListener: Couldn't find ProcessRecord for pid 14362
01-19 13:50:47.756  8974  9088 I BootReceiver: Copying /data/tombstones/tombstone_04 to DropBox (SYSTEM_TOMBSTONE)
01-19 13:50:52.843 14368 14368 I chatty  : uid=1021(gps) /system/bin/lhd expire 4 lines
01-19 13:50:52.973  8974  9234 W NativeCrashListener: Couldn't find ProcessRecord for pid 14368
01-19 13:50:52.976  8974  9088 I BootReceiver: Copying /data/tombstones/tombstone_05 to DropBox (SYSTEM_TOMBSTONE)
01-19 13:50:57.023 14374 14374 I chatty  : uid=1021(gps) /system/bin/lhd expire 4 lines
01-19 13:50:57.193  8974  9234 W NativeCrashListener: Couldn't find ProcessRecord for pid 14374
01-19 13:50:57.196  8974  9088 I BootReceiver: Copying /data/tombstones/tombstone_02 to DropBox (SYSTEM_TOMBSTONE)
01-19 13:51:02.243 14380 14380 I chatty  : uid=1021(gps) /system/bin/lhd expire 4 lines
01-19 13:51:02.405  8974  9234 W NativeCrashListener: Couldn't find ProcessRecord for pid 14380
01-19 13:51:02.408  8974  9088 I BootReceiver: Copying /data/tombstones/tombstone_00 to DropBox (SYSTEM_TOMBSTONE)
01-19 13:51:07.463 14386 14386 I chatty  : uid=1021(gps) /system/bin/lhd expire 4 lines
01-19 13:51:07.622  8974  9234 W NativeCrashListener: Couldn't find ProcessRecord for pid 14386
01-19 13:51:07.625  8974  9088 I BootReceiver: Copying /data/tombstones/tombstone_01 to DropBox (SYSTEM_TOMBSTONE)
01-19 13:51:12.673 14392 14392 I chatty  : uid=1021(gps) /system/bin/lhd expire 4 lines
01-19 13:51:12.833  8974  9234 W NativeCrashListener: Couldn't find ProcessRecord for pid 14392
01-19 13:51:12.836  8974  9088 I BootReceiver: Copying /data/tombstones/tombstone_06 to DropBox (SYSTEM_TOMBSTONE)
01-19 13:51:16.883 14398 14398 I chatty  : uid=1021(gps) /system/bin/lhd expire 4 lines
01-19 13:51:17.050  8974  9234 W NativeCrashListener: Couldn't find ProcessRecord for pid 14398
01-19 13:51:17.053  8974  9088 I BootReceiver: Copying /data/tombstones/tombstone_07 to DropBox (SYSTEM_TOMBSTONE)
01-19 13:51:22.103 14405 14405 I chatty  : uid=1021(gps) /system/bin/lhd expire 4 lines
01-19 13:51:22.265  8974  9234 W NativeCrashListener: Couldn't find ProcessRecord for pid 14405
01-19 13:51:22.268  8974  9088 I BootReceiver: Copying /data/tombstones/tombstone_08 to DropBox (SYSTEM_TOMBSTONE)
01-19 13:51:27.323 14411 14411 I chatty  : uid=1021(gps) /system/bin/lhd expire 4 lines
01-19 13:51:27.481  8974  9234 W NativeCrashListener: Couldn't find ProcessRecord for pid 14411
01-19 13:51:27.484  8974  9088 I BootReceiver: Copying /data/tombstones/tombstone_03 to DropBox (SYSTEM_TOMBSTONE)
01-19 13:51:32.533 14417 14417 I chatty  : uid=1021(gps) /system/bin/lhd expire 4 lines
01-19 13:51:32.695  8974  9234 W NativeCrashListener: Couldn't find ProcessRecord for pid 14417
01-19 13:51:32.698  8974  9088 I BootReceiver: Copying /data/tombstones/tombstone_09 to DropBox (SYSTEM_TOMBSTONE)
01-19 13:51:37.693 14430 14430 I chatty  : uid=1021(gps) /system/bin/lhd expire 4 lines
01-19 13:51:37.849  8974  9234 W NativeCrashListener: Couldn't find ProcessRecord for pid 14430
01-19 13:51:37.852  8974  9088 I BootReceiver: Copying /data/tombstones/tombstone_04 to DropBox (SYSTEM_TOMBSTONE)
01-19 13:51:41.903 14436 14436 I chatty  : uid=1021(gps) /system/bin/lhd expire 4 lines
01-19 13:51:42.064  8974  9234 W NativeCrashListener: Couldn't find ProcessRecord for pid 14436
01-19 13:51:42.067  8974  9088 I BootReceiver: Copying /data/tombstones/tombstone_05 to DropBox (SYSTEM_TOMBSTONE)
01-19 13:51:47.113 14442 14442 I chatty  : uid=1021(gps) /system/bin/lhd expire 4 lines
01-19 13:51:47.281  8974  9234 W NativeCrashListener: Couldn't find ProcessRecord for pid 14442
01-19 13:51:47.285  8974  9088 I BootReceiver: Copying /data/tombstones/tombstone_02 to DropBox (SYSTEM_TOMBSTONE)
01-19 13:51:52.333 14450 14450 I chatty  : uid=1021(gps) /system/bin/lhd expire 4 lines
01-19 13:51:52.489  8974  9234 W NativeCrashListener: Couldn't find ProcessRecord for pid 14450
01-19 13:51:52.492  8974  9088 I BootReceiver: Copying /data/tombstones/tombstone_00 to DropBox (SYSTEM_TOMBSTONE)
01-19 13:51:57.543 14456 14456 I chatty  : uid=1021(gps) /system/bin/lhd expire 4 lines
01-19 13:51:57.700  8974  9234 W NativeCrashListener: Couldn't find ProcessRecord for pid 14456
01-19 13:51:57.703  8974  9088 I BootReceiver: Copying /data/tombstones/tombstone_01 to DropBox (SYSTEM_TOMBSTONE)
01-19 13:52:02.753 14462 14462 I chatty  : uid=1021(gps) /system/bin/lhd expire 4 lines
