01-19 13:52:02.855  8974  9234 W NativeCrashListener: Couldn't find ProcessRecord for pid 14462
01-19 13:52:02.857  8974  9088 I BootReceiver: Copying /data/tombstones/tombstone_06 to DropBox (SYSTEM_TOMBSTONE)
01-19 13:52:06.903 14468 14468 I chatty  : uid=1021(gps) /system/bin/lhd expire 4 lines
01-19 13:52:07.063  8974  9234 W NativeCrashListener: Couldn't find ProcessRecord for pid 14468
01-19 13:52:07.065  8974  9088 I BootReceiver: Copying /data/tombstones/tombstone_07 to DropBox (SYSTEM_TOMBSTONE)
01-19 13:52:12.113 14474 14474 I chatty  : uid=1021(gps) /system/bin/lhd expire 4 lines
01-19 13:52:12.283  8974  9234 W NativeCrashListener: Couldn't find ProcessRecord for pid 14474
01-19 13:52:12.286  8974  9088 I BootReceiver: Copying /data/tombstones/tombstone_08 to DropBox (SYSTEM_TOMBSTONE)
01-19 13:52:17.333 14480 14480 I chatty  : uid=1021(gps) /system/bin/lhd expire 4 lines
01-19 13:52:17.499  8974  9234 W NativeCrashListener: Couldn't find ProcessRecord for pid 14480
01-19 13:52:17.502  8974  9088 I BootReceiver: Copying /data/tombstones/tombstone_03 to DropBox (SYSTEM_TOMBSTONE)
01-19 13:52:22.553 14487 14487 I chatty  : uid=1021(gps) /system/bin/lhd expire 4 lines
01-19 13:52:22.715  8974  9234 W NativeCrashListener: Couldn't find ProcessRecord for pid 14487
01-19 13:52:22.717  8974  9088 I BootReceiver: Copying /data/tombstones/tombstone_09 to DropBox (SYSTEM_TOMBSTONE)
01-19 13:52:27.773 14493 14493 I chatty  : uid=1021(gps) /system/bin/lhd expire 4 lines
01-19 13:52:27.927  8974  9234 W NativeCrashListener: Couldn't find ProcessRecord for pid 14493
01-19 13:52:27.930  8974  9088 I BootReceiver: Copying /data/tombstones/tombstone_04 to DropBox (SYSTEM_TOMBSTONE)
01-19 13:52:31.983 14499 14499 I chatty  : uid=1021(gps) /system/bin/lhd expire 4 lines
01-19 13:52:32.136  8974  9234 W NativeCrashListener: Couldn't find ProcessRecord for pid 14499
01-19 13:52:32.139  8974  9088 I BootReceiver: Copying /data/tombstones/tombstone_05 to DropBox (SYSTEM_TOMBSTONE)
01-19 13:52:37.193 14505 14505 I chatty  : uid=1021(gps) /system/bin/lhd expire 4 lines
01-19 13:52:37.348  8974  9234 W NativeCrashListener: Couldn't find ProcessRecord for pid 14505
01-19 13:52:37.351  8974  9088 I BootReceiver: Copying /data/tombstones/tombstone_02 to DropBox (SYSTEM_TOMBSTONE)
01-19 13:52:42.403 14511 14511 I chatty  : uid=1021(gps) /system/bin/lhd expire 4 lines
01-19 13:52:42.558  8974  9234 W NativeCrashListener: Couldn't find ProcessRecord for pid 14511
01-19 13:52:42.561  8974  9088 I BootReceiver: Copying /data/tombstones/tombstone_00 to DropBox (SYSTEM_TOMBSTONE)
01-19 13:52:47.613 14518 14518 I chatty  : uid=1021(gps) /system/bin/lhd expire 4 lines
01-19 13:52:47.775  8974  9234 W NativeCrashListener: Couldn't find ProcessRecord for pid 14518
01-19 13:52:47.777  8974  9088 I BootReceiver: Copying /data/tombstones/tombstone_01 to DropBox (SYSTEM_TOMBSTONE)
01-19 13:52:51.823 14524 14524 I chatty  : uid=1021(gps) /system/bin/lhd expire 4 lines
01-19 13:52:51.985  8974  9234 W NativeCrashListener: Couldn't find ProcessRecord for pid 14524
01-19 13:52:51.988  8974  9088 I BootReceiver: Copying /data/tombstones/tombstone_06 to DropBox (SYSTEM_TOMBSTONE)
01-19 13:52:57.043 14530 14530 I chatty  : uid=1021(gps) /system/bin/lhd expire 4 lines
01-19 13:52:57.199  8974  9234 W NativeCrashListener: Couldn't find ProcessRecord for pid 14530
01-19 13:52:57.202  8974  9088 I BootReceiver: Copying /data/tombstones/tombstone_07 to DropBox (SYSTEM_TOMBSTONE)
01-19 13:53:02.253 14536 14536 I chatty  : uid=1021(gps) /system/bin/lhd expire 4 lines
01-19 13:53:02.409  8974  9234 W NativeCrashListener: Couldn't find ProcessRecord for pid 14536
01-19 13:53:02.412  8974  9088 I BootReceiver: Copying /data/tombstones/tombstone_08 to DropBox (SYSTEM_TOMBSTONE)
01-19 13:53:07.463 14542 14542 I chatty  : uid=1021(gps) /system/bin/lhd expire 4 lines
01-19 13:53:07.624  8974  9234 W NativeCrashListener: Couldn't find ProcessRecord for pid 14542
01-19 13:53:07.627  8974  9088 I BootReceiver: Copying /data/tombstones/tombstone_03 to DropBox (SYSTEM_TOMBSTONE)
01-19 13:53:12.673 14548 14548 I chatty  : uid=1021(gps) /system/bin/lhd expire 4 lines
01-19 13:53:12.842  8974  9234 W NativeCrashListener: Couldn't find ProcessRecord for pid 14548
01-19 13:53:12.845  8974  9088 I BootReceiver: Copying /data/tombstones/tombstone_09 to DropBox (SYSTEM_TOMBSTONE)
01-19 13:53:16.893 14554 14554 I chatty  : uid=1021(gps) /system/bin/lhd expire 4 lines
01-19 13:53:17.049  8974  9234 W NativeCrashListener: Couldn't find ProcessRecord for pid 14554
01-19 13:53:17.052  8974  9088 I BootReceiver: Copying /data/tombstones/tombstone_04 to DropBox (SYSTEM_TOMBSTONE)
01-19 13:53:22.103 14561 14561 I chatty  : uid=1021(gps) /system/bin/lhd expire 4 lines
01-19 13:53:22.271  8974  9234 W NativeCrashListener: Couldn't find ProcessRecord for pid 14561
01-19 13:53:22.274  8974  9088 I BootReceiver: Copying /data/tombstones/tombstone_05 to DropBox (SYSTEM_TOMBSTONE)
01-19 13:53:27.323 14567 14567 I chatty  : uid=1021(gps) /system/bin/lhd expire 4 lines
01-19 13:53:27.482  8974  9234 W NativeCrashListener: Couldn't find ProcessRecord for pid 14567
01-19 13:53:27.485  8974  9088 I BootReceiver: Copying /data/tombstones/tombstone_02 to DropBox (SYSTEM_TOMBSTONE)
01-19 13:53:32.533 14573 14573 I chatty  : uid=1021(gps) /system/bin/lhd expire 4 lines
01-19 13:53:32.701  8974  9234 W NativeCrashListener: Couldn't find ProcessRecord for pid 14573
01-19 13:53:32.705  8974  9088 I BootReceiver: Copying /data/tombstones/tombstone_00 to DropBox (SYSTEM_TOMBSTONE)
01-19 13:53:37.753 14579 14579 I chatty  : uid=1021(gps) /system/bin/lhd expire 4 lines
01-19 13:53:37.921  8974  9234 W NativeCrashListener: Couldn't find ProcessRecord for pid 14579
01-19 13:53:37.924  8974  9088 I BootReceiver: Copying /data/tombstones/tombstone_01 to DropBox (SYSTEM_TOMBSTONE)
01-19 13:53:41.973 14585 14585 I chatty  : uid=1021(gps) /system/bin/lhd expire 4 lines
01-19 13:53:42.132  8974  9234 W NativeCrashListener: Couldn't find ProcessRecord for pid 14585
01-19 13:53:42.135  8974  9088 I BootReceiver: Copying /data/tombstones/tombstone_06 to DropBox (SYSTEM_TOMBSTONE)
01-19 13:53:47.183 14591 14591 I chatty  : uid=1021(gps) /system/bin/lhd expire 4 lines
01-19 13:53:47.341  8974  9234 W NativeCrashListener: Couldn't find ProcessRecord for pid 14591
01-19 13:53:47.344  8974  9088 I BootReceiver: Copying /data/tombstones/tombstone_07 to DropBox (SYSTEM_TOMBSTONE)
01-19 13:53:52.393 14598 14598 I chatty  : uid=1021(gps) /system/bin/lhd expire 4 lines
01-19 13:53:52.561  8974  9234 W NativeCrashListener: Couldn't find ProcessRecord for pid 14598
01-19 13:53:52.564  8974  9088 I BootReceiver: Copying /data/tombstones/tombstone_08 to DropBox (SYSTEM_TOMBSTONE)
01-19 13:53:57.613 14604 14604 I chatty  : uid=1021(gps) /system/bin/lhd expire 4 lines
01-19 13:53:57.790  8974  9234 W NativeCrashListener: Couldn't find ProcessRecord for pid 14604
01-19 13:53:57.794  8974  9088 I BootReceiver: Copying /data/tombstones/tombstone_03 to DropBox (SYSTEM_TOMBSTONE)
01-19 13:54:01.843 14610 14610 I chatty  : uid=1021(gps) /system/bin/lhd expire 4 lines
01-19 13:54:02.003  8974  9234 W NativeCrashListener: Couldn't find ProcessRecord for pid 14610
01-19 13:54:02.006  8974  9088 I BootReceiver: Copying /data/tombstones/tombstone_09 to DropBox (SYSTEM_TOMBSTONE)
01-19 13:54:07.053 14616 14616 I chatty  : uid=1021(gps) /system/bin/lhd expire 4 lines
01-19 13:54:07.220  8974  9234 W NativeCrashListener: Couldn't find ProcessRecord for pid 14616
01-19 13:54:07.223  8974  9088 I BootReceiver: Copying /data/tombstones/tombstone_04 to DropBox (SYSTEM_TOMBSTONE)
01-19 13:54:12.273 14622 14622 I chatty  : uid=1021(gps) /system/bin/lhd expire 4 lines
01-19 13:54:12.445  8974  9234 W NativeCrashListener: Couldn't find ProcessRecord for pid 14622
01-19 13:54:12.449  8974  9088 I BootReceiver: Copying /data/tombstones/tombstone_05 to DropBox (SYSTEM_TOMBSTONE)
01-19 13:54:17.513 14629 14629 I chatty  : uid=1021(gps) /system/bin/lhd expire 4 lines
01-19 13:54:17.680  8974  9234 W NativeCrashListener: Couldn't find ProcessRecord for pid 14629
01-19 13:54:17.683  8974  9088 I BootReceiver: Copying /data/tombstones/tombstone_02 to DropBox (SYSTEM_TOMBSTONE)
01-19 13:54:22.733 14641 14641 I chatty  : uid=1021(gps) /system/bin/lhd expire 4 lines
01-19 13:54:22.898  8974  9234 W NativeCrashListener: Couldn't find ProcessRecord for pid 14641
01-19 13:54:22.901  8974  9088 I BootReceiver: Copying /data/tombstones/tombstone_00 to DropBox (SYSTEM_TOMBSTONE)
01-19 13:54:26.953 14648 14648 I chatty  : uid=1021(gps) /system/bin/lhd expire 4 lines
01-19 13:54:27.120  8974  9234 W NativeCrashListener: Couldn't find ProcessRecord for pid 14648
01-19 13:54:27.124  8974  9088 I BootReceiver: Copying /data/tombstones/tombstone_01 to DropBox (SYSTEM_TOMBSTONE)
01-19 13:54:32.173 14655 14655 I chatty  : uid=1021(gps) /system/bin/lhd expire 4 lines
01-19 13:54:32.349  8974  9234 W NativeCrashListener: Couldn't find ProcessRecord for pid 14655
01-19 13:54:32.353  8974  9088 I BootReceiver: Copying /data/tombstones/tombstone_06 to DropBox (SYSTEM_TOMBSTONE)
01-19 13:54:37.453 14668 14668 I chatty  : uid=1021(gps) /system/bin/lhd expire 4 lines
01-19 13:54:37.611  8974  9234 W NativeCrashListener: Couldn't find ProcessRecord for pid 14668
01-19 13:54:37.614  8974  9088 I BootReceiver: Copying /data/tombstones/tombstone_07 to DropBox (SYSTEM_TOMBSTONE)
01-19 13:54:42.663 14674 14674 I chatty  : uid=1021(gps) /system/bin/lhd expire 4 lines
01-19 13:54:42.822  8974  9234 W NativeCrashListener: Couldn't find ProcessRecord for pid 14674
01-19 13:54:42.825  8974  9088 I BootReceiver: Copying /data/tombstones/tombstone_08 to DropBox (SYSTEM_TOMBSTONE)
01-19 13:54:46.883 14680 14680 I chatty  : uid=1021(gps) /system/bin/lhd expire 4 lines
01-19 13:54:47.050  8974  9234 W NativeCrashListener: Couldn't find ProcessRecord for pid 14680
01-19 13:54:47.053  8974  9088 I BootReceiver: Copying /data/tombstones/tombstone_03 to DropBox (SYSTEM_TOMBSTONE)
01-19 13:54:52.103 14688 14688 I chatty  : uid=1021(gps) /system/bin/lhd expire 4 lines
01-19 13:54:52.266  8974  9234 W NativeCrashListener: Couldn't find ProcessRecord for pid 14688
01-19 13:54:52.269  8974  9088 I BootReceiver: Copying /data/tombstones/tombstone_09 to DropBox (SYSTEM_TOMBSTONE)
01-19 13:54:57.323 14694 14694 I chatty  : uid=1021(gps) /system/bin/lhd expire 4 lines
01-19 13:54:57.478  8974  9234 W NativeCrashListener: Couldn't find ProcessRecord for pid 14694
01-19 13:54:57.481  8974  9088 I BootReceiver: Copying /data/tombstones/tombstone_04 to DropBox (SYSTEM_TOMBSTONE)
01-19 13:55:02.533 14700 14700 I chatty  : uid=1021(gps) /system/bin/lhd expire 4 lines
01-19 13:55:02.703  8974  9234 W NativeCrashListener: Couldn't find ProcessRecord for pid 14700
01-19 13:55:02.706  8974  9088 I BootReceiver: Copying /data/tombstones/tombstone_05 to DropBox (SYSTEM_TOMBSTONE)
01-19 13:55:07.753 14706 14706 I chatty  : uid=1021(gps) /system/bin/lhd expire 4 lines
01-19 13:55:07.921  8974  9234 W NativeCrashListener: Couldn't find ProcessRecord for pid 14706
01-19 13:55:07.923  8974  9088 I BootReceiver: Copying /data/tombstones/tombstone_02 to DropBox (SYSTEM_TOMBSTONE)
01-19 13:55:11.973 14713 14713 I chatty  : uid=1021(gps) /system/bin/lhd expire 4 lines
01-19 13:55:12.134  8974  9234 W NativeCrashListener: Couldn't find ProcessRecord for pid 14713
01-19 13:55:12.137  8974  9088 I BootReceiver: Copying /data/tombstones/tombstone_00 to DropBox (SYSTEM_TOMBSTONE)
01-19 13:55:17.183 14719 14719 I chatty  : uid=1021(gps) /system/bin/lhd expire 4 lines
01-19 13:55:17.346  8974  9234 W NativeCrashListener: Couldn't find ProcessRecord for pid 14719
01-19 13:55:17.349  8974  9088 I BootReceiver: Copying /data/tombstones/tombstone_01 to DropBox (SYSTEM_TOMBSTONE)
01-19 13:55:22.393 14726 14726 I chatty  : uid=1021(gps) /system/bin/lhd expire 4 lines
01-19 13:55:22.560  8974  9234 W NativeCrashListener: Couldn't find ProcessRecord for pid 14726
01-19 13:55:22.563  8974  9088 I BootReceiver: Copying /data/tombstones/tombstone_06 to DropBox (SYSTEM_TOMBSTONE)
01-19 13:55:27.613 14732 14732 I chatty  : uid=1021(gps) /system/bin/lhd expire 4 lines
01-19 13:55:27.786  8974  9234 W NativeCrashListener: Couldn't find ProcessRecord for pid 14732
01-19 13:55:27.789  8974  9088 I BootReceiver: Copying /data/tombstones/tombstone_07 to DropBox (SYSTEM_TOMBSTONE)
01-19 13:55:31.843 14739 14739 I chatty  : uid=1021(gps) /system/bin/lhd expire 4 lines
01-19 13:55:32.003  8974  9234 W NativeCrashListener: Couldn't find ProcessRecord for pid 14739
01-19 13:55:32.006  8974  9088 I BootReceiver: Copying /data/tombstones/tombstone_08 to DropBox (SYSTEM_TOMBSTONE)
01-19 13:55:37.053 14745 14745 I chatty  : uid=1021(gps) /system/bin/lhd expire 4 lines
01-19 13:55:37.222  8974  9234 W NativeCrashListener: Couldn't find ProcessRecord for pid 14745
01-19 13:55:37.225  8974  9088 I BootReceiver: Copying /data/tombstones/tombstone_03 to DropBox (SYSTEM_TOMBSTONE)
01-19 13:55:42.273 14752 14752 I chatty  : uid=1021(gps) /system/bin/lhd expire 4 lines
01-19 13:55:42.440  8974  9234 W NativeCrashListener: Couldn't find ProcessRecord for pid 14752
01-19 13:55:42.444  8974  9088 I BootReceiver: Copying /data/tombstones/tombstone_09 to DropBox (SYSTEM_TOMBSTONE)
01-19 13:55:47.493 14758 14758 I chatty  : uid=1021(gps) /system/bin/lhd expire 4 lines
01-19 13:55:47.673  8974  9234 W NativeCrashListener: Couldn't find ProcessRecord for pid 14758
01-19 13:55:47.679  8974  9088 I BootReceiver: Copying /data/tombstones/tombstone_04 to DropBox (SYSTEM_TOMBSTONE)
01-19 13:55:52.723 14765 14765 I chatty  : uid=1021(gps) /system/bin/lhd expire 4 lines
01-19 13:55:52.899  8974  9234 W NativeCrashListener: Couldn't find ProcessRecord for pid 14765
01-19 13:55:52.902  8974  9088 I BootReceiver: Copying /data/tombstones/tombstone_05 to DropBox (SYSTEM_TOMBSTONE)
01-19 13:55:56.953 14771 14771 I chatty  : uid=1021(gps) /system/bin/lhd expire 4 lines
01-19 13:55:57.111  8974  9234 W NativeCrashListener: Couldn't find ProcessRecord for pid 14771
01-19 13:55:57.114  8974  9088 I BootReceiver: Copying /data/tombstones/tombstone_02 to DropBox (SYSTEM_TOMBSTONE)
01-19 13:55:59.059  8974  9130 I PowerManagerService: Waking up from dozing (uid 1000)...
01-19 13:55:59.061  8974  8974 V KeyguardServiceDelegate: onStartedWakingUp()
01-19 13:55:59.062  8974  9093 I DisplayPowerController: Blocking screen on until initial contents have been drawn.
01-19 13:55:59.064  8974  9093 V KeyguardServiceDelegate: onScreenTurnedOn(showListener = com.android.server.policy.PhoneWindowManager$2@c84d11c)
01-19 13:55:59.066  8974  9194 V PowerHAL SEC: power_set_interactive: 1
01-19 13:55:59.082  8974  9840 D Sensors : M requested delay = 20000000, modified delay = 0
01-19 13:55:59.083  8974  9840 I Sensors : Proximity old sensor_state 0, new sensor_state : 128 en : 1
01-19 13:55:59.115  8974  9839 V KeyguardServiceDelegate: **** SHOWN CALLED ****
01-19 13:55:59.139  8974  9194 V PowerHAL SEC: power_set_interactive: 1 done
01-19 13:55:59.139  8974  9194 D PowerManagerService-JNI: Excessive delay in setInteractive(true) while turning screen on: 73ms
01-19 13:55:59.143  8974  9091 I DisplayManagerService: Display device changed state: "Built-in Screen", ON
01-19 13:55:59.149  8974  9091 W LocalDisplayAdapter: Unable to find color mode 0, ignoring request.
01-19 13:55:59.182  8974  9084 I Sensors : Acc old sensor_state 128, new sensor_state : 129 en : 1
01-19 13:55:59.191  8974  9093 I DisplayPowerController: Unblocked screen on after 128 ms
01-19 13:55:59.191  8974  9093 V KeyguardServiceDelegate: onScreenTurnedOn()
01-19 13:55:59.191  8974  9093 I VrManagerService: VR mode is allowed
01-19 13:55:59.192  8974  9093 I DreamManagerService: Gently waking up from dream.
01-19 13:55:59.201  8974  9384 I DreamManagerService: Leaving dreamland.
01-19 13:55:59.202  8974  9089 I DreamController: Stopping dream: name=ComponentInfo{com.android.systemui/com.android.systemui.doze.DozeService}, isTest=false, canDoze=true, userId=0
01-19 13:55:59.318  9771 14780 I chatty  : uid=1027(nfc) com.android.nfc expire 26 lines
01-19 13:55:59.318  9771  9914 I chatty  : uid=1027(nfc) com.android.nfc expire 93 lines
01-19 13:55:59.326  9771  9954 I chatty  : uid=1027(nfc) com.android.nfc expire 42 lines
01-19 13:55:59.390  8974  9194 D SurfaceControl: Excessive delay in setPowerMode(): 249ms
01-19 13:55:59.420  9771  9953 I chatty  : uid=1027(nfc) com.android.nfc expire 3 lines
01-19 13:55:59.431  8775  8775 I chatty  : uid=1000(system) /system/bin/surfaceflinger expire 71 lines
01-19 13:55:59.615  8974  9837 I PowerManagerService: Going to sleep by application request (uid 10033)...
01-19 13:55:59.619  8974  9093 I DreamManagerService: Entering dreamland.
01-19 13:55:59.620  8974  9093 I PowerManagerService: Dozing...
01-19 13:55:59.622  8974  9089 I DreamController: Starting dream: name=ComponentInfo{com.android.systemui/com.android.systemui.doze.DozeService}, isTest=false, canDoze=true, userId=0
01-19 13:55:59.689  8974  9093 I Sensors : Acc old sensor_state 129, new sensor_state : 128 en : 0
01-19 13:55:59.690  8974  9093 V KeyguardServiceDelegate: onScreenTurnedOff()
01-19 13:55:59.690  8974  9093 I VrManagerService: VR mode is disallowed
01-19 13:55:59.692  8974  9080 I Sensors : Proximity old sensor_state 128, new sensor_state : 0 en : 0
01-19 13:55:59.728  8974  9091 I DisplayManagerService: Display device changed state: "Built-in Screen", OFF
01-19 13:55:59.738  8974  9091 W LocalDisplayAdapter: Unable to find color mode 0, ignoring request.
01-19 13:55:59.889  8974  9194 D SurfaceControl: Excessive delay in setPowerMode(): 160ms
01-19 13:55:59.890  8974  9194 V PowerHAL SEC: power_set_interactive: 0
01-19 13:55:59.901  8974  9194 V PowerHAL SEC: power_set_interactive: 0 done
01-19 13:55:59.924  9219  9219 D PhoneStatusBar: disable: < expand ICONS alerts SYSTEM_INFO back HOME RECENT clock SEARCH quick_settings >
01-19 13:55:59.932  9958  9958 D WeatherUpdateService: onCreate
01-19 13:55:59.943  9958  9958 D WeatherUpdateService: Service started, but shouldn't update ... stopping
01-19 13:55:59.950  9958  9958 D WeatherUpdateService: onDestroy
01-19 13:55:59.958  8974  9140 I WifiConnectivityManager: start a single scan from watchdogHandler
01-19 13:55:59.959  8974  9140 I WifiConnectivityManager: scheduleWatchdogTimer
01-19 13:55:59.988  9771 14805 I chatty  : uid=1027(nfc) com.android.nfc expire 12 lines
01-19 13:56:00.104  8974  9084 I WindowManager: OverscanTimeout run
01-19 13:56:01.240  9771 14784 I chatty  : uid=1027(nfc) com.android.nfc expire 1 line
01-19 13:56:02.163 14807 14807 I chatty  : uid=1021(gps) /system/bin/lhd expire 4 lines
01-19 13:56:02.173  2944  2944 I chatty  : uid=0(root) /system/bin/debuggerd64 expire 121 lines
01-19 13:56:02.340  8974  9234 W NativeCrashListener: Couldn't find ProcessRecord for pid 14807
01-19 13:56:02.344  8974  9088 I BootReceiver: Copying /data/tombstones/tombstone_00 to DropBox (SYSTEM_TOMBSTONE)
01-19 13:56:07.393 14813 14813 I chatty  : uid=1021(gps) /system/bin/lhd expire 4 lines
01-19 13:56:07.560  8974  9234 W NativeCrashListener: Couldn't find ProcessRecord for pid 14813
01-19 13:56:07.563  8974  9088 I BootReceiver: Copying /data/tombstones/tombstone_01 to DropBox (SYSTEM_TOMBSTONE)
01-19 13:56:12.613 14819 14819 I chatty  : uid=1021(gps) /system/bin/lhd expire 4 lines
01-19 13:56:12.771  8974  9234 W NativeCrashListener: Couldn't find ProcessRecord for pid 14819
01-19 13:56:12.774  8974  9088 I BootReceiver: Copying /data/tombstones/tombstone_06 to DropBox (SYSTEM_TOMBSTONE)
01-19 13:56:16.823 14825 14825 I chatty  : uid=1021(gps) /system/bin/lhd expire 4 lines
01-19 13:56:16.980  8974  9234 W NativeCrashListener: Couldn't find ProcessRecord for pid 14825
01-19 13:56:16.983  8974  9088 I BootReceiver: Copying /data/tombstones/tombstone_07 to DropBox (SYSTEM_TOMBSTONE)
01-19 13:56:22.033 14832 14832 I chatty  : uid=1021(gps) /system/bin/lhd expire 4 lines
01-19 13:56:22.189  8974  9234 W NativeCrashListener: Couldn't find ProcessRecord for pid 14832
01-19 13:56:22.192  8974  9088 I BootReceiver: Copying /data/tombstones/tombstone_08 to DropBox (SYSTEM_TOMBSTONE)
01-19 13:56:27.243 14838 14838 I chatty  : uid=1021(gps) /system/bin/lhd expire 4 lines
01-19 13:56:27.405  8974  9234 W NativeCrashListener: Couldn't find ProcessRecord for pid 14838
01-19 13:56:27.408  8974  9088 I BootReceiver: Copying /data/tombstones/tombstone_03 to DropBox (SYSTEM_TOMBSTONE)
01-19 13:56:32.463 14844 14844 I chatty  : uid=1021(gps) /system/bin/lhd expire 4 lines
01-19 13:56:32.618  8974  9234 W NativeCrashListener: Couldn't find ProcessRecord for pid 14844
01-19 13:56:32.621  8974  9088 I BootReceiver: Copying /data/tombstones/tombstone_09 to DropBox (SYSTEM_TOMBSTONE)
01-19 13:56:37.673 14850 14850 I chatty  : uid=1021(gps) /system/bin/lhd expire 4 lines
01-19 13:56:37.835  8974  9234 W NativeCrashListener: Couldn't find ProcessRecord for pid 14850
01-19 13:56:37.838  8974  9088 I BootReceiver: Copying /data/tombstones/tombstone_04 to DropBox (SYSTEM_TOMBSTONE)
01-19 13:56:41.883 14856 14856 I chatty  : uid=1021(gps) /system/bin/lhd expire 4 lines
01-19 13:56:42.045  8974  9234 W NativeCrashListener: Couldn't find ProcessRecord for pid 14856
01-19 13:56:42.047  8974  9088 I BootReceiver: Copying /data/tombstones/tombstone_05 to DropBox (SYSTEM_TOMBSTONE)
01-19 13:56:47.103 14862 14862 I chatty  : uid=1021(gps) /system/bin/lhd expire 4 lines
01-19 13:56:47.264  8974  9234 W NativeCrashListener: Couldn't find ProcessRecord for pid 14862
01-19 13:56:47.267  8974  9088 I BootReceiver: Copying /data/tombstones/tombstone_02 to DropBox (SYSTEM_TOMBSTONE)
01-19 13:56:52.313 14869 14869 I chatty  : uid=1021(gps) /system/bin/lhd expire 4 lines
01-19 13:56:52.482  8974  9234 W NativeCrashListener: Couldn't find ProcessRecord for pid 14869
01-19 13:56:52.486  8974  9088 I BootReceiver: Copying /data/tombstones/tombstone_00 to DropBox (SYSTEM_TOMBSTONE)
01-19 13:56:57.533 14876 14876 I chatty  : uid=1021(gps) /system/bin/lhd expire 4 lines
01-19 13:56:57.692  8974  9234 W NativeCrashListener: Couldn't find ProcessRecord for pid 14876
01-19 13:56:57.695  8974  9088 I BootReceiver: Copying /data/tombstones/tombstone_01 to DropBox (SYSTEM_TOMBSTONE)
01-19 13:57:02.743 14882 14882 I chatty  : uid=1021(gps) /system/bin/lhd expire 4 lines
01-19 13:57:02.908  8974  9234 W NativeCrashListener: Couldn't find ProcessRecord for pid 14882
01-19 13:57:02.911  8974  9088 I BootReceiver: Copying /data/tombstones/tombstone_06 to DropBox (SYSTEM_TOMBSTONE)
01-19 13:57:06.963 14888 14888 I chatty  : uid=1021(gps) /system/bin/lhd expire 4 lines
01-19 13:57:07.136  8974  9234 W NativeCrashListener: Couldn't find ProcessRecord for pid 14888
01-19 13:57:07.140  8974  9088 I BootReceiver: Copying /data/tombstones/tombstone_07 to DropBox (SYSTEM_TOMBSTONE)
01-19 13:57:12.193 14894 14894 I chatty  : uid=1021(gps) /system/bin/lhd expire 4 lines
01-19 13:57:12.351  8974  9234 W NativeCrashListener: Couldn't find ProcessRecord for pid 14894
01-19 13:57:12.354  8974  9088 I BootReceiver: Copying /data/tombstones/tombstone_08 to DropBox (SYSTEM_TOMBSTONE)
01-19 13:57:17.403 14900 14900 I chatty  : uid=1021(gps) /system/bin/lhd expire 4 lines
01-19 13:57:17.570  8974  9234 W NativeCrashListener: Couldn't find ProcessRecord for pid 14900
01-19 13:57:17.573  8974  9088 I BootReceiver: Copying /data/tombstones/tombstone_03 to DropBox (SYSTEM_TOMBSTONE)
01-19 13:57:22.623 14907 14907 I chatty  : uid=1021(gps) /system/bin/lhd expire 4 lines
01-19 13:57:22.795  8974  9234 W NativeCrashListener: Couldn't find ProcessRecord for pid 14907
01-19 13:57:22.798  8974  9088 I BootReceiver: Copying /data/tombstones/tombstone_09 to DropBox (SYSTEM_TOMBSTONE)
01-19 13:57:26.843 14913 14913 I chatty  : uid=1021(gps) /system/bin/lhd expire 4 lines
01-19 13:57:27.005  8974  9234 W NativeCrashListener: Couldn't find ProcessRecord for pid 14913
01-19 13:57:27.008  8974  9088 I BootReceiver: Copying /data/tombstones/tombstone_04 to DropBox (SYSTEM_TOMBSTONE)
01-19 13:57:32.063 14919 14919 I chatty  : uid=1021(gps) /system/bin/lhd expire 4 lines
01-19 13:57:32.219  8974  9234 W NativeCrashListener: Couldn't find ProcessRecord for pid 14919
01-19 13:57:32.222  8974  9088 I BootReceiver: Copying /data/tombstones/tombstone_05 to DropBox (SYSTEM_TOMBSTONE)
01-19 13:57:37.273 14925 14925 I chatty  : uid=1021(gps) /system/bin/lhd expire 4 lines
01-19 13:57:37.435  8974  9234 W NativeCrashListener: Couldn't find ProcessRecord for pid 14925
01-19 13:57:37.437  8974  9088 I BootReceiver: Copying /data/tombstones/tombstone_02 to DropBox (SYSTEM_TOMBSTONE)
01-19 13:57:42.233 14938 14938 I chatty  : uid=1021(gps) /system/bin/lhd expire 4 lines
01-19 13:57:42.393  8974  9234 W NativeCrashListener: Couldn't find ProcessRecord for pid 14938
01-19 13:57:42.396  8974  9088 I BootReceiver: Copying /data/tombstones/tombstone_00 to DropBox (SYSTEM_TOMBSTONE)
01-19 13:57:47.443 14944 14944 I chatty  : uid=1021(gps) /system/bin/lhd expire 4 lines
01-19 13:57:47.611  8974  9234 W NativeCrashListener: Couldn't find ProcessRecord for pid 14944
01-19 13:57:47.614  8974  9088 I BootReceiver: Copying /data/tombstones/tombstone_01 to DropBox (SYSTEM_TOMBSTONE)
01-19 13:57:52.663 14951 14951 I chatty  : uid=1021(gps) /system/bin/lhd expire 4 lines
01-19 13:57:52.821  8974  9234 W NativeCrashListener: Couldn't find ProcessRecord for pid 14951
01-19 13:57:52.824  8974  9088 I BootReceiver: Copying /data/tombstones/tombstone_06 to DropBox (SYSTEM_TOMBSTONE)
01-19 13:57:56.873 14957 14957 I chatty  : uid=1021(gps) /system/bin/lhd expire 4 lines
01-19 13:57:57.028  8974  9234 W NativeCrashListener: Couldn't find ProcessRecord for pid 14957
01-19 13:57:57.031  8974  9088 I BootReceiver: Copying /data/tombstones/tombstone_07 to DropBox (SYSTEM_TOMBSTONE)
01-19 13:58:02.083 14963 14963 I chatty  : uid=1021(gps) /system/bin/lhd expire 4 lines
01-19 13:58:02.245  8974  9234 W NativeCrashListener: Couldn't find ProcessRecord for pid 14963
01-19 13:58:02.248  8974  9088 I BootReceiver: Copying /data/tombstones/tombstone_08 to DropBox (SYSTEM_TOMBSTONE)
01-19 13:58:07.303 14969 14969 I chatty  : uid=1021(gps) /system/bin/lhd expire 4 lines
01-19 13:58:07.459  8974  9234 W NativeCrashListener: Couldn't find ProcessRecord for pid 14969
01-19 13:58:07.462  8974  9088 I BootReceiver: Copying /data/tombstones/tombstone_03 to DropBox (SYSTEM_TOMBSTONE)
01-19 13:58:12.513 14975 14975 I chatty  : uid=1021(gps) /system/bin/lhd expire 4 lines
01-19 13:58:12.675  8974  9234 W NativeCrashListener: Couldn't find ProcessRecord for pid 14975
01-19 13:58:12.677  8974  9088 I BootReceiver: Copying /data/tombstones/tombstone_09 to DropBox (SYSTEM_TOMBSTONE)
01-19 13:58:17.733 14981 14981 I chatty  : uid=1021(gps) /system/bin/lhd expire 4 lines
01-19 13:58:17.889  8974  9234 W NativeCrashListener: Couldn't find ProcessRecord for pid 14981
01-19 13:58:17.892  8974  9088 I BootReceiver: Copying /data/tombstones/tombstone_04 to DropBox (SYSTEM_TOMBSTONE)
01-19 13:58:21.943 14988 14988 I chatty  : uid=1021(gps) /system/bin/lhd expire 4 lines
01-19 13:58:22.112  8974  9234 W NativeCrashListener: Couldn't find ProcessRecord for pid 14988
01-19 13:58:22.114  8974  9088 I BootReceiver: Copying /data/tombstones/tombstone_05 to DropBox (SYSTEM_TOMBSTONE)
01-19 13:58:27.163 14994 14994 I chatty  : uid=1021(gps) /system/bin/lhd expire 4 lines
01-19 13:58:27.335  8974  9234 W NativeCrashListener: Couldn't find ProcessRecord for pid 14994
01-19 13:58:27.338  8974  9088 I BootReceiver: Copying /data/tombstones/tombstone_02 to DropBox (SYSTEM_TOMBSTONE)
01-19 13:58:32.393 15000 15000 I chatty  : uid=1021(gps) /system/bin/lhd expire 4 lines
01-19 13:58:32.552  8974  9234 W NativeCrashListener: Couldn't find ProcessRecord for pid 15000
01-19 13:58:32.555  8974  9088 I BootReceiver: Copying /data/tombstones/tombstone_00 to DropBox (SYSTEM_TOMBSTONE)
01-19 13:58:37.603 15006 15006 I chatty  : uid=1021(gps) /system/bin/lhd expire 4 lines
01-19 13:58:37.770  8974  9234 W NativeCrashListener: Couldn't find ProcessRecord for pid 15006
01-19 13:58:37.773  8974  9088 I BootReceiver: Copying /data/tombstones/tombstone_01 to DropBox (SYSTEM_TOMBSTONE)
01-19 13:58:41.823 15012 15012 I chatty  : uid=1021(gps) /system/bin/lhd expire 4 lines
01-19 13:58:41.980  8974  9234 W NativeCrashListener: Couldn't find ProcessRecord for pid 15012
01-19 13:58:41.983  8974  9088 I BootReceiver: Copying /data/tombstones/tombstone_06 to DropBox (SYSTEM_TOMBSTONE)
01-19 13:58:47.033 15018 15018 I chatty  : uid=1021(gps) /system/bin/lhd expire 4 lines
01-19 13:58:47.196  8974  9234 W NativeCrashListener: Couldn't find ProcessRecord for pid 15018
01-19 13:58:47.199  8974  9088 I BootReceiver: Copying /data/tombstones/tombstone_07 to DropBox (SYSTEM_TOMBSTONE)
01-19 13:58:52.253 15025 15025 I chatty  : uid=1021(gps) /system/bin/lhd expire 4 lines
01-19 13:58:52.409  8974  9234 W NativeCrashListener: Couldn't find ProcessRecord for pid 15025
01-19 13:58:52.412  8974  9088 I BootReceiver: Copying /data/tombstones/tombstone_08 to DropBox (SYSTEM_TOMBSTONE)
01-19 13:58:57.463 15031 15031 I chatty  : uid=1021(gps) /system/bin/lhd expire 4 lines
01-19 13:58:57.635  8974  9234 W NativeCrashListener: Couldn't find ProcessRecord for pid 15031
01-19 13:58:57.638  8974  9088 I BootReceiver: Copying /data/tombstones/tombstone_03 to DropBox (SYSTEM_TOMBSTONE)
01-19 13:59:02.693 15037 15037 I chatty  : uid=1021(gps) /system/bin/lhd expire 4 lines
01-19 13:59:02.852  8974  9234 W NativeCrashListener: Couldn't find ProcessRecord for pid 15037
01-19 13:59:02.855  8974  9088 I BootReceiver: Copying /data/tombstones/tombstone_09 to DropBox (SYSTEM_TOMBSTONE)
01-19 13:59:06.903 15043 15043 I chatty  : uid=1021(gps) /system/bin/lhd expire 4 lines
01-19 13:59:07.061  8974  9234 W NativeCrashListener: Couldn't find ProcessRecord for pid 15043
01-19 13:59:07.064  8974  9088 I BootReceiver: Copying /data/tombstones/tombstone_04 to DropBox (SYSTEM_TOMBSTONE)
01-19 13:59:12.113 15049 15049 I chatty  : uid=1021(gps) /system/bin/lhd expire 4 lines
01-19 13:59:12.274  8974  9234 W NativeCrashListener: Couldn't find ProcessRecord for pid 15049
01-19 13:59:12.277  8974  9088 I BootReceiver: Copying /data/tombstones/tombstone_05 to DropBox (SYSTEM_TOMBSTONE)
01-19 13:59:17.323 15055 15055 I chatty  : uid=1021(gps) /system/bin/lhd expire 4 lines
01-19 13:59:17.487  8974  9234 W NativeCrashListener: Couldn't find ProcessRecord for pid 15055
01-19 13:59:17.490  8974  9088 I BootReceiver: Copying /data/tombstones/tombstone_02 to DropBox (SYSTEM_TOMBSTONE)
01-19 13:59:22.543 15062 15062 I chatty  : uid=1021(gps) /system/bin/lhd expire 4 lines
01-19 13:59:22.705  8974  9234 W NativeCrashListener: Couldn't find ProcessRecord for pid 15062
01-19 13:59:22.710  8974  9088 I BootReceiver: Copying /data/tombstones/tombstone_00 to DropBox (SYSTEM_TOMBSTONE)
01-19 13:59:27.763 15069 15069 I chatty  : uid=1021(gps) /system/bin/lhd expire 4 lines
01-19 13:59:27.921  8974  9234 W NativeCrashListener: Couldn't find ProcessRecord for pid 15069
01-19 13:59:27.924  8974  9088 I BootReceiver: Copying /data/tombstones/tombstone_01 to DropBox (SYSTEM_TOMBSTONE)
01-19 13:59:31.973 15075 15075 I chatty  : uid=1021(gps) /system/bin/lhd expire 4 lines
01-19 13:59:32.133  8974  9234 W NativeCrashListener: Couldn't find ProcessRecord for pid 15075
01-19 13:59:32.136  8974  9088 I BootReceiver: Copying /data/tombstones/tombstone_06 to DropBox (SYSTEM_TOMBSTONE)
01-19 13:59:37.183 15081 15081 I chatty  : uid=1021(gps) /system/bin/lhd expire 4 lines
01-19 13:59:37.346  8974  9234 W NativeCrashListener: Couldn't find ProcessRecord for pid 15081
01-19 13:59:37.349  8974  9088 I BootReceiver: Copying /data/tombstones/tombstone_07 to DropBox (SYSTEM_TOMBSTONE)
01-19 13:59:42.403 15087 15087 I chatty  : uid=1021(gps) /system/bin/lhd expire 4 lines
01-19 13:59:42.562  8974  9234 W NativeCrashListener: Couldn't find ProcessRecord for pid 15087
01-19 13:59:42.564  8974  9088 I BootReceiver: Copying /data/tombstones/tombstone_08 to DropBox (SYSTEM_TOMBSTONE)
01-19 13:59:43.678  8974  9086 E BatteryStatsService: no controller energy info supplied
01-19 13:59:45.679  8974  9086 W BatteryStatsService: Timeout reading modem stats
01-19 13:59:47.613 15093 15093 I chatty  : uid=1021(gps) /system/bin/lhd expire 4 lines
01-19 13:59:47.776  8974  9234 W NativeCrashListener: Couldn't find ProcessRecord for pid 15093
01-19 13:59:47.779  8974  9088 I BootReceiver: Copying /data/tombstones/tombstone_03 to DropBox (SYSTEM_TOMBSTONE)
01-19 13:59:51.833 15100 15100 I chatty  : uid=1021(gps) /system/bin/lhd expire 4 lines
01-19 13:59:51.992  8974  9234 W NativeCrashListener: Couldn't find ProcessRecord for pid 15100
01-19 13:59:51.995  8974  9088 I BootReceiver: Copying /data/tombstones/tombstone_09 to DropBox (SYSTEM_TOMBSTONE)
01-19 13:59:57.043 15106 15106 I chatty  : uid=1021(gps) /system/bin/lhd expire 4 lines
01-19 13:59:57.202  8974  9234 W NativeCrashListener: Couldn't find ProcessRecord for pid 15106
01-19 13:59:57.204  8974  9088 I BootReceiver: Copying /data/tombstones/tombstone_04 to DropBox (SYSTEM_TOMBSTONE)
01-19 14:00:02.253 15112 15112 I chatty  : uid=1021(gps) /system/bin/lhd expire 4 lines
01-19 14:00:02.433  8974  9234 W NativeCrashListener: Couldn't find ProcessRecord for pid 15112
01-19 14:00:02.436  8974  9088 I BootReceiver: Copying /data/tombstones/tombstone_05 to DropBox (SYSTEM_TOMBSTONE)
01-19 14:00:07.483 15118 15118 I chatty  : uid=1021(gps) /system/bin/lhd expire 4 lines
01-19 14:00:07.651  8974  9234 W NativeCrashListener: Couldn't find ProcessRecord for pid 15118
01-19 14:00:07.654  8974  9088 I BootReceiver: Copying /data/tombstones/tombstone_02 to DropBox (SYSTEM_TOMBSTONE)
01-19 14:00:12.703 15124 15124 I chatty  : uid=1021(gps) /system/bin/lhd expire 4 lines
01-19 14:00:12.882  8974  9234 W NativeCrashListener: Couldn't find ProcessRecord for pid 15124
01-19 14:00:12.885  8974  9088 I BootReceiver: Copying /data/tombstones/tombstone_00 to DropBox (SYSTEM_TOMBSTONE)
01-19 14:00:16.933 15130 15130 I chatty  : uid=1021(gps) /system/bin/lhd expire 4 lines
01-19 14:00:17.100  8974  9234 W NativeCrashListener: Couldn't find ProcessRecord for pid 15130
01-19 14:00:17.103  8974  9088 I BootReceiver: Copying /data/tombstones/tombstone_01 to DropBox (SYSTEM_TOMBSTONE)
01-19 14:00:22.153 15137 15137 I chatty  : uid=1021(gps) /system/bin/lhd expire 4 lines
01-19 14:00:22.321  8974  9234 W NativeCrashListener: Couldn't find ProcessRecord for pid 15137
01-19 14:00:22.324  8974  9088 I BootReceiver: Copying /data/tombstones/tombstone_06 to DropBox (SYSTEM_TOMBSTONE)
01-19 14:00:27.373 15143 15143 I chatty  : uid=1021(gps) /system/bin/lhd expire 4 lines
01-19 14:00:27.529  8974  9234 W NativeCrashListener: Couldn't find ProcessRecord for pid 15143
01-19 14:00:27.532  8974  9088 I BootReceiver: Copying /data/tombstones/tombstone_07 to DropBox (SYSTEM_TOMBSTONE)
01-19 14:00:32.583 15149 15149 I chatty  : uid=1021(gps) /system/bin/lhd expire 4 lines
01-19 14:00:32.745  8974  9234 W NativeCrashListener: Couldn't find ProcessRecord for pid 15149
01-19 14:00:32.748  8974  9088 I BootReceiver: Copying /data/tombstones/tombstone_08 to DropBox (SYSTEM_TOMBSTONE)
01-19 14:00:37.803 15156 15156 I chatty  : uid=1021(gps) /system/bin/lhd expire 4 lines
01-19 14:00:37.973  8974  9234 W NativeCrashListener: Couldn't find ProcessRecord for pid 15156
01-19 14:00:37.975  8974  9088 I BootReceiver: Copying /data/tombstones/tombstone_03 to DropBox (SYSTEM_TOMBSTONE)
01-19 14:00:41.933 15165 15165 I chatty  : uid=1021(gps) /system/bin/lhd expire 4 lines
01-19 14:00:42.091  8974  9234 W NativeCrashListener: Couldn't find ProcessRecord for pid 15165
01-19 14:00:42.094  8974  9088 I BootReceiver: Copying /data/tombstones/tombstone_09 to DropBox (SYSTEM_TOMBSTONE)
01-19 14:00:47.143 15176 15176 I chatty  : uid=1021(gps) /system/bin/lhd expire 4 lines
01-19 14:00:47.312  8974  9234 W NativeCrashListener: Couldn't find ProcessRecord for pid 15176
01-19 14:00:47.316  8974  9088 I BootReceiver: Copying /data/tombstones/tombstone_04 to DropBox (SYSTEM_TOMBSTONE)
01-19 14:00:52.363 15183 15183 I chatty  : uid=1021(gps) /system/bin/lhd expire 4 lines
01-19 14:00:52.532  8974  9234 W NativeCrashListener: Couldn't find ProcessRecord for pid 15183
01-19 14:00:52.535  8974  9088 I BootReceiver: Copying /data/tombstones/tombstone_05 to DropBox (SYSTEM_TOMBSTONE)
01-19 14:00:57.583 15189 15189 I chatty  : uid=1021(gps) /system/bin/lhd expire 4 lines
01-19 14:00:57.752  8974  9234 W NativeCrashListener: Couldn't find ProcessRecord for pid 15189
01-19 14:00:57.755  8974  9088 I BootReceiver: Copying /data/tombstones/tombstone_02 to DropBox (SYSTEM_TOMBSTONE)
01-19 14:01:00.122  8974  9093 I PowerManagerService: Waking up from dozing (uid 1000)...
01-19 14:01:00.123  8974  8974 V KeyguardServiceDelegate: onStartedWakingUp()
01-19 14:01:00.123  8974  9093 I DisplayPowerController: Blocking screen on until initial contents have been drawn.
01-19 14:01:00.124  8974  9093 V KeyguardServiceDelegate: onScreenTurnedOn(showListener = com.android.server.policy.PhoneWindowManager$2@c84d11c)
01-19 14:01:00.125  8974  9194 V PowerHAL SEC: power_set_interactive: 1
01-19 14:01:00.158  8974  9086 E BatteryStatsService: no controller energy info supplied
01-19 14:01:00.199  8974  9194 V PowerHAL SEC: power_set_interactive: 1 done
01-19 14:01:00.199  8974  9194 D PowerManagerService-JNI: Excessive delay in setInteractive(true) while turning screen on: 74ms
01-19 14:01:00.200  8974  9091 I DisplayManagerService: Display device changed state: "Built-in Screen", ON
01-19 14:01:00.200  8775  8775 I chatty  : uid=1000(system) /system/bin/surfaceflinger expire 157 lines
01-19 14:01:00.209  8974  9091 W LocalDisplayAdapter: Unable to find color mode 0, ignoring request.
01-19 14:01:00.209  8974  9083 I ProcessStatsService: Prepared write state in 4ms
01-19 14:01:00.244  8974  9155 D Sensors : M requested delay = 20000000, modified delay = 0
01-19 14:01:00.245  8974  9155 I Sensors : Proximity old sensor_state 0, new sensor_state : 128 en : 1
01-19 14:01:00.271  8974  9384 V KeyguardServiceDelegate: **** SHOWN CALLED ****
01-19 14:01:00.304  8974  9084 I Sensors : Acc old sensor_state 128, new sensor_state : 129 en : 1
01-19 14:01:00.307  9771 15201 I chatty  : uid=1027(nfc) com.android.nfc expire 26 lines
01-19 14:01:00.307  9771  9914 I chatty  : uid=1027(nfc) com.android.nfc expire 62 lines
01-19 14:01:00.309  8974  9093 I DisplayPowerController: Unblocked screen on after 186 ms
01-19 14:01:00.310  8974  9093 V KeyguardServiceDelegate: onScreenTurnedOn()
01-19 14:01:00.310  8974  9093 I VrManagerService: VR mode is allowed
01-19 14:01:00.310  8974  9093 I DreamManagerService: Gently waking up from dream.
01-19 14:01:00.311  8974  9823 I DreamManagerService: Leaving dreamland.
01-19 14:01:00.312  8974  9089 I DreamController: Stopping dream: name=ComponentInfo{com.android.systemui/com.android.systemui.doze.DozeService}, isTest=false, canDoze=true, userId=0
01-19 14:01:00.314  9771  9954 I chatty  : uid=1027(nfc) com.android.nfc expire 24 lines
01-19 14:01:00.441  8974  9194 D SurfaceControl: Excessive delay in setPowerMode(): 240ms
01-19 14:01:01.533  8775  8775 D SurfaceFlinger: [LIM] Used Time Total : 1.082554
01-19 14:01:01.533  8775  8775 D SurfaceFlinger: [LIM] Battery Sync! sysfs battery = 100
01-19 14:01:01.533  8775  8775 D SurfaceFlinger: [LIM] my batteryLevel in fb0 = 100
01-19 14:01:01.533  8775  8775 D SurfaceFlinger: [LIM] my batteryLevel in TDVS = 100
01-19 14:01:01.533  8775  8775 D SurfaceFlinger: [LIM] my batteryLevel = 100
01-19 14:01:01.550  8775  8775 D SurfaceFlinger: [LIM] Used Time Total : 1.099790
01-19 14:01:01.550  8775  8775 D SurfaceFlinger: [LIM] Battery Sync! sysfs battery = 100
01-19 14:01:01.550  8775  8775 D SurfaceFlinger: [LIM] my batteryLevel in fb0 = 100
01-19 14:01:01.550  8775  8775 D SurfaceFlinger: [LIM] my batteryLevel in TDVS = 100
01-19 14:01:01.551  8775  8775 D SurfaceFlinger: [LIM] my batteryLevel = 100
01-19 14:01:01.566  8775  8775 D SurfaceFlinger: [LIM] Used Time Total : 1.116219
01-19 14:01:01.567  8775  8775 D SurfaceFlinger: [LIM] Battery Sync! sysfs battery = 100
01-19 14:01:01.567  8775  8775 D SurfaceFlinger: [LIM] my batteryLevel in fb0 = 100
01-19 14:01:01.567  8775  8775 D SurfaceFlinger: [LIM] my batteryLevel in TDVS = 100
01-19 14:01:01.567  8775  8775 D SurfaceFlinger: [LIM] my batteryLevel = 100
01-19 14:01:01.582  8775  8775 D SurfaceFlinger: [LIM] Used Time Total : 1.131885
01-19 14:01:01.582  8775  8775 D SurfaceFlinger: [LIM] Battery Sync! sysfs battery = 100
01-19 14:01:01.582  8775  8775 D SurfaceFlinger: [LIM] my batteryLevel in fb0 = 100
01-19 14:01:01.582  8775  8775 D SurfaceFlinger: [LIM] my batteryLevel in TDVS = 100
01-19 14:01:01.582  8775  8775 D SurfaceFlinger: [LIM] my batteryLevel = 100
01-19 14:01:01.621  9771 15203 I chatty  : uid=1027(nfc) com.android.nfc expire 1 line
01-19 14:01:02.105  8974  8974 I EntropyMixer: Writing entropy...
01-19 14:01:02.144  8775  8775 D SurfaceFlinger: [LIM] Used Time Total : 1.694389
01-19 14:01:02.145  8775  8775 D SurfaceFlinger: [LIM] Battery Sync! sysfs battery = 100
01-19 14:01:02.145  8775  8775 D SurfaceFlinger: [LIM] my batteryLevel in fb0 = 100
01-19 14:01:02.145  8775  8775 D SurfaceFlinger: [LIM] my batteryLevel in TDVS = 100
01-19 14:01:02.145  8775  8775 D SurfaceFlinger: [LIM] my batteryLevel = 100
01-19 14:01:02.159  8974  9086 W BatteryStatsService: Timeout reading modem stats
01-19 14:01:02.161  8775  8775 D SurfaceFlinger: [LIM] Used Time Total : 1.710595
01-19 14:01:02.161  8775  8775 D SurfaceFlinger: [LIM] Battery Sync! sysfs battery = 100
01-19 14:01:02.161  8775  8775 D SurfaceFlinger: [LIM] my batteryLevel in fb0 = 100
01-19 14:01:02.161  8775  8775 D SurfaceFlinger: [LIM] my batteryLevel in TDVS = 100
01-19 14:01:02.161  8775  8775 D SurfaceFlinger: [LIM] my batteryLevel = 100
01-19 14:01:02.165  8974  9086 I BatteryStatsImpl: Resetting battery stats: level=100 status=5 dischargeLevel=100 lowAmount=0 highAmount=0
01-19 14:01:02.171  8974  9086 E BatteryStatsService: power: Missing API
01-19 14:01:02.179  8974  9086 E BatteryStatsService: no controller energy info supplied
01-19 14:01:02.268  9958  9958 D WeatherUpdateService: onCreate
01-19 14:01:02.272  9958  9958 D WeatherUpdateService: Service started, but shouldn't update ... stopping
01-19 14:01:02.274  9958  9958 D WeatherUpdateService: onDestroy
01-19 14:01:02.275  8974  9135 W ConnectivityExtension: ConnectivityExt jar file not present
01-19 14:01:02.534  8775  8775 D SurfaceFlinger: [LIM] Used Time Total : 2.084337
01-19 14:01:02.535  8775  8775 D SurfaceFlinger: [LIM] Battery Sync! sysfs battery = 100
01-19 14:01:02.535  8775  8775 D SurfaceFlinger: [LIM] my batteryLevel in fb0 = 100
01-19 14:01:02.535  8775  8775 D SurfaceFlinger: [LIM] my batteryLevel in TDVS = 100
01-19 14:01:02.535  8775  8775 D SurfaceFlinger: [LIM] my batteryLevel = 100
01-19 14:01:02.617  8775  8775 D SurfaceFlinger: [LIM] Used Time Total : 2.167201
01-19 14:01:02.617  8775  8775 D SurfaceFlinger: [LIM] Battery Sync! sysfs battery = 100
01-19 14:01:02.618  8775  8775 D SurfaceFlinger: [LIM] my batteryLevel in fb0 = 100
01-19 14:01:02.618  8775  8775 D SurfaceFlinger: [LIM] my batteryLevel in TDVS = 100
01-19 14:01:02.618  8775  8775 D SurfaceFlinger: [LIM] my batteryLevel = 100
01-19 14:01:02.637  8775  8775 D SurfaceFlinger: [LIM] Used Time Total : 2.186862
01-19 14:01:02.637  8775  8775 D SurfaceFlinger: [LIM] Battery Sync! sysfs battery = 100
01-19 14:01:02.637  8775  8775 D SurfaceFlinger: [LIM] my batteryLevel in fb0 = 100
01-19 14:01:02.638  8775  8775 D SurfaceFlinger: [LIM] my batteryLevel in TDVS = 100
01-19 14:01:02.638  8775  8775 D SurfaceFlinger: [LIM] my batteryLevel = 100
01-19 14:01:02.652  8775  8775 D SurfaceFlinger: [LIM] Used Time Total : 2.201680
01-19 14:01:02.652  8775  8775 D SurfaceFlinger: [LIM] Battery Sync! sysfs battery = 100
01-19 14:01:02.652  8775  8775 D SurfaceFlinger: [LIM] my batteryLevel in fb0 = 100
01-19 14:01:02.652  8775  8775 D SurfaceFlinger: [LIM] my batteryLevel in TDVS = 100
01-19 14:01:02.652  8775  8775 D SurfaceFlinger: [LIM] my batteryLevel = 100
01-19 14:01:02.668  8775  8775 D SurfaceFlinger: [LIM] Used Time Total : 2.217983
01-19 14:01:02.668  8775  8775 D SurfaceFlinger: [LIM] Battery Sync! sysfs battery = 100
01-19 14:01:02.668  8775  8775 D SurfaceFlinger: [LIM] my batteryLevel in fb0 = 100
01-19 14:01:02.668  8775  8775 D SurfaceFlinger: [LIM] my batteryLevel in TDVS = 100
01-19 14:01:02.668  8775  8775 D SurfaceFlinger: [LIM] my batteryLevel = 100
01-19 14:01:02.685  8775  8775 D SurfaceFlinger: [LIM] Used Time Total : 2.234634
01-19 14:01:02.685  8775  8775 D SurfaceFlinger: [LIM] Battery Sync! sysfs battery = 100
01-19 14:01:02.685  8775  8775 D SurfaceFlinger: [LIM] my batteryLevel in fb0 = 100
01-19 14:01:02.685  8775  8775 D SurfaceFlinger: [LIM] my batteryLevel in TDVS = 100
01-19 14:01:02.685  8775  8775 D SurfaceFlinger: [LIM] my batteryLevel = 100
01-19 14:01:02.701  8775  8775 D SurfaceFlinger: [LIM] Used Time Total : 2.251336
01-19 14:01:02.702  8775  8775 D SurfaceFlinger: [LIM] Battery Sync! sysfs battery = 100
01-19 14:01:02.702  8775  8775 D SurfaceFlinger: [LIM] my batteryLevel in fb0 = 100
01-19 14:01:02.702  8775  8775 D SurfaceFlinger: [LIM] my batteryLevel in TDVS = 100
01-19 14:01:02.702  8775  8775 D SurfaceFlinger: [LIM] my batteryLevel = 100
01-19 14:01:02.719  8775  8775 D SurfaceFlinger: [LIM] Used Time Total : 2.268804
01-19 14:01:02.719  8775  8775 D SurfaceFlinger: [LIM] Battery Sync! sysfs battery = 100
01-19 14:01:02.719  8775  8775 D SurfaceFlinger: [LIM] my batteryLevel in fb0 = 100
01-19 14:01:02.719  8775  8775 D SurfaceFlinger: [LIM] my batteryLevel in TDVS = 100
01-19 14:01:02.719  8775  8775 D SurfaceFlinger: [LIM] my batteryLevel = 100
01-19 14:01:02.736  8775  8775 D SurfaceFlinger: [LIM] Used Time Total : 2.286284
01-19 14:01:02.737  8775  8775 D SurfaceFlinger: [LIM] Battery Sync! sysfs battery = 100
01-19 14:01:02.737  8775  8775 D SurfaceFlinger: [LIM] my batteryLevel in fb0 = 100
01-19 14:01:02.737  8775  8775 D SurfaceFlinger: [LIM] my batteryLevel in TDVS = 100
01-19 14:01:02.737  8775  8775 D SurfaceFlinger: [LIM] my batteryLevel = 100
01-19 14:01:02.753  8775  8775 D SurfaceFlinger: [LIM] Used Time Total : 2.303320
01-19 14:01:02.754  8775  8775 D SurfaceFlinger: [LIM] Battery Sync! sysfs battery = 100
01-19 14:01:02.754  8775  8775 D SurfaceFlinger: [LIM] my batteryLevel in fb0 = 100
01-19 14:01:02.754  8775  8775 D SurfaceFlinger: [LIM] my batteryLevel in TDVS = 100
01-19 14:01:02.754  8775  8775 D SurfaceFlinger: [LIM] my batteryLevel = 100
01-19 14:01:02.770  8775  8775 D SurfaceFlinger: [LIM] Used Time Total : 2.320390
01-19 14:01:02.771  8775  8775 D SurfaceFlinger: [LIM] Battery Sync! sysfs battery = 100
01-19 14:01:02.771  8775  8775 D SurfaceFlinger: [LIM] my batteryLevel in fb0 = 100
01-19 14:01:02.771  8775  8775 D SurfaceFlinger: [LIM] my batteryLevel in TDVS = 100
01-19 14:01:02.771  8775  8775 D SurfaceFlinger: [LIM] my batteryLevel = 100
01-19 14:01:02.787  8775  8775 D SurfaceFlinger: [LIM] Used Time Total : 2.336961
01-19 14:01:02.787  8775  8775 D SurfaceFlinger: [LIM] Battery Sync! sysfs battery = 100
01-19 14:01:02.788  8775  8775 D SurfaceFlinger: [LIM] my batteryLevel in fb0 = 100
01-19 14:01:02.788  8775  8775 D SurfaceFlinger: [LIM] my batteryLevel in TDVS = 100
01-19 14:01:02.788  8775  8775 D SurfaceFlinger: [LIM] my batteryLevel = 100
01-19 14:01:02.793 15254 15254 I chatty  : uid=1021(gps) /system/bin/lhd expire 4 lines
01-19 14:01:02.804  8775  8775 D SurfaceFlinger: [LIM] Used Time Total : 2.354456
01-19 14:01:02.805  2944  2944 I chatty  : uid=0(root) /system/bin/debuggerd64 expire 2 lines
01-19 14:01:02.805  8775  8775 D SurfaceFlinger: [LIM] Battery Sync! sysfs battery = 100
01-19 14:01:02.805  8775  8775 D SurfaceFlinger: [LIM] my batteryLevel in fb0 = 100
01-19 14:01:02.805  8775  8775 D SurfaceFlinger: [LIM] my batteryLevel in TDVS = 100
01-19 14:01:02.805  8775  8775 D SurfaceFlinger: [LIM] my batteryLevel = 100
01-19 14:01:02.821  8775  8775 D SurfaceFlinger: [LIM] Used Time Total : 2.370969
01-19 14:01:02.821  8775  8775 D SurfaceFlinger: [LIM] Battery Sync! sysfs battery = 100
01-19 14:01:02.822  8775  8775 D SurfaceFlinger: [LIM] my batteryLevel in fb0 = 100
01-19 14:01:02.822  8775  8775 D SurfaceFlinger: [LIM] my batteryLevel in TDVS = 100
01-19 14:01:02.822  8775  8775 D SurfaceFlinger: [LIM] my batteryLevel = 100
01-19 14:01:02.835  8775  8775 D SurfaceFlinger: [LIM] Used Time Total : 2.385454
01-19 14:01:02.836  8775  8775 D SurfaceFlinger: [LIM] Battery Sync! sysfs battery = 100
01-19 14:01:02.836  8775  8775 D SurfaceFlinger: [LIM] my batteryLevel in fb0 = 100
01-19 14:01:02.836  8775  8775 D SurfaceFlinger: [LIM] my batteryLevel in TDVS = 100
01-19 14:01:02.836  8775  8775 D SurfaceFlinger: [LIM] my batteryLevel = 100
01-19 14:01:02.852  8775  8775 D SurfaceFlinger: [LIM] Used Time Total : 2.402342
01-19 14:01:02.853  8775  8775 D SurfaceFlinger: [LIM] Battery Sync! sysfs battery = 100
01-19 14:01:02.853  8775  8775 D SurfaceFlinger: [LIM] my batteryLevel in fb0 = 100
01-19 14:01:02.853  8775  8775 D SurfaceFlinger: [LIM] my batteryLevel in TDVS = 100
01-19 14:01:02.853  8775  8775 D SurfaceFlinger: [LIM] my batteryLevel = 100
01-19 14:01:02.869  8775  8775 D SurfaceFlinger: [LIM] Used Time Total : 2.418921
01-19 14:01:02.869  8775  8775 D SurfaceFlinger: [LIM] Battery Sync! sysfs battery = 100
01-19 14:01:02.870  8775  8775 D SurfaceFlinger: [LIM] my batteryLevel in fb0 = 100
01-19 14:01:02.870  8775  8775 D SurfaceFlinger: [LIM] my batteryLevel in TDVS = 100
