01-19 13:24:46.463  8974  9234 W NativeCrashListener: Couldn't find ProcessRecord for pid 12313
01-19 13:24:46.466  8974  9088 I BootReceiver: Copying /data/tombstones/tombstone_03 to DropBox (SYSTEM_TOMBSTONE)
01-19 13:24:51.513 12319 12319 I chatty  : uid=1021(gps) /system/bin/lhd expire 4 lines
01-19 13:24:51.676  8974  9234 W NativeCrashListener: Couldn't find ProcessRecord for pid 12319
01-19 13:24:51.679  8974  9088 I BootReceiver: Copying /data/tombstones/tombstone_09 to DropBox (SYSTEM_TOMBSTONE)
01-19 13:24:56.733 12325 12325 I chatty  : uid=1021(gps) /system/bin/lhd expire 4 lines
01-19 13:24:56.900  8974  9234 W NativeCrashListener: Couldn't find ProcessRecord for pid 12325
01-19 13:24:56.903  8974  9088 I BootReceiver: Copying /data/tombstones/tombstone_04 to DropBox (SYSTEM_TOMBSTONE)
01-19 13:25:00.953 12332 12332 I chatty  : uid=1021(gps) /system/bin/lhd expire 4 lines
01-19 13:25:01.113  8974  9234 W NativeCrashListener: Couldn't find ProcessRecord for pid 12332
01-19 13:25:01.116  8974  9088 I BootReceiver: Copying /data/tombstones/tombstone_05 to DropBox (SYSTEM_TOMBSTONE)
01-19 13:25:06.163 12338 12338 I chatty  : uid=1021(gps) /system/bin/lhd expire 4 lines
01-19 13:25:06.325  8974  9234 W NativeCrashListener: Couldn't find ProcessRecord for pid 12338
01-19 13:25:06.328  8974  9088 I BootReceiver: Copying /data/tombstones/tombstone_02 to DropBox (SYSTEM_TOMBSTONE)
01-19 13:25:11.383 12344 12344 I chatty  : uid=1021(gps) /system/bin/lhd expire 4 lines
01-19 13:25:11.534  8974  9234 W NativeCrashListener: Couldn't find ProcessRecord for pid 12344
01-19 13:25:11.537  8974  9088 I BootReceiver: Copying /data/tombstones/tombstone_00 to DropBox (SYSTEM_TOMBSTONE)
01-19 13:25:16.583 12351 12351 I chatty  : uid=1021(gps) /system/bin/lhd expire 4 lines
01-19 13:25:16.746  8974  9234 W NativeCrashListener: Couldn't find ProcessRecord for pid 12351
01-19 13:25:16.750  8974  9088 I BootReceiver: Copying /data/tombstones/tombstone_01 to DropBox (SYSTEM_TOMBSTONE)
01-19 13:25:21.803 12359 12359 I chatty  : uid=1021(gps) /system/bin/lhd expire 4 lines
01-19 13:25:21.966  8974  9234 W NativeCrashListener: Couldn't find ProcessRecord for pid 12359
01-19 13:25:21.969  8974  9088 I BootReceiver: Copying /data/tombstones/tombstone_06 to DropBox (SYSTEM_TOMBSTONE)
01-19 13:25:26.023 12365 12365 I chatty  : uid=1021(gps) /system/bin/lhd expire 4 lines
01-19 13:25:26.185  8974  9234 W NativeCrashListener: Couldn't find ProcessRecord for pid 12365
01-19 13:25:26.188  8974  9088 I BootReceiver: Copying /data/tombstones/tombstone_07 to DropBox (SYSTEM_TOMBSTONE)
01-19 13:25:31.243 12371 12371 I chatty  : uid=1021(gps) /system/bin/lhd expire 4 lines
01-19 13:25:31.395  8974  9234 W NativeCrashListener: Couldn't find ProcessRecord for pid 12371
01-19 13:25:31.398  8974  9088 I BootReceiver: Copying /data/tombstones/tombstone_08 to DropBox (SYSTEM_TOMBSTONE)
01-19 13:25:36.453 12377 12377 I chatty  : uid=1021(gps) /system/bin/lhd expire 4 lines
01-19 13:25:36.607  8974  9234 W NativeCrashListener: Couldn't find ProcessRecord for pid 12377
01-19 13:25:36.610  8974  9088 I BootReceiver: Copying /data/tombstones/tombstone_03 to DropBox (SYSTEM_TOMBSTONE)
01-19 13:25:41.663 12383 12383 I chatty  : uid=1021(gps) /system/bin/lhd expire 4 lines
01-19 13:25:41.818  8974  9234 W NativeCrashListener: Couldn't find ProcessRecord for pid 12383
01-19 13:25:41.822  8974  9088 I BootReceiver: Copying /data/tombstones/tombstone_09 to DropBox (SYSTEM_TOMBSTONE)
01-19 13:25:45.873 12390 12390 I chatty  : uid=1021(gps) /system/bin/lhd expire 4 lines
01-19 13:25:46.026  8974  9234 W NativeCrashListener: Couldn't find ProcessRecord for pid 12390
01-19 13:25:46.030  8974  9088 I BootReceiver: Copying /data/tombstones/tombstone_04 to DropBox (SYSTEM_TOMBSTONE)
01-19 13:25:51.083 12396 12396 I chatty  : uid=1021(gps) /system/bin/lhd expire 4 lines
01-19 13:25:51.241  8974  9234 W NativeCrashListener: Couldn't find ProcessRecord for pid 12396
01-19 13:25:51.244  8974  9088 I BootReceiver: Copying /data/tombstones/tombstone_05 to DropBox (SYSTEM_TOMBSTONE)
01-19 13:25:56.293 12403 12403 I chatty  : uid=1021(gps) /system/bin/lhd expire 4 lines
01-19 13:25:56.447  8974  9234 W NativeCrashListener: Couldn't find ProcessRecord for pid 12403
01-19 13:25:56.450  8974  9088 I BootReceiver: Copying /data/tombstones/tombstone_02 to DropBox (SYSTEM_TOMBSTONE)
01-19 13:26:01.503 12409 12409 I chatty  : uid=1021(gps) /system/bin/lhd expire 4 lines
01-19 13:26:01.656  8974  9234 W NativeCrashListener: Couldn't find ProcessRecord for pid 12409
01-19 13:26:01.658  8974  9088 I BootReceiver: Copying /data/tombstones/tombstone_00 to DropBox (SYSTEM_TOMBSTONE)
01-19 13:26:06.713 12415 12415 I chatty  : uid=1021(gps) /system/bin/lhd expire 4 lines
01-19 13:26:06.868  8974  9234 W NativeCrashListener: Couldn't find ProcessRecord for pid 12415
01-19 13:26:06.871  8974  9088 I BootReceiver: Copying /data/tombstones/tombstone_01 to DropBox (SYSTEM_TOMBSTONE)
01-19 13:26:10.923 12421 12421 I chatty  : uid=1021(gps) /system/bin/lhd expire 4 lines
01-19 13:26:11.086  8974  9234 W NativeCrashListener: Couldn't find ProcessRecord for pid 12421
01-19 13:26:11.089  8974  9088 I BootReceiver: Copying /data/tombstones/tombstone_06 to DropBox (SYSTEM_TOMBSTONE)
01-19 13:26:16.143 12428 12428 I chatty  : uid=1021(gps) /system/bin/lhd expire 4 lines
01-19 13:26:16.296  8974  9234 W NativeCrashListener: Couldn't find ProcessRecord for pid 12428
01-19 13:26:16.299  8974  9088 I BootReceiver: Copying /data/tombstones/tombstone_07 to DropBox (SYSTEM_TOMBSTONE)
01-19 13:26:21.353 12434 12434 I chatty  : uid=1021(gps) /system/bin/lhd expire 4 lines
01-19 13:26:21.508  8974  9234 W NativeCrashListener: Couldn't find ProcessRecord for pid 12434
01-19 13:26:21.511  8974  9088 I BootReceiver: Copying /data/tombstones/tombstone_08 to DropBox (SYSTEM_TOMBSTONE)
01-19 13:26:26.563 12440 12440 I chatty  : uid=1021(gps) /system/bin/lhd expire 4 lines
01-19 13:26:26.722  8974  9234 W NativeCrashListener: Couldn't find ProcessRecord for pid 12440
01-19 13:26:26.725  8974  9088 I BootReceiver: Copying /data/tombstones/tombstone_03 to DropBox (SYSTEM_TOMBSTONE)
01-19 13:26:31.773 12446 12446 I chatty  : uid=1021(gps) /system/bin/lhd expire 4 lines
01-19 13:26:31.944  8974  9234 W NativeCrashListener: Couldn't find ProcessRecord for pid 12446
01-19 13:26:31.947  8974  9088 I BootReceiver: Copying /data/tombstones/tombstone_09 to DropBox (SYSTEM_TOMBSTONE)
01-19 13:26:35.993 12452 12452 I chatty  : uid=1021(gps) /system/bin/lhd expire 4 lines
01-19 13:26:36.147  8974  9234 W NativeCrashListener: Couldn't find ProcessRecord for pid 12452
01-19 13:26:36.150  8974  9088 I BootReceiver: Copying /data/tombstones/tombstone_04 to DropBox (SYSTEM_TOMBSTONE)
01-19 13:26:41.203 12458 12458 I chatty  : uid=1021(gps) /system/bin/lhd expire 4 lines
01-19 13:26:41.354  8974  9234 W NativeCrashListener: Couldn't find ProcessRecord for pid 12458
01-19 13:26:41.357  8974  9088 I BootReceiver: Copying /data/tombstones/tombstone_05 to DropBox (SYSTEM_TOMBSTONE)
01-19 13:26:46.413 12465 12465 I chatty  : uid=1021(gps) /system/bin/lhd expire 4 lines
01-19 13:26:46.571  8974  9234 W NativeCrashListener: Couldn't find ProcessRecord for pid 12465
01-19 13:26:46.573  8974  9088 I BootReceiver: Copying /data/tombstones/tombstone_02 to DropBox (SYSTEM_TOMBSTONE)
01-19 13:26:51.623 12471 12471 I chatty  : uid=1021(gps) /system/bin/lhd expire 4 lines
01-19 13:26:51.789  8974  9234 W NativeCrashListener: Couldn't find ProcessRecord for pid 12471
01-19 13:26:51.792  8974  9088 I BootReceiver: Copying /data/tombstones/tombstone_00 to DropBox (SYSTEM_TOMBSTONE)
01-19 13:26:55.843 12477 12477 I chatty  : uid=1021(gps) /system/bin/lhd expire 4 lines
01-19 13:26:55.996  8974  9234 W NativeCrashListener: Couldn't find ProcessRecord for pid 12477
01-19 13:26:56.000  8974  9088 I BootReceiver: Copying /data/tombstones/tombstone_01 to DropBox (SYSTEM_TOMBSTONE)
01-19 13:27:01.053 12483 12483 I chatty  : uid=1021(gps) /system/bin/lhd expire 4 lines
01-19 13:27:01.208  8974  9234 W NativeCrashListener: Couldn't find ProcessRecord for pid 12483
01-19 13:27:01.211  8974  9088 I BootReceiver: Copying /data/tombstones/tombstone_06 to DropBox (SYSTEM_TOMBSTONE)
01-19 13:27:06.263 12489 12489 I chatty  : uid=1021(gps) /system/bin/lhd expire 4 lines
01-19 13:27:06.417  8974  9234 W NativeCrashListener: Couldn't find ProcessRecord for pid 12489
01-19 13:27:06.420  8974  9088 I BootReceiver: Copying /data/tombstones/tombstone_07 to DropBox (SYSTEM_TOMBSTONE)
01-19 13:27:11.323 12496 12496 I chatty  : uid=1021(gps) /system/bin/lhd expire 4 lines
01-19 13:27:11.468  8974  9234 W NativeCrashListener: Couldn't find ProcessRecord for pid 12496
01-19 13:27:11.471  8974  9088 I BootReceiver: Copying /data/tombstones/tombstone_08 to DropBox (SYSTEM_TOMBSTONE)
01-19 13:27:16.523 12509 12509 I chatty  : uid=1021(gps) /system/bin/lhd expire 4 lines
01-19 13:27:16.692  8974  9234 W NativeCrashListener: Couldn't find ProcessRecord for pid 12509
01-19 13:27:16.695  8974  9088 I BootReceiver: Copying /data/tombstones/tombstone_03 to DropBox (SYSTEM_TOMBSTONE)
01-19 13:27:21.743 12515 12515 I chatty  : uid=1021(gps) /system/bin/lhd expire 4 lines
01-19 13:27:21.914  8974  9234 W NativeCrashListener: Couldn't find ProcessRecord for pid 12515
01-19 13:27:21.918  8974  9088 I BootReceiver: Copying /data/tombstones/tombstone_09 to DropBox (SYSTEM_TOMBSTONE)
01-19 13:27:25.963 12521 12521 I chatty  : uid=1021(gps) /system/bin/lhd expire 4 lines
01-19 13:27:26.131  8974  9234 W NativeCrashListener: Couldn't find ProcessRecord for pid 12521
01-19 13:27:26.134  8974  9088 I BootReceiver: Copying /data/tombstones/tombstone_04 to DropBox (SYSTEM_TOMBSTONE)
01-19 13:27:31.183 12527 12527 I chatty  : uid=1021(gps) /system/bin/lhd expire 4 lines
01-19 13:27:31.348  8974  9234 W NativeCrashListener: Couldn't find ProcessRecord for pid 12527
01-19 13:27:31.351  8974  9088 I BootReceiver: Copying /data/tombstones/tombstone_05 to DropBox (SYSTEM_TOMBSTONE)
01-19 13:27:36.403 12533 12533 I chatty  : uid=1021(gps) /system/bin/lhd expire 4 lines
01-19 13:27:36.575  8974  9234 W NativeCrashListener: Couldn't find ProcessRecord for pid 12533
01-19 13:27:36.578  8974  9088 I BootReceiver: Copying /data/tombstones/tombstone_02 to DropBox (SYSTEM_TOMBSTONE)
01-19 13:27:41.633 12539 12539 I chatty  : uid=1021(gps) /system/bin/lhd expire 4 lines
01-19 13:27:41.788  8974  9234 W NativeCrashListener: Couldn't find ProcessRecord for pid 12539
01-19 13:27:41.791  8974  9088 I BootReceiver: Copying /data/tombstones/tombstone_00 to DropBox (SYSTEM_TOMBSTONE)
01-19 13:27:45.843 12546 12546 I chatty  : uid=1021(gps) /system/bin/lhd expire 4 lines
01-19 13:27:45.996  8974  9234 W NativeCrashListener: Couldn't find ProcessRecord for pid 12546
01-19 13:27:45.999  8974  9088 I BootReceiver: Copying /data/tombstones/tombstone_01 to DropBox (SYSTEM_TOMBSTONE)
01-19 13:27:51.053 12552 12552 I chatty  : uid=1021(gps) /system/bin/lhd expire 4 lines
01-19 13:27:51.209  8974  9234 W NativeCrashListener: Couldn't find ProcessRecord for pid 12552
01-19 13:27:51.212  8974  9088 I BootReceiver: Copying /data/tombstones/tombstone_06 to DropBox (SYSTEM_TOMBSTONE)
01-19 13:27:56.263 12558 12558 I chatty  : uid=1021(gps) /system/bin/lhd expire 4 lines
01-19 13:27:56.430  8974  9234 W NativeCrashListener: Couldn't find ProcessRecord for pid 12558
01-19 13:27:56.433  8974  9088 I BootReceiver: Copying /data/tombstones/tombstone_07 to DropBox (SYSTEM_TOMBSTONE)
01-19 13:28:01.483 12564 12564 I chatty  : uid=1021(gps) /system/bin/lhd expire 4 lines
01-19 13:28:01.636  8974  9234 W NativeCrashListener: Couldn't find ProcessRecord for pid 12564
01-19 13:28:01.638  8974  9088 I BootReceiver: Copying /data/tombstones/tombstone_08 to DropBox (SYSTEM_TOMBSTONE)
01-19 13:28:06.693 12570 12570 I chatty  : uid=1021(gps) /system/bin/lhd expire 4 lines
01-19 13:28:06.847  8974  9234 W NativeCrashListener: Couldn't find ProcessRecord for pid 12570
01-19 13:28:06.850  8974  9088 I BootReceiver: Copying /data/tombstones/tombstone_03 to DropBox (SYSTEM_TOMBSTONE)
01-19 13:28:10.903 12576 12576 I chatty  : uid=1021(gps) /system/bin/lhd expire 4 lines
01-19 13:28:11.058  8974  9234 W NativeCrashListener: Couldn't find ProcessRecord for pid 12576
01-19 13:28:11.062  8974  9088 I BootReceiver: Copying /data/tombstones/tombstone_09 to DropBox (SYSTEM_TOMBSTONE)
01-19 13:28:16.113 12583 12583 I chatty  : uid=1021(gps) /system/bin/lhd expire 4 lines
01-19 13:28:16.286  8974  9234 W NativeCrashListener: Couldn't find ProcessRecord for pid 12583
01-19 13:28:16.289  8974  9088 I BootReceiver: Copying /data/tombstones/tombstone_04 to DropBox (SYSTEM_TOMBSTONE)
01-19 13:28:21.343 12589 12589 I chatty  : uid=1021(gps) /system/bin/lhd expire 4 lines
01-19 13:28:21.496  8974  9234 W NativeCrashListener: Couldn't find ProcessRecord for pid 12589
01-19 13:28:21.498  8974  9088 I BootReceiver: Copying /data/tombstones/tombstone_05 to DropBox (SYSTEM_TOMBSTONE)
01-19 13:28:26.553 12595 12595 I chatty  : uid=1021(gps) /system/bin/lhd expire 4 lines
01-19 13:28:26.708  8974  9234 W NativeCrashListener: Couldn't find ProcessRecord for pid 12595
01-19 13:28:26.711  8974  9088 I BootReceiver: Copying /data/tombstones/tombstone_02 to DropBox (SYSTEM_TOMBSTONE)
01-19 13:28:31.763 12601 12601 I chatty  : uid=1021(gps) /system/bin/lhd expire 4 lines
01-19 13:28:31.918  8974  9234 W NativeCrashListener: Couldn't find ProcessRecord for pid 12601
01-19 13:28:31.921  8974  9088 I BootReceiver: Copying /data/tombstones/tombstone_00 to DropBox (SYSTEM_TOMBSTONE)
01-19 13:28:35.973 12607 12607 I chatty  : uid=1021(gps) /system/bin/lhd expire 4 lines
01-19 13:28:36.137  8974  9234 W NativeCrashListener: Couldn't find ProcessRecord for pid 12607
01-19 13:28:36.140  8974  9088 I BootReceiver: Copying /data/tombstones/tombstone_01 to DropBox (SYSTEM_TOMBSTONE)
01-19 13:28:41.193 12613 12613 I chatty  : uid=1021(gps) /system/bin/lhd expire 4 lines
01-19 13:28:41.361  8974  9234 W NativeCrashListener: Couldn't find ProcessRecord for pid 12613
01-19 13:28:41.365  8974  9088 I BootReceiver: Copying /data/tombstones/tombstone_06 to DropBox (SYSTEM_TOMBSTONE)
01-19 13:28:46.413 12620 12620 I chatty  : uid=1021(gps) /system/bin/lhd expire 4 lines
01-19 13:28:46.568  8974  9234 W NativeCrashListener: Couldn't find ProcessRecord for pid 12620
01-19 13:28:46.571  8974  9088 I BootReceiver: Copying /data/tombstones/tombstone_07 to DropBox (SYSTEM_TOMBSTONE)
01-19 13:28:51.623 12626 12626 I chatty  : uid=1021(gps) /system/bin/lhd expire 4 lines
01-19 13:28:51.778  8974  9234 W NativeCrashListener: Couldn't find ProcessRecord for pid 12626
01-19 13:28:51.781  8974  9088 I BootReceiver: Copying /data/tombstones/tombstone_08 to DropBox (SYSTEM_TOMBSTONE)
01-19 13:28:55.833 12632 12632 I chatty  : uid=1021(gps) /system/bin/lhd expire 4 lines
01-19 13:28:55.983  8974  9234 W NativeCrashListener: Couldn't find ProcessRecord for pid 12632
01-19 13:28:55.986  8974  9088 I BootReceiver: Copying /data/tombstones/tombstone_03 to DropBox (SYSTEM_TOMBSTONE)
01-19 13:29:01.033 12638 12638 I chatty  : uid=1021(gps) /system/bin/lhd expire 4 lines
01-19 13:29:01.196  8974  9234 W NativeCrashListener: Couldn't find ProcessRecord for pid 12638
01-19 13:29:01.199  8974  9088 I BootReceiver: Copying /data/tombstones/tombstone_09 to DropBox (SYSTEM_TOMBSTONE)
01-19 13:29:06.253 12644 12644 I chatty  : uid=1021(gps) /system/bin/lhd expire 4 lines
01-19 13:29:06.405  8974  9234 W NativeCrashListener: Couldn't find ProcessRecord for pid 12644
01-19 13:29:06.408  8974  9088 I BootReceiver: Copying /data/tombstones/tombstone_04 to DropBox (SYSTEM_TOMBSTONE)
01-19 13:29:11.463 12650 12650 I chatty  : uid=1021(gps) /system/bin/lhd expire 4 lines
01-19 13:29:11.618  8974  9234 W NativeCrashListener: Couldn't find ProcessRecord for pid 12650
01-19 13:29:11.622  8974  9088 I BootReceiver: Copying /data/tombstones/tombstone_05 to DropBox (SYSTEM_TOMBSTONE)
01-19 13:29:16.673 12658 12658 I chatty  : uid=1021(gps) /system/bin/lhd expire 4 lines
01-19 13:29:16.838  8974  9234 W NativeCrashListener: Couldn't find ProcessRecord for pid 12658
01-19 13:29:16.841  8974  9088 I BootReceiver: Copying /data/tombstones/tombstone_02 to DropBox (SYSTEM_TOMBSTONE)
01-19 13:29:20.893 12664 12664 I chatty  : uid=1021(gps) /system/bin/lhd expire 4 lines
01-19 13:29:21.056  8974  9234 W NativeCrashListener: Couldn't find ProcessRecord for pid 12664
01-19 13:29:21.059  8974  9088 I BootReceiver: Copying /data/tombstones/tombstone_00 to DropBox (SYSTEM_TOMBSTONE)
01-19 13:29:26.113 12670 12670 I chatty  : uid=1021(gps) /system/bin/lhd expire 4 lines
01-19 13:29:26.267  8974  9234 W NativeCrashListener: Couldn't find ProcessRecord for pid 12670
01-19 13:29:26.270  8974  9088 I BootReceiver: Copying /data/tombstones/tombstone_01 to DropBox (SYSTEM_TOMBSTONE)
01-19 13:29:31.323 12676 12676 I chatty  : uid=1021(gps) /system/bin/lhd expire 4 lines
01-19 13:29:31.478  8974  9234 W NativeCrashListener: Couldn't find ProcessRecord for pid 12676
01-19 13:29:31.481  8974  9088 I BootReceiver: Copying /data/tombstones/tombstone_06 to DropBox (SYSTEM_TOMBSTONE)
01-19 13:29:36.533 12682 12682 I chatty  : uid=1021(gps) /system/bin/lhd expire 4 lines
01-19 13:29:36.685  8974  9234 W NativeCrashListener: Couldn't find ProcessRecord for pid 12682
01-19 13:29:36.687  8974  9088 I BootReceiver: Copying /data/tombstones/tombstone_07 to DropBox (SYSTEM_TOMBSTONE)
01-19 13:29:41.743 12688 12688 I chatty  : uid=1021(gps) /system/bin/lhd expire 4 lines
01-19 13:29:41.895  8974  9234 W NativeCrashListener: Couldn't find ProcessRecord for pid 12688
01-19 13:29:41.898  8974  9088 I BootReceiver: Copying /data/tombstones/tombstone_08 to DropBox (SYSTEM_TOMBSTONE)
01-19 13:29:43.641  8974  9086 E BatteryStatsService: no controller energy info supplied
01-19 13:29:45.642  8974  9086 W BatteryStatsService: Timeout reading modem stats
01-19 13:29:45.943 12695 12695 I chatty  : uid=1021(gps) /system/bin/lhd expire 4 lines
01-19 13:29:46.102  8974  9234 W NativeCrashListener: Couldn't find ProcessRecord for pid 12695
01-19 13:29:46.105  8974  9088 I BootReceiver: Copying /data/tombstones/tombstone_03 to DropBox (SYSTEM_TOMBSTONE)
01-19 13:29:47.781  8974  9140 I WifiConnectivityManager: start a single scan from watchdogHandler
01-19 13:29:47.781  8974  9140 I WifiConnectivityManager: scheduleWatchdogTimer
01-19 13:29:47.791  8974  9083 I ProcessStatsService: Prepared write state in 4ms
01-19 13:29:47.804  8974  9135 W ConnectivityExtension: ConnectivityExt jar file not present
01-19 13:29:48.198  8974  9082 I ProcessStatsService: Pruning old procstats: /data/system/procstats/state-2016-01-16-22-32-35.bin
01-19 13:29:51.153 12702 12702 I chatty  : uid=1021(gps) /system/bin/lhd expire 4 lines
01-19 13:29:51.163  2944  2944 I chatty  : uid=0(root) /system/bin/debuggerd64 expire 636 lines
01-19 13:29:51.308  8974  9234 W NativeCrashListener: Couldn't find ProcessRecord for pid 12702
01-19 13:29:51.312  8974  9088 I BootReceiver: Copying /data/tombstones/tombstone_09 to DropBox (SYSTEM_TOMBSTONE)
01-19 13:29:56.363 12708 12708 I chatty  : uid=1021(gps) /system/bin/lhd expire 4 lines
01-19 13:29:56.529  8974  9234 W NativeCrashListener: Couldn't find ProcessRecord for pid 12708
01-19 13:29:56.532  8974  9088 I BootReceiver: Copying /data/tombstones/tombstone_04 to DropBox (SYSTEM_TOMBSTONE)
01-19 13:30:01.583 12716 12716 I chatty  : uid=1021(gps) /system/bin/lhd expire 4 lines
01-19 13:30:01.739  8974  9234 W NativeCrashListener: Couldn't find ProcessRecord for pid 12716
01-19 13:30:01.742  8974  9088 I BootReceiver: Copying /data/tombstones/tombstone_05 to DropBox (SYSTEM_TOMBSTONE)
01-19 13:30:06.793 12722 12722 I chatty  : uid=1021(gps) /system/bin/lhd expire 4 lines
01-19 13:30:06.951  8974  9234 W NativeCrashListener: Couldn't find ProcessRecord for pid 12722
01-19 13:30:06.954  8974  9088 I BootReceiver: Copying /data/tombstones/tombstone_02 to DropBox (SYSTEM_TOMBSTONE)
01-19 13:30:11.003 12728 12728 I chatty  : uid=1021(gps) /system/bin/lhd expire 4 lines
01-19 13:30:11.156  8974  9234 W NativeCrashListener: Couldn't find ProcessRecord for pid 12728
01-19 13:30:11.158  8974  9088 I BootReceiver: Copying /data/tombstones/tombstone_00 to DropBox (SYSTEM_TOMBSTONE)
01-19 13:30:16.283 12742 12742 I chatty  : uid=1021(gps) /system/bin/lhd expire 4 lines
01-19 13:30:16.449  8974  9234 W NativeCrashListener: Couldn't find ProcessRecord for pid 12742
01-19 13:30:16.452  8974  9088 I BootReceiver: Copying /data/tombstones/tombstone_01 to DropBox (SYSTEM_TOMBSTONE)
01-19 13:30:21.503 12748 12748 I chatty  : uid=1021(gps) /system/bin/lhd expire 4 lines
01-19 13:30:21.662  8974  9234 W NativeCrashListener: Couldn't find ProcessRecord for pid 12748
01-19 13:30:21.665  8974  9088 I BootReceiver: Copying /data/tombstones/tombstone_06 to DropBox (SYSTEM_TOMBSTONE)
01-19 13:30:26.713 12755 12755 I chatty  : uid=1021(gps) /system/bin/lhd expire 4 lines
01-19 13:30:26.870  8974  9234 W NativeCrashListener: Couldn't find ProcessRecord for pid 12755
01-19 13:30:26.873  8974  9088 I BootReceiver: Copying /data/tombstones/tombstone_07 to DropBox (SYSTEM_TOMBSTONE)
01-19 13:30:30.923 12761 12761 I chatty  : uid=1021(gps) /system/bin/lhd expire 4 lines
01-19 13:30:31.088  8974  9234 W NativeCrashListener: Couldn't find ProcessRecord for pid 12761
01-19 13:30:31.091  8974  9088 I BootReceiver: Copying /data/tombstones/tombstone_08 to DropBox (SYSTEM_TOMBSTONE)
01-19 13:30:36.143 12767 12767 I chatty  : uid=1021(gps) /system/bin/lhd expire 4 lines
01-19 13:30:36.313  8974  9234 W NativeCrashListener: Couldn't find ProcessRecord for pid 12767
01-19 13:30:36.316  8974  9088 I BootReceiver: Copying /data/tombstones/tombstone_03 to DropBox (SYSTEM_TOMBSTONE)
01-19 13:30:41.363 12773 12773 I chatty  : uid=1021(gps) /system/bin/lhd expire 4 lines
01-19 13:30:41.528  8974  9234 W NativeCrashListener: Couldn't find ProcessRecord for pid 12773
01-19 13:30:41.532  8974  9088 I BootReceiver: Copying /data/tombstones/tombstone_09 to DropBox (SYSTEM_TOMBSTONE)
01-19 13:30:46.583 12780 12780 I chatty  : uid=1021(gps) /system/bin/lhd expire 4 lines
01-19 13:30:46.748  8974  9234 W NativeCrashListener: Couldn't find ProcessRecord for pid 12780
01-19 13:30:46.751  8974  9088 I BootReceiver: Copying /data/tombstones/tombstone_04 to DropBox (SYSTEM_TOMBSTONE)
01-19 13:30:51.803 12786 12786 I chatty  : uid=1021(gps) /system/bin/lhd expire 4 lines
01-19 13:30:51.967  8974  9234 W NativeCrashListener: Couldn't find ProcessRecord for pid 12786
01-19 13:30:51.970  8974  9088 I BootReceiver: Copying /data/tombstones/tombstone_05 to DropBox (SYSTEM_TOMBSTONE)
01-19 13:30:56.023 12792 12792 I chatty  : uid=1021(gps) /system/bin/lhd expire 4 lines
01-19 13:30:56.178  8974  9234 W NativeCrashListener: Couldn't find ProcessRecord for pid 12792
01-19 13:30:56.181  8974  9088 I BootReceiver: Copying /data/tombstones/tombstone_02 to DropBox (SYSTEM_TOMBSTONE)
01-19 13:31:01.233 12798 12798 I chatty  : uid=1021(gps) /system/bin/lhd expire 4 lines
01-19 13:31:01.402  8974  9234 W NativeCrashListener: Couldn't find ProcessRecord for pid 12798
01-19 13:31:01.405  8974  9088 I BootReceiver: Copying /data/tombstones/tombstone_00 to DropBox (SYSTEM_TOMBSTONE)
01-19 13:31:06.453 12804 12804 I chatty  : uid=1021(gps) /system/bin/lhd expire 4 lines
01-19 13:31:06.616  8974  9234 W NativeCrashListener: Couldn't find ProcessRecord for pid 12804
01-19 13:31:06.619  8974  9088 I BootReceiver: Copying /data/tombstones/tombstone_01 to DropBox (SYSTEM_TOMBSTONE)
01-19 13:31:11.673 12810 12810 I chatty  : uid=1021(gps) /system/bin/lhd expire 4 lines
01-19 13:31:11.825  8974  9234 W NativeCrashListener: Couldn't find ProcessRecord for pid 12810
01-19 13:31:11.827  8974  9088 I BootReceiver: Copying /data/tombstones/tombstone_06 to DropBox (SYSTEM_TOMBSTONE)
01-19 13:31:15.873 12817 12817 I chatty  : uid=1021(gps) /system/bin/lhd expire 4 lines
01-19 13:31:16.038  8974  9234 W NativeCrashListener: Couldn't find ProcessRecord for pid 12817
01-19 13:31:16.041  8974  9088 I BootReceiver: Copying /data/tombstones/tombstone_07 to DropBox (SYSTEM_TOMBSTONE)
01-19 13:31:21.093 12823 12823 I chatty  : uid=1021(gps) /system/bin/lhd expire 4 lines
01-19 13:31:21.262  8974  9234 W NativeCrashListener: Couldn't find ProcessRecord for pid 12823
01-19 13:31:21.265  8974  9088 I BootReceiver: Copying /data/tombstones/tombstone_08 to DropBox (SYSTEM_TOMBSTONE)
01-19 13:31:26.313 12830 12830 I chatty  : uid=1021(gps) /system/bin/lhd expire 4 lines
01-19 13:31:26.484  8974  9234 W NativeCrashListener: Couldn't find ProcessRecord for pid 12830
01-19 13:31:26.489  8974  9088 I BootReceiver: Copying /data/tombstones/tombstone_03 to DropBox (SYSTEM_TOMBSTONE)
01-19 13:31:31.543 12845 12845 I chatty  : uid=1021(gps) /system/bin/lhd expire 4 lines
01-19 13:31:31.698  8974  9234 W NativeCrashListener: Couldn't find ProcessRecord for pid 12845
01-19 13:31:31.702  8974  9088 I BootReceiver: Copying /data/tombstones/tombstone_09 to DropBox (SYSTEM_TOMBSTONE)
01-19 13:31:36.783 12852 12852 I chatty  : uid=1021(gps) /system/bin/lhd expire 4 lines
01-19 13:31:36.935  8974  9234 W NativeCrashListener: Couldn't find ProcessRecord for pid 12852
01-19 13:31:36.939  8974  9088 I BootReceiver: Copying /data/tombstones/tombstone_04 to DropBox (SYSTEM_TOMBSTONE)
01-19 13:31:40.983 12858 12858 I chatty  : uid=1021(gps) /system/bin/lhd expire 4 lines
01-19 13:31:41.140  8974  9234 W NativeCrashListener: Couldn't find ProcessRecord for pid 12858
01-19 13:31:41.143  8974  9088 I BootReceiver: Copying /data/tombstones/tombstone_05 to DropBox (SYSTEM_TOMBSTONE)
01-19 13:31:46.193 12865 12865 I chatty  : uid=1021(gps) /system/bin/lhd expire 4 lines
01-19 13:31:46.339  8974  9234 W NativeCrashListener: Couldn't find ProcessRecord for pid 12865
01-19 13:31:46.342  8974  9088 I BootReceiver: Copying /data/tombstones/tombstone_02 to DropBox (SYSTEM_TOMBSTONE)
01-19 13:31:51.393 12872 12872 I chatty  : uid=1021(gps) /system/bin/lhd expire 4 lines
01-19 13:31:51.552  8974  9234 W NativeCrashListener: Couldn't find ProcessRecord for pid 12872
01-19 13:31:51.555  8974  9088 I BootReceiver: Copying /data/tombstones/tombstone_00 to DropBox (SYSTEM_TOMBSTONE)
01-19 13:31:56.603 12883 12883 I chatty  : uid=1021(gps) /system/bin/lhd expire 4 lines
01-19 13:31:56.763  8974  9234 W NativeCrashListener: Couldn't find ProcessRecord for pid 12883
01-19 13:31:56.766  8974  9088 I BootReceiver: Copying /data/tombstones/tombstone_01 to DropBox (SYSTEM_TOMBSTONE)
01-19 13:32:00.813 12890 12890 I chatty  : uid=1021(gps) /system/bin/lhd expire 4 lines
01-19 13:32:00.969  8974  9234 W NativeCrashListener: Couldn't find ProcessRecord for pid 12890
01-19 13:32:00.972  8974  9088 I BootReceiver: Copying /data/tombstones/tombstone_06 to DropBox (SYSTEM_TOMBSTONE)
01-19 13:32:06.023 12896 12896 I chatty  : uid=1021(gps) /system/bin/lhd expire 4 lines
01-19 13:32:06.192  8974  9234 W NativeCrashListener: Couldn't find ProcessRecord for pid 12896
01-19 13:32:06.196  8974  9088 I BootReceiver: Copying /data/tombstones/tombstone_07 to DropBox (SYSTEM_TOMBSTONE)
01-19 13:32:11.243 12902 12902 I chatty  : uid=1021(gps) /system/bin/lhd expire 4 lines
01-19 13:32:11.408  8974  9234 W NativeCrashListener: Couldn't find ProcessRecord for pid 12902
01-19 13:32:11.412  8974  9088 I BootReceiver: Copying /data/tombstones/tombstone_08 to DropBox (SYSTEM_TOMBSTONE)
01-19 13:32:16.463 12909 12909 I chatty  : uid=1021(gps) /system/bin/lhd expire 4 lines
01-19 13:32:16.633  8974  9234 W NativeCrashListener: Couldn't find ProcessRecord for pid 12909
01-19 13:32:16.636  8974  9088 I BootReceiver: Copying /data/tombstones/tombstone_03 to DropBox (SYSTEM_TOMBSTONE)
01-19 13:32:21.683 12915 12915 I chatty  : uid=1021(gps) /system/bin/lhd expire 4 lines
01-19 13:32:21.848  8974  9234 W NativeCrashListener: Couldn't find ProcessRecord for pid 12915
01-19 13:32:21.851  8974  9088 I BootReceiver: Copying /data/tombstones/tombstone_09 to DropBox (SYSTEM_TOMBSTONE)
01-19 13:32:25.903 12921 12921 I chatty  : uid=1021(gps) /system/bin/lhd expire 4 lines
01-19 13:32:26.064  8974  9234 W NativeCrashListener: Couldn't find ProcessRecord for pid 12921
01-19 13:32:26.068  8974  9088 I BootReceiver: Copying /data/tombstones/tombstone_04 to DropBox (SYSTEM_TOMBSTONE)
01-19 13:32:31.113 12927 12927 I chatty  : uid=1021(gps) /system/bin/lhd expire 4 lines
01-19 13:32:31.278  8974  9234 W NativeCrashListener: Couldn't find ProcessRecord for pid 12927
01-19 13:32:31.282  8974  9088 I BootReceiver: Copying /data/tombstones/tombstone_05 to DropBox (SYSTEM_TOMBSTONE)
01-19 13:32:36.333 12933 12933 I chatty  : uid=1021(gps) /system/bin/lhd expire 4 lines
01-19 13:32:36.503  8974  9234 W NativeCrashListener: Couldn't find ProcessRecord for pid 12933
01-19 13:32:36.506  8974  9088 I BootReceiver: Copying /data/tombstones/tombstone_02 to DropBox (SYSTEM_TOMBSTONE)
01-19 13:32:41.553 12939 12939 I chatty  : uid=1021(gps) /system/bin/lhd expire 4 lines
01-19 13:32:41.719  8974  9234 W NativeCrashListener: Couldn't find ProcessRecord for pid 12939
01-19 13:32:41.722  8974  9088 I BootReceiver: Copying /data/tombstones/tombstone_00 to DropBox (SYSTEM_TOMBSTONE)
01-19 13:32:46.803 12946 12946 I chatty  : uid=1021(gps) /system/bin/lhd expire 4 lines
01-19 13:32:46.952  8974  9234 W NativeCrashListener: Couldn't find ProcessRecord for pid 12946
01-19 13:32:46.955  8974  9088 I BootReceiver: Copying /data/tombstones/tombstone_01 to DropBox (SYSTEM_TOMBSTONE)
01-19 13:32:51.003 12952 12952 I chatty  : uid=1021(gps) /system/bin/lhd expire 4 lines
01-19 13:32:51.159  8974  9234 W NativeCrashListener: Couldn't find ProcessRecord for pid 12952
01-19 13:32:51.162  8974  9088 I BootReceiver: Copying /data/tombstones/tombstone_06 to DropBox (SYSTEM_TOMBSTONE)
01-19 13:32:56.213 12958 12958 I chatty  : uid=1021(gps) /system/bin/lhd expire 4 lines
01-19 13:32:56.369  8974  9234 W NativeCrashListener: Couldn't find ProcessRecord for pid 12958
01-19 13:32:56.372  8974  9088 I BootReceiver: Copying /data/tombstones/tombstone_07 to DropBox (SYSTEM_TOMBSTONE)
01-19 13:33:01.423 12964 12964 I chatty  : uid=1021(gps) /system/bin/lhd expire 4 lines
01-19 13:33:01.593  8974  9234 W NativeCrashListener: Couldn't find ProcessRecord for pid 12964
01-19 13:33:01.597  8974  9088 I BootReceiver: Copying /data/tombstones/tombstone_08 to DropBox (SYSTEM_TOMBSTONE)
01-19 13:33:06.643 12970 12970 I chatty  : uid=1021(gps) /system/bin/lhd expire 4 lines
01-19 13:33:06.814  8974  9234 W NativeCrashListener: Couldn't find ProcessRecord for pid 12970
01-19 13:33:06.818  8974  9088 I BootReceiver: Copying /data/tombstones/tombstone_03 to DropBox (SYSTEM_TOMBSTONE)
01-19 13:33:10.863 12976 12976 I chatty  : uid=1021(gps) /system/bin/lhd expire 4 lines
01-19 13:33:11.028  8974  9234 W NativeCrashListener: Couldn't find ProcessRecord for pid 12976
01-19 13:33:11.031  8974  9088 I BootReceiver: Copying /data/tombstones/tombstone_09 to DropBox (SYSTEM_TOMBSTONE)
01-19 13:33:16.083 12983 12983 I chatty  : uid=1021(gps) /system/bin/lhd expire 4 lines
01-19 13:33:16.238  8974  9234 W NativeCrashListener: Couldn't find ProcessRecord for pid 12983
01-19 13:33:16.241  8974  9088 I BootReceiver: Copying /data/tombstones/tombstone_04 to DropBox (SYSTEM_TOMBSTONE)
01-19 13:33:21.053 12997 12997 I chatty  : uid=1021(gps) /system/bin/lhd expire 4 lines
01-19 13:33:21.207  8974  9234 W NativeCrashListener: Couldn't find ProcessRecord for pid 12997
01-19 13:33:21.210  8974  9088 I BootReceiver: Copying /data/tombstones/tombstone_05 to DropBox (SYSTEM_TOMBSTONE)
01-19 13:33:26.263 13003 13003 I chatty  : uid=1021(gps) /system/bin/lhd expire 4 lines
01-19 13:33:26.415  8974  9234 W NativeCrashListener: Couldn't find ProcessRecord for pid 13003
01-19 13:33:26.418  8974  9088 I BootReceiver: Copying /data/tombstones/tombstone_02 to DropBox (SYSTEM_TOMBSTONE)
01-19 13:33:31.473 13009 13009 I chatty  : uid=1021(gps) /system/bin/lhd expire 4 lines
01-19 13:33:31.632  8974  9234 W NativeCrashListener: Couldn't find ProcessRecord for pid 13009
01-19 13:33:31.635  8974  9088 I BootReceiver: Copying /data/tombstones/tombstone_00 to DropBox (SYSTEM_TOMBSTONE)
01-19 13:33:36.683 13015 13015 I chatty  : uid=1021(gps) /system/bin/lhd expire 4 lines
01-19 13:33:36.849  8974  9234 W NativeCrashListener: Couldn't find ProcessRecord for pid 13015
01-19 13:33:36.852  8974  9088 I BootReceiver: Copying /data/tombstones/tombstone_01 to DropBox (SYSTEM_TOMBSTONE)
01-19 13:33:40.903 13021 13021 I chatty  : uid=1021(gps) /system/bin/lhd expire 4 lines
01-19 13:33:41.059  8974  9234 W NativeCrashListener: Couldn't find ProcessRecord for pid 13021
01-19 13:33:41.062  8974  9088 I BootReceiver: Copying /data/tombstones/tombstone_06 to DropBox (SYSTEM_TOMBSTONE)
01-19 13:33:46.113 13028 13028 I chatty  : uid=1021(gps) /system/bin/lhd expire 4 lines
01-19 13:33:46.279  8974  9234 W NativeCrashListener: Couldn't find ProcessRecord for pid 13028
01-19 13:33:46.282  8974  9088 I BootReceiver: Copying /data/tombstones/tombstone_07 to DropBox (SYSTEM_TOMBSTONE)
01-19 13:33:51.343 13034 13034 I chatty  : uid=1021(gps) /system/bin/lhd expire 4 lines
01-19 13:33:51.503  8974  9234 W NativeCrashListener: Couldn't find ProcessRecord for pid 13034
01-19 13:33:51.506  8974  9088 I BootReceiver: Copying /data/tombstones/tombstone_08 to DropBox (SYSTEM_TOMBSTONE)
01-19 13:33:56.553 13040 13040 I chatty  : uid=1021(gps) /system/bin/lhd expire 4 lines
01-19 13:33:56.713  8974  9234 W NativeCrashListener: Couldn't find ProcessRecord for pid 13040
01-19 13:33:56.716  8974  9088 I BootReceiver: Copying /data/tombstones/tombstone_03 to DropBox (SYSTEM_TOMBSTONE)
01-19 13:34:01.803 13046 13046 I chatty  : uid=1021(gps) /system/bin/lhd expire 4 lines
01-19 13:34:01.953  8974  9234 W NativeCrashListener: Couldn't find ProcessRecord for pid 13046
01-19 13:34:01.955  8974  9088 I BootReceiver: Copying /data/tombstones/tombstone_09 to DropBox (SYSTEM_TOMBSTONE)
01-19 13:34:06.003 13052 13052 I chatty  : uid=1021(gps) /system/bin/lhd expire 4 lines
01-19 13:34:06.169  8974  9234 W NativeCrashListener: Couldn't find ProcessRecord for pid 13052
01-19 13:34:06.172  8974  9088 I BootReceiver: Copying /data/tombstones/tombstone_04 to DropBox (SYSTEM_TOMBSTONE)
01-19 13:34:11.223 13058 13058 I chatty  : uid=1021(gps) /system/bin/lhd expire 4 lines
01-19 13:34:11.383  8974  9234 W NativeCrashListener: Couldn't find ProcessRecord for pid 13058
01-19 13:34:11.385  8974  9088 I BootReceiver: Copying /data/tombstones/tombstone_05 to DropBox (SYSTEM_TOMBSTONE)
01-19 13:34:16.433 13065 13065 I chatty  : uid=1021(gps) /system/bin/lhd expire 4 lines
01-19 13:34:16.599  8974  9234 W NativeCrashListener: Couldn't find ProcessRecord for pid 13065
01-19 13:34:16.602  8974  9088 I BootReceiver: Copying /data/tombstones/tombstone_02 to DropBox (SYSTEM_TOMBSTONE)
01-19 13:34:21.653 13071 13071 I chatty  : uid=1021(gps) /system/bin/lhd expire 4 lines
01-19 13:34:21.810  8974  9234 W NativeCrashListener: Couldn't find ProcessRecord for pid 13071
01-19 13:34:21.813  8974  9088 I BootReceiver: Copying /data/tombstones/tombstone_00 to DropBox (SYSTEM_TOMBSTONE)
01-19 13:34:25.863 13077 13077 I chatty  : uid=1021(gps) /system/bin/lhd expire 4 lines
01-19 13:34:26.018  8974  9234 W NativeCrashListener: Couldn't find ProcessRecord for pid 13077
01-19 13:34:26.022  8974  9088 I BootReceiver: Copying /data/tombstones/tombstone_01 to DropBox (SYSTEM_TOMBSTONE)
01-19 13:34:31.073 13083 13083 I chatty  : uid=1021(gps) /system/bin/lhd expire 4 lines
01-19 13:34:31.239  8974  9234 W NativeCrashListener: Couldn't find ProcessRecord for pid 13083
01-19 13:34:31.242  8974  9088 I BootReceiver: Copying /data/tombstones/tombstone_06 to DropBox (SYSTEM_TOMBSTONE)
01-19 13:34:36.293 13089 13089 I chatty  : uid=1021(gps) /system/bin/lhd expire 4 lines
01-19 13:34:36.449  8974  9234 W NativeCrashListener: Couldn't find ProcessRecord for pid 13089
01-19 13:34:36.452  8974  9088 I BootReceiver: Copying /data/tombstones/tombstone_07 to DropBox (SYSTEM_TOMBSTONE)
01-19 13:34:41.503 13095 13095 I chatty  : uid=1021(gps) /system/bin/lhd expire 4 lines
01-19 13:34:41.657  8974  9234 W NativeCrashListener: Couldn't find ProcessRecord for pid 13095
01-19 13:34:41.660  8974  9088 I BootReceiver: Copying /data/tombstones/tombstone_08 to DropBox (SYSTEM_TOMBSTONE)
01-19 13:34:46.743 13102 13102 I chatty  : uid=1021(gps) /system/bin/lhd expire 4 lines
01-19 13:34:46.913  8974  9234 W NativeCrashListener: Couldn't find ProcessRecord for pid 13102
01-19 13:34:46.916  8974  9088 I BootReceiver: Copying /data/tombstones/tombstone_03 to DropBox (SYSTEM_TOMBSTONE)
01-19 13:34:50.973 13108 13108 I chatty  : uid=1021(gps) /system/bin/lhd expire 4 lines
01-19 13:34:51.145  8974  9234 W NativeCrashListener: Couldn't find ProcessRecord for pid 13108
01-19 13:34:51.148  8974  9088 I BootReceiver: Copying /data/tombstones/tombstone_09 to DropBox (SYSTEM_TOMBSTONE)
01-19 13:34:56.203 13114 13114 I chatty  : uid=1021(gps) /system/bin/lhd expire 4 lines
01-19 13:34:56.362  8974  9234 W NativeCrashListener: Couldn't find ProcessRecord for pid 13114
01-19 13:34:56.365  8974  9088 I BootReceiver: Copying /data/tombstones/tombstone_04 to DropBox (SYSTEM_TOMBSTONE)
01-19 13:35:01.413 13120 13120 I chatty  : uid=1021(gps) /system/bin/lhd expire 4 lines
01-19 13:35:01.579  8974  9234 W NativeCrashListener: Couldn't find ProcessRecord for pid 13120
01-19 13:35:01.582  8974  9088 I BootReceiver: Copying /data/tombstones/tombstone_05 to DropBox (SYSTEM_TOMBSTONE)
01-19 13:35:06.633 13126 13126 I chatty  : uid=1021(gps) /system/bin/lhd expire 4 lines
01-19 13:35:06.786  8974  9234 W NativeCrashListener: Couldn't find ProcessRecord for pid 13126
01-19 13:35:06.789  8974  9088 I BootReceiver: Copying /data/tombstones/tombstone_02 to DropBox (SYSTEM_TOMBSTONE)
01-19 13:35:10.843 13133 13133 I chatty  : uid=1021(gps) /system/bin/lhd expire 4 lines
01-19 13:35:10.999  8974  9234 W NativeCrashListener: Couldn't find ProcessRecord for pid 13133
01-19 13:35:11.002  8974  9088 I BootReceiver: Copying /data/tombstones/tombstone_00 to DropBox (SYSTEM_TOMBSTONE)
01-19 13:35:16.053 13140 13140 I chatty  : uid=1021(gps) /system/bin/lhd expire 4 lines
01-19 13:35:16.213  8974  9234 W NativeCrashListener: Couldn't find ProcessRecord for pid 13140
01-19 13:35:16.216  8974  9088 I BootReceiver: Copying /data/tombstones/tombstone_01 to DropBox (SYSTEM_TOMBSTONE)
01-19 13:35:21.263 13146 13146 I chatty  : uid=1021(gps) /system/bin/lhd expire 4 lines
01-19 13:35:21.428  8974  9234 W NativeCrashListener: Couldn't find ProcessRecord for pid 13146
01-19 13:35:21.431  8974  9088 I BootReceiver: Copying /data/tombstones/tombstone_06 to DropBox (SYSTEM_TOMBSTONE)
01-19 13:35:26.483 13153 13153 I chatty  : uid=1021(gps) /system/bin/lhd expire 4 lines
01-19 13:35:26.653  8974  9234 W NativeCrashListener: Couldn't find ProcessRecord for pid 13153
01-19 13:35:26.656  8974  9088 I BootReceiver: Copying /data/tombstones/tombstone_07 to DropBox (SYSTEM_TOMBSTONE)
01-19 13:35:31.703 13159 13159 I chatty  : uid=1021(gps) /system/bin/lhd expire 4 lines
01-19 13:35:31.868  8974  9234 W NativeCrashListener: Couldn't find ProcessRecord for pid 13159
01-19 13:35:31.871  8974  9088 I BootReceiver: Copying /data/tombstones/tombstone_08 to DropBox (SYSTEM_TOMBSTONE)
01-19 13:35:35.923 13165 13165 I chatty  : uid=1021(gps) /system/bin/lhd expire 4 lines
01-19 13:35:36.079  8974  9234 W NativeCrashListener: Couldn't find ProcessRecord for pid 13165
01-19 13:35:36.082  8974  9088 I BootReceiver: Copying /data/tombstones/tombstone_03 to DropBox (SYSTEM_TOMBSTONE)
01-19 13:35:41.133 13171 13171 I chatty  : uid=1021(gps) /system/bin/lhd expire 4 lines
01-19 13:35:41.292  8974  9234 W NativeCrashListener: Couldn't find ProcessRecord for pid 13171
01-19 13:35:41.295  8974  9088 I BootReceiver: Copying /data/tombstones/tombstone_09 to DropBox (SYSTEM_TOMBSTONE)
01-19 13:35:46.343 13178 13178 I chatty  : uid=1021(gps) /system/bin/lhd expire 4 lines
01-19 13:35:46.513  8974  9234 W NativeCrashListener: Couldn't find ProcessRecord for pid 13178
01-19 13:35:46.516  8974  9088 I BootReceiver: Copying /data/tombstones/tombstone_04 to DropBox (SYSTEM_TOMBSTONE)
01-19 13:35:51.563 13184 13184 I chatty  : uid=1021(gps) /system/bin/lhd expire 4 lines
01-19 13:35:51.717  8974  9234 W NativeCrashListener: Couldn't find ProcessRecord for pid 13184
01-19 13:35:51.720  8974  9088 I BootReceiver: Copying /data/tombstones/tombstone_05 to DropBox (SYSTEM_TOMBSTONE)
01-19 13:35:56.773 13190 13190 I chatty  : uid=1021(gps) /system/bin/lhd expire 4 lines
01-19 13:35:56.942  8974  9234 W NativeCrashListener: Couldn't find ProcessRecord for pid 13190
01-19 13:35:56.945  8974  9088 I BootReceiver: Copying /data/tombstones/tombstone_02 to DropBox (SYSTEM_TOMBSTONE)
01-19 13:36:00.993 13196 13196 I chatty  : uid=1021(gps) /system/bin/lhd expire 4 lines
01-19 13:36:01.158  8974  9234 W NativeCrashListener: Couldn't find ProcessRecord for pid 13196
01-19 13:36:01.161  8974  9088 I BootReceiver: Copying /data/tombstones/tombstone_00 to DropBox (SYSTEM_TOMBSTONE)
01-19 13:36:06.213 13202 13202 I chatty  : uid=1021(gps) /system/bin/lhd expire 4 lines
01-19 13:36:06.372  8974  9234 W NativeCrashListener: Couldn't find ProcessRecord for pid 13202
01-19 13:36:06.376  8974  9088 I BootReceiver: Copying /data/tombstones/tombstone_01 to DropBox (SYSTEM_TOMBSTONE)
01-19 13:36:11.423 13208 13208 I chatty  : uid=1021(gps) /system/bin/lhd expire 4 lines
01-19 13:36:11.578  8974  9234 W NativeCrashListener: Couldn't find ProcessRecord for pid 13208
01-19 13:36:11.581  8974  9088 I BootReceiver: Copying /data/tombstones/tombstone_06 to DropBox (SYSTEM_TOMBSTONE)
01-19 13:36:16.633 13215 13215 I chatty  : uid=1021(gps) /system/bin/lhd expire 4 lines
01-19 13:36:16.804  8974  9234 W NativeCrashListener: Couldn't find ProcessRecord for pid 13215
01-19 13:36:16.807  8974  9088 I BootReceiver: Copying /data/tombstones/tombstone_07 to DropBox (SYSTEM_TOMBSTONE)
01-19 13:36:20.813 13228 13228 I chatty  : uid=1021(gps) /system/bin/lhd expire 4 lines
01-19 13:36:20.968  8974  9234 W NativeCrashListener: Couldn't find ProcessRecord for pid 13228
01-19 13:36:20.971  8974  9088 I BootReceiver: Copying /data/tombstones/tombstone_08 to DropBox (SYSTEM_TOMBSTONE)
01-19 13:36:26.023 13234 13234 I chatty  : uid=1021(gps) /system/bin/lhd expire 4 lines
01-19 13:36:26.194  8974  9234 W NativeCrashListener: Couldn't find ProcessRecord for pid 13234
01-19 13:36:26.197  8974  9088 I BootReceiver: Copying /data/tombstones/tombstone_03 to DropBox (SYSTEM_TOMBSTONE)
01-19 13:36:31.243 13240 13240 I chatty  : uid=1021(gps) /system/bin/lhd expire 4 lines
01-19 13:36:31.409  8974  9234 W NativeCrashListener: Couldn't find ProcessRecord for pid 13240
01-19 13:36:31.412  8974  9088 I BootReceiver: Copying /data/tombstones/tombstone_09 to DropBox (SYSTEM_TOMBSTONE)
01-19 13:36:36.463 13246 13246 I chatty  : uid=1021(gps) /system/bin/lhd expire 4 lines
01-19 13:36:36.632  8974  9234 W NativeCrashListener: Couldn't find ProcessRecord for pid 13246
01-19 13:36:36.636  8974  9088 I BootReceiver: Copying /data/tombstones/tombstone_04 to DropBox (SYSTEM_TOMBSTONE)
01-19 13:36:41.683 13253 13253 I chatty  : uid=1021(gps) /system/bin/lhd expire 4 lines
01-19 13:36:41.838  8974  9234 W NativeCrashListener: Couldn't find ProcessRecord for pid 13253
01-19 13:36:41.840  8974  9088 I BootReceiver: Copying /data/tombstones/tombstone_05 to DropBox (SYSTEM_TOMBSTONE)
01-19 13:36:45.893 13260 13260 I chatty  : uid=1021(gps) /system/bin/lhd expire 4 lines
01-19 13:36:46.049  8974  9234 W NativeCrashListener: Couldn't find ProcessRecord for pid 13260
01-19 13:36:46.052  8974  9088 I BootReceiver: Copying /data/tombstones/tombstone_02 to DropBox (SYSTEM_TOMBSTONE)
01-19 13:36:51.103 13266 13266 I chatty  : uid=1021(gps) /system/bin/lhd expire 4 lines
01-19 13:36:51.274  8974  9234 W NativeCrashListener: Couldn't find ProcessRecord for pid 13266
01-19 13:36:51.277  8974  9088 I BootReceiver: Copying /data/tombstones/tombstone_00 to DropBox (SYSTEM_TOMBSTONE)
01-19 13:36:56.323 13272 13272 I chatty  : uid=1021(gps) /system/bin/lhd expire 4 lines
01-19 13:36:56.483  8974  9234 W NativeCrashListener: Couldn't find ProcessRecord for pid 13272
01-19 13:36:56.486  8974  9088 I BootReceiver: Copying /data/tombstones/tombstone_01 to DropBox (SYSTEM_TOMBSTONE)
01-19 13:37:01.533 13278 13278 I chatty  : uid=1021(gps) /system/bin/lhd expire 4 lines
01-19 13:37:01.700  8974  9234 W NativeCrashListener: Couldn't find ProcessRecord for pid 13278
01-19 13:37:01.704  8974  9088 I BootReceiver: Copying /data/tombstones/tombstone_06 to DropBox (SYSTEM_TOMBSTONE)
01-19 13:37:06.753 13284 13284 I chatty  : uid=1021(gps) /system/bin/lhd expire 4 lines
01-19 13:37:06.914  8974  9234 W NativeCrashListener: Couldn't find ProcessRecord for pid 13284
01-19 13:37:06.917  8974  9088 I BootReceiver: Copying /data/tombstones/tombstone_07 to DropBox (SYSTEM_TOMBSTONE)
01-19 13:37:10.963 13290 13290 I chatty  : uid=1021(gps) /system/bin/lhd expire 4 lines
01-19 13:37:11.123  8974  9234 W NativeCrashListener: Couldn't find ProcessRecord for pid 13290
01-19 13:37:11.126  8974  9088 I BootReceiver: Copying /data/tombstones/tombstone_08 to DropBox (SYSTEM_TOMBSTONE)
01-19 13:37:16.173 13298 13298 I chatty  : uid=1021(gps) /system/bin/lhd expire 4 lines
01-19 13:37:16.341  8974  9234 W NativeCrashListener: Couldn't find ProcessRecord for pid 13298
01-19 13:37:16.344  8974  9088 I BootReceiver: Copying /data/tombstones/tombstone_03 to DropBox (SYSTEM_TOMBSTONE)
01-19 13:37:21.393 13304 13304 I chatty  : uid=1021(gps) /system/bin/lhd expire 4 lines
01-19 13:37:21.552  8974  9234 W NativeCrashListener: Couldn't find ProcessRecord for pid 13304
01-19 13:37:21.555  8974  9088 I BootReceiver: Copying /data/tombstones/tombstone_09 to DropBox (SYSTEM_TOMBSTONE)
01-19 13:37:26.603 13310 13310 I chatty  : uid=1021(gps) /system/bin/lhd expire 4 lines
01-19 13:37:26.769  8974  9234 W NativeCrashListener: Couldn't find ProcessRecord for pid 13310
01-19 13:37:26.772  8974  9088 I BootReceiver: Copying /data/tombstones/tombstone_04 to DropBox (SYSTEM_TOMBSTONE)
01-19 13:37:30.823 13316 13316 I chatty  : uid=1021(gps) /system/bin/lhd expire 4 lines
01-19 13:37:30.977  8974  9234 W NativeCrashListener: Couldn't find ProcessRecord for pid 13316
01-19 13:37:30.980  8974  9088 I BootReceiver: Copying /data/tombstones/tombstone_05 to DropBox (SYSTEM_TOMBSTONE)
01-19 13:37:36.033 13322 13322 I chatty  : uid=1021(gps) /system/bin/lhd expire 4 lines
01-19 13:37:36.186  8974  9234 W NativeCrashListener: Couldn't find ProcessRecord for pid 13322
01-19 13:37:36.189  8974  9088 I BootReceiver: Copying /data/tombstones/tombstone_02 to DropBox (SYSTEM_TOMBSTONE)
01-19 13:37:41.243 13328 13328 I chatty  : uid=1021(gps) /system/bin/lhd expire 4 lines
01-19 13:37:41.394  8974  9234 W NativeCrashListener: Couldn't find ProcessRecord for pid 13328
01-19 13:37:41.399  8974  9088 I BootReceiver: Copying /data/tombstones/tombstone_00 to DropBox (SYSTEM_TOMBSTONE)
01-19 13:37:46.453 13335 13335 I chatty  : uid=1021(gps) /system/bin/lhd expire 4 lines
01-19 13:37:46.609  8974  9234 W NativeCrashListener: Couldn't find ProcessRecord for pid 13335
01-19 13:37:46.612  8974  9088 I BootReceiver: Copying /data/tombstones/tombstone_01 to DropBox (SYSTEM_TOMBSTONE)
01-19 13:37:51.663 13341 13341 I chatty  : uid=1021(gps) /system/bin/lhd expire 4 lines
01-19 13:37:51.830  8974  9234 W NativeCrashListener: Couldn't find ProcessRecord for pid 13341
01-19 13:37:51.833  8974  9088 I BootReceiver: Copying /data/tombstones/tombstone_06 to DropBox (SYSTEM_TOMBSTONE)
01-19 13:37:55.883 13347 13347 I chatty  : uid=1021(gps) /system/bin/lhd expire 4 lines
01-19 13:37:56.048  8974  9234 W NativeCrashListener: Couldn't find ProcessRecord for pid 13347
01-19 13:37:56.051  8974  9088 I BootReceiver: Copying /data/tombstones/tombstone_07 to DropBox (SYSTEM_TOMBSTONE)
01-19 13:38:01.103 13353 13353 I chatty  : uid=1021(gps) /system/bin/lhd expire 4 lines
01-19 13:38:01.273  8974  9234 W NativeCrashListener: Couldn't find ProcessRecord for pid 13353
01-19 13:38:01.276  8974  9088 I BootReceiver: Copying /data/tombstones/tombstone_08 to DropBox (SYSTEM_TOMBSTONE)
01-19 13:38:06.323 13359 13359 I chatty  : uid=1021(gps) /system/bin/lhd expire 4 lines
01-19 13:38:06.495  8974  9234 W NativeCrashListener: Couldn't find ProcessRecord for pid 13359
01-19 13:38:06.498  8974  9088 I BootReceiver: Copying /data/tombstones/tombstone_03 to DropBox (SYSTEM_TOMBSTONE)
01-19 13:38:11.553 13365 13365 I chatty  : uid=1021(gps) /system/bin/lhd expire 4 lines
01-19 13:38:11.709  8974  9234 W NativeCrashListener: Couldn't find ProcessRecord for pid 13365
01-19 13:38:11.713  8974  9088 I BootReceiver: Copying /data/tombstones/tombstone_09 to DropBox (SYSTEM_TOMBSTONE)
01-19 13:38:16.763 13373 13373 I chatty  : uid=1021(gps) /system/bin/lhd expire 4 lines
01-19 13:38:16.933  8974  9234 W NativeCrashListener: Couldn't find ProcessRecord for pid 13373
01-19 13:38:16.937  8974  9088 I BootReceiver: Copying /data/tombstones/tombstone_04 to DropBox (SYSTEM_TOMBSTONE)
01-19 13:38:20.983 13379 13379 I chatty  : uid=1021(gps) /system/bin/lhd expire 4 lines
01-19 13:38:21.139  8974  9234 W NativeCrashListener: Couldn't find ProcessRecord for pid 13379
01-19 13:38:21.142  8974  9088 I BootReceiver: Copying /data/tombstones/tombstone_05 to DropBox (SYSTEM_TOMBSTONE)
01-19 13:38:26.193 13385 13385 I chatty  : uid=1021(gps) /system/bin/lhd expire 4 lines
01-19 13:38:26.364  8974  9234 W NativeCrashListener: Couldn't find ProcessRecord for pid 13385
01-19 13:38:26.367  8974  9088 I BootReceiver: Copying /data/tombstones/tombstone_02 to DropBox (SYSTEM_TOMBSTONE)
